**********************************************************************
** Visual Studio 2026 Developer PowerShell v18.10.0
** Copyright (c) 2026 Microsoft Corporation
**********************************************************************
-- Could NOT find PkgConfig (missing: PKG_CONFIG_EXECUTABLE) 
-- Could NOT find LibUSB (missing: LibUSB_LIBRARY LibUSB_INCLUDE_PATH) (found version "LibUSB_VERSION-NOTFOUND")
-- 
-- SDL3 was configured with the following options:
-- 
-- Platform: Windows-10.0.26200
-- 64-bit:   TRUE
-- Compiler: C:/Program Files/Microsoft Visual Studio/18/Community/VC/Tools/MSVC/14.51.36231/bin/Hostx64/x64/cl.exe
-- Revision: SDL3-3.2.20-d31bf37
-- Vendor:   
-- 
-- Subsystems:
--   Audio:    ON
--   Video:    ON
--   GPU:      ON
--   Render:   ON
--   Camera:   ON
--   Joystick: ON
--   Haptic:   ON
--   Hidapi:   ON
--   Power:    ON
--   Sensor:   ON
--   Dialog:   ON
-- 
-- Options:
--   SDL_ALSA                    (Wanted: OFF): OFF
--   SDL_ALSA_SHARED             (Wanted: OFF): OFF
--   SDL_ALTIVEC                 (Wanted: OFF): OFF
--   SDL_ARMNEON                 (Wanted: OFF): OFF
--   SDL_ASAN                    (Wanted: OFF): OFF
--   SDL_ASSEMBLY                (Wanted: ON): ON
--   SDL_ASSERTIONS              (Wanted: auto): auto
--   SDL_AVX                     (Wanted: ON): ON
--   SDL_AVX2                    (Wanted: ON): ON
--   SDL_AVX512F                 (Wanted: ON): ON
--   SDL_BACKGROUNDING_SIGNAL    (Wanted: OFF): OFF
--   SDL_CCACHE                  (Wanted: OFF): OFF
--   SDL_CLANG_TIDY              (Wanted: OFF): OFF
--   SDL_CLOCK_GETTIME           (Wanted: OFF): OFF
--   SDL_COCOA                   (Wanted: OFF): OFF
--   SDL_DBUS                    (Wanted: OFF): OFF
--   SDL_DEPS_SHARED             (Wanted: ON): OFF
--   SDL_DIRECTX                 (Wanted: ON): ON
--   SDL_DISKAUDIO               (Wanted: ON): ON
--   SDL_DUMMYAUDIO              (Wanted: ON): ON
--   SDL_DUMMYCAMERA             (Wanted: ON): ON
--   SDL_DUMMYVIDEO              (Wanted: ON): ON
--   SDL_EXAMPLES                (Wanted: OFF): OFF
--   SDL_EXAMPLES_LINK_SHARED    (Wanted: ON): OFF
--   SDL_FOREGROUNDING_SIGNAL    (Wanted: OFF): OFF
--   SDL_GCC_ATOMICS             (Wanted: OFF): OFF
--   SDL_GPU_DXVK                (Wanted: OFF): OFF
--   SDL_HIDAPI                  (Wanted: ON): ON
--   SDL_HIDAPI_JOYSTICK         (Wanted: ON): ON
--   SDL_HIDAPI_LIBUSB           (Wanted: ON): OFF
--   SDL_HIDAPI_LIBUSB_SHARED    (Wanted: ON): OFF
--   SDL_IBUS                    (Wanted: OFF): OFF
--   SDL_INSTALL                 (Wanted: OFF): OFF
--   SDL_INSTALL_TESTS           (Wanted: OFF): OFF
--   SDL_JACK                    (Wanted: OFF): OFF
--   SDL_JACK_SHARED             (Wanted: OFF): OFF
--   SDL_KMSDRM                  (Wanted: OFF): OFF
--   SDL_KMSDRM_SHARED           (Wanted: OFF): OFF
--   SDL_LASX                    (Wanted: OFF): OFF
--   SDL_LIBC                    (Wanted: ON): ON
--   SDL_LIBICONV                (Wanted: OFF): OFF
--   SDL_LIBUDEV                 (Wanted: ON): OFF
--   SDL_LIBURING                (Wanted: OFF): OFF
--   SDL_LSX                     (Wanted: OFF): OFF
--   SDL_METAL                   (Wanted: OFF): OFF
--   SDL_MMX                     (Wanted: ON): OFF
--   SDL_OFFSCREEN               (Wanted: ON): ON
--   SDL_OPENGL                  (Wanted: ON): ON
--   SDL_OPENGLES                (Wanted: ON): ON
--   SDL_OPENVR                  (Wanted: OFF): OFF
--   SDL_OSS                     (Wanted: OFF): OFF
--   SDL_PIPEWIRE                (Wanted: OFF): OFF
--   SDL_PIPEWIRE_SHARED         (Wanted: OFF): OFF
--   SDL_PTHREADS                (Wanted: OFF): OFF
--   SDL_PTHREADS_SEM            (Wanted: OFF): OFF
--   SDL_PULSEAUDIO              (Wanted: OFF): OFF
--   SDL_PULSEAUDIO_SHARED       (Wanted: OFF): OFF
--   SDL_RENDER_D3D              (Wanted: ON): ON
--   SDL_RENDER_D3D11            (Wanted: ON): ON
--   SDL_RENDER_D3D12            (Wanted: ON): ON
--   SDL_RENDER_GPU              (Wanted: ON): ON
--   SDL_RENDER_METAL            (Wanted: ON): OFF
--   SDL_RENDER_VULKAN           (Wanted: ON): ON
--   SDL_ROCKCHIP                (Wanted: OFF): OFF
--   SDL_RPATH                   (Wanted: OFF): OFF
--   SDL_RPI                     (Wanted: OFF): OFF
--   SDL_SNDIO                   (Wanted: OFF): OFF
--   SDL_SNDIO_SHARED            (Wanted: OFF): OFF
--   SDL_SSE                     (Wanted: ON): ON
--   SDL_SSE2                    (Wanted: ON): ON
--   SDL_SSE3                    (Wanted: ON): ON
--   SDL_SSE4_1                  (Wanted: ON): ON
--   SDL_SSE4_2                  (Wanted: ON): ON
--   SDL_SYSTEM_ICONV            (Wanted: OFF): OFF
--   SDL_TESTS                   (Wanted: OFF): OFF
--   SDL_TESTS_LINK_SHARED       (Wanted: ON): OFF
--   SDL_UNINSTALL               (Wanted: OFF): OFF
--   SDL_VIRTUAL_JOYSTICK        (Wanted: ON): ON
--   SDL_VIVANTE                 (Wanted: OFF): OFF
--   SDL_VULKAN                  (Wanted: ON): ON
--   SDL_WASAPI                  (Wanted: ON): ON
--   SDL_WAYLAND                 (Wanted: OFF): OFF
--   SDL_WAYLAND_LIBDECOR        (Wanted: OFF): OFF
--   SDL_WAYLAND_LIBDECOR_SHARED (Wanted: OFF): OFF
--   SDL_WAYLAND_SHARED          (Wanted: OFF): OFF
--   SDL_X11                     (Wanted: OFF): OFF
--   SDL_X11_SHARED              (Wanted: OFF): OFF
--   SDL_X11_XCURSOR             (Wanted: OFF): OFF
--   SDL_X11_XDBE                (Wanted: OFF): OFF
--   SDL_X11_XFIXES              (Wanted: OFF): OFF
--   SDL_X11_XINPUT              (Wanted: OFF): OFF
--   SDL_X11_XRANDR              (Wanted: OFF): OFF
--   SDL_X11_XSCRNSAVER          (Wanted: OFF): OFF
--   SDL_X11_XSHAPE              (Wanted: OFF): OFF
--   SDL_X11_XSYNC               (Wanted: OFF): OFF
--   SDL_XINPUT                  (Wanted: ON): ON
-- 
--  Build Shared Library: ON
--  Build Static Library: OFF
-- 
-- Configuring SDL3_ttf 3.2.2
-- SDL3_ttf: Using vendored freetype library
-- Could NOT find PkgConfig (missing: PKG_CONFIG_EXECUTABLE) 
-- SDL3_ttf backends:
-- - enabled:  freetype
-- - disabled: harfbuzz plutosvg
-- Configuring SDL3_image 3.2.4
-- SDL3_image backends:
-- - enabled:  stb bmp gif png
-- - disabled: imageio wic avif jpg jxl lbm pcx pnm qoi svg tga tif webp xcf xpm xv
-- Configuring done (0.4s)
-- Generating done (0.3s)
-- Build files have been written to: C:/Paladin/out/build/x64-Debug
[0/2] Re-checking globbed directories...
[1/457] Building C object _deps\sdl3-build\CMakeFiles\SDL3-shared.dir\cmake_pch.c.obj
[2/457] Building C object _deps\sdl3-build\CMakeFiles\SDL_uclibc.dir\src\libm\e_exp.c.obj
[3/457] Building C object _deps\sdl3-build\CMakeFiles\SDL_uclibc.dir\src\libm\e_atan2.c.obj
[4/457] Building C object _deps\sdl3-build\CMakeFiles\SDL_uclibc.dir\src\libm\e_fmod.c.obj
[5/457] Building C object _deps\sdl3-build\CMakeFiles\SDL_uclibc.dir\src\libm\e_log10.c.obj
[6/457] Building C object _deps\sdl3-build\CMakeFiles\SDL_uclibc.dir\src\libm\e_log.c.obj
[7/457] Building C object _deps\sdl3-build\CMakeFiles\SDL_uclibc.dir\src\libm\e_rem_pio2.c.obj
[8/457] Building C object _deps\sdl3-build\CMakeFiles\SDL_uclibc.dir\src\libm\e_pow.c.obj
[9/457] Building C object _deps\sdl3-build\CMakeFiles\SDL_uclibc.dir\src\libm\s_copysign.c.obj
[10/457] Building C object _deps\sdl3-build\CMakeFiles\SDL_uclibc.dir\src\libm\s_cos.c.obj
[11/457] Building C object _deps\sdl3-build\CMakeFiles\SDL_uclibc.dir\src\libm\e_sqrt.c.obj
[12/457] Building C object _deps\sdl3-build\CMakeFiles\SDL_uclibc.dir\src\libm\k_cos.c.obj
[13/457] Building C object _deps\sdl3-build\CMakeFiles\SDL_uclibc.dir\src\libm\k_tan.c.obj
[14/457] Building C object _deps\sdl3-build\CMakeFiles\SDL_uclibc.dir\src\libm\k_rem_pio2.c.obj
[15/457] Building C object _deps\sdl3-build\CMakeFiles\SDL_uclibc.dir\src\libm\k_sin.c.obj
[16/457] Building C object _deps\sdl3-build\CMakeFiles\SDL_uclibc.dir\src\libm\s_atan.c.obj
[17/457] Building C object _deps\sdl3-build\CMakeFiles\SDL_uclibc.dir\src\libm\s_fabs.c.obj
[18/457] Building C object _deps\sdl3-build\CMakeFiles\SDL_uclibc.dir\src\libm\s_floor.c.obj
[19/457] Building C object _deps\sdl3-build\CMakeFiles\SDL_uclibc.dir\src\libm\s_isinf.c.obj
[20/457] Building C object _deps\sdl3-build\CMakeFiles\SDL_uclibc.dir\src\libm\s_modf.c.obj
[21/457] Building C object _deps\sdl3-build\CMakeFiles\SDL_uclibc.dir\src\libm\s_isnanf.c.obj
[22/457] Building C object _deps\sdl3-build\CMakeFiles\SDL_uclibc.dir\src\libm\s_isnan.c.obj
[23/457] Building C object _deps\sdl3-build\CMakeFiles\SDL_uclibc.dir\src\libm\s_scalbn.c.obj
[24/457] Building C object _deps\sdl3-build\CMakeFiles\SDL_uclibc.dir\src\libm\s_isinff.c.obj
[25/457] Building C object _deps\sdl3-build\CMakeFiles\SDL_uclibc.dir\src\libm\s_tan.c.obj
[26/457] Building C object _deps\sdl3-build\CMakeFiles\SDL_uclibc.dir\src\libm\s_sin.c.obj
[27/457] Building C object _deps\sdl3-build\CMakeFiles\SDL3-shared.dir\src\SDL.c.obj
[28/457] Building C object _deps\sdl3-build\CMakeFiles\SDL3-shared.dir\src\SDL_hints.c.obj
[29/457] Building C object _deps\sdl3-build\CMakeFiles\SDL3-shared.dir\src\SDL_list.c.obj
[30/457] Building C object _deps\sdl3-build\CMakeFiles\SDL3-shared.dir\src\SDL_error.c.obj
[31/457] Building C object _deps\sdl3-build\CMakeFiles\SDL3-shared.dir\src\SDL_guid.c.obj
[32/457] Building C object _deps\sdl3-build\CMakeFiles\SDL3-shared.dir\src\SDL_hashtable.c.obj
[33/457] Building C object _deps\sdl3-build\CMakeFiles\SDL3-shared.dir\src\SDL_assert.c.obj
[34/457] Building C object _deps\sdl3-build\CMakeFiles\SDL3-shared.dir\src\SDL_properties.c.obj
[35/457] Building C object _deps\sdl3-build\CMakeFiles\SDL3-shared.dir\src\SDL_log.c.obj
[36/457] Building C object _deps\sdl3-build\CMakeFiles\SDL3-shared.dir\src\SDL_utils.c.obj
[37/457] Building C object _deps\sdl3-build\CMakeFiles\SDL3-shared.dir\src\atomic\SDL_atomic.c.obj
[38/457] Building C object _deps\sdl3-build\CMakeFiles\SDL3-shared.dir\src\audio\SDL_audiodev.c.obj
[39/457] Building C object _deps\sdl3-build\CMakeFiles\SDL3-shared.dir\src\atomic\SDL_spinlock.c.obj
[40/457] Building C object _deps\sdl3-build\CMakeFiles\SDL3-shared.dir\src\audio\SDL_audioqueue.c.obj
[41/457] Building C object _deps\sdl3-build\CMakeFiles\SDL3-shared.dir\src\audio\SDL_audioresample.c.obj
[42/457] Building C object _deps\sdl3-build\CMakeFiles\SDL3-shared.dir\src\audio\SDL_audiocvt.c.obj
[43/457] Building C object _deps\sdl3-build\CMakeFiles\SDL3-shared.dir\src\audio\SDL_audio.c.obj
[44/457] Building C object _deps\sdl3-build\CMakeFiles\SDL3-shared.dir\src\audio\SDL_mixer.c.obj
[45/457] Building C object _deps\sdl3-build\CMakeFiles\SDL3-shared.dir\src\audio\SDL_audiotypecvt.c.obj
[46/457] Building C object _deps\sdl3-build\CMakeFiles\SDL3-shared.dir\src\core\SDL_core_unsupported.c.obj
[47/457] Building C object _deps\sdl3-build\CMakeFiles\SDL3-shared.dir\src\audio\SDL_wave.c.obj
[48/457] Building C object _deps\sdl3-build\CMakeFiles\SDL3-shared.dir\src\events\SDL_categories.c.obj
[49/457] Building C object _deps\sdl3-build\CMakeFiles\SDL3-shared.dir\src\cpuinfo\SDL_cpuinfo.c.obj
[50/457] Building C object _deps\sdl3-build\CMakeFiles\SDL3-shared.dir\src\camera\SDL_camera.c.obj
[51/457] Building C object _deps\sdl3-build\CMakeFiles\SDL3-shared.dir\src\dynapi\SDL_dynapi.c.obj
[52/457] Building C object _deps\sdl3-build\CMakeFiles\SDL3-shared.dir\src\events\SDL_clipboardevents.c.obj
[53/457] Building C object _deps\sdl3-build\CMakeFiles\SDL3-shared.dir\src\events\SDL_displayevents.c.obj
[54/457] Building C object _deps\sdl3-build\CMakeFiles\SDL3-shared.dir\src\events\SDL_dropevents.c.obj
[55/457] Building C object _deps\sdl3-build\CMakeFiles\SDL3-shared.dir\src\events\SDL_eventwatch.c.obj
[56/457] Building C object _deps\sdl3-build\CMakeFiles\SDL3-shared.dir\src\events\SDL_keymap.c.obj
[57/457] Building C object _deps\sdl3-build\CMakeFiles\SDL3-shared.dir\src\events\SDL_events.c.obj
[58/457] Building C object _deps\sdl3-build\CMakeFiles\SDL3-shared.dir\src\events\SDL_keyboard.c.obj
[59/457] Building C object _deps\sdl3-build\CMakeFiles\SDL3-shared.dir\src\events\SDL_keysym_to_keycode.c.obj
[60/457] Building C object _deps\sdl3-build\CMakeFiles\SDL3-shared.dir\src\events\SDL_scancode_tables.c.obj
[61/457] Building C object _deps\sdl3-build\CMakeFiles\SDL3-shared.dir\src\events\SDL_windowevents.c.obj
[62/457] Building C object _deps\sdl3-build\CMakeFiles\SDL3-shared.dir\src\events\SDL_pen.c.obj
[63/457] Building C object _deps\sdl3-build\CMakeFiles\SDL3-shared.dir\src\events\SDL_touch.c.obj
[64/457] Building C object _deps\sdl3-build\CMakeFiles\SDL3-shared.dir\src\events\SDL_quit.c.obj
[65/457] Building C object _deps\sdl3-build\CMakeFiles\SDL3-shared.dir\src\events\imKStoUCS.c.obj
[66/457] Building C object _deps\sdl3-build\CMakeFiles\SDL3-shared.dir\src\events\SDL_keysym_to_scancode.c.obj
[67/457] Building C object _deps\sdl3-build\CMakeFiles\SDL3-shared.dir\src\events\SDL_mouse.c.obj
[68/457] Building C object _deps\sdl3-build\CMakeFiles\SDL3-shared.dir\src\filesystem\SDL_filesystem.c.obj
[69/457] Building C object _deps\sdl3-build\CMakeFiles\SDL3-shared.dir\src\gpu\SDL_gpu.c.obj
[70/457] Building C object _deps\sdl3-build\CMakeFiles\SDL3-shared.dir\src\io\SDL_asyncio.c.obj
[71/457] Building C object _deps\sdl3-build\CMakeFiles\SDL3-shared.dir\src\haptic\SDL_haptic.c.obj
[72/457] Building C object _deps\sdl3-build\CMakeFiles\SDL3-shared.dir\src\io\generic\SDL_asyncio_generic.c.obj
[73/457] Building C object _deps\sdl3-build\CMakeFiles\SDL3-shared.dir\src\joystick\SDL_gamepad.c.obj
[74/457] Building C object _deps\sdl3-build\CMakeFiles\SDL3-shared.dir\src\io\SDL_iostream.c.obj
[75/457] Building C object _deps\sdl3-build\CMakeFiles\SDL3-shared.dir\src\hidapi\SDL_hidapi.c.obj
[76/457] Building C object _deps\sdl3-build\CMakeFiles\SDL3-shared.dir\src\joystick\SDL_joystick.c.obj
[77/457] Building C object _deps\sdl3-build\CMakeFiles\SDL3-shared.dir\src\joystick\SDL_steam_virtual_gamepad.c.obj
[78/457] Building C object _deps\sdl3-build\CMakeFiles\SDL3-shared.dir\src\locale\SDL_locale.c.obj
[79/457] Building C object _deps\sdl3-build\CMakeFiles\SDL3-shared.dir\src\joystick\controller_type.c.obj
[80/457] Building C object _deps\sdl3-build\CMakeFiles\SDL3-shared.dir\src\main\SDL_runapp.c.obj
[81/457] Building C object _deps\sdl3-build\CMakeFiles\SDL3-shared.dir\src\misc\SDL_url.c.obj
[82/457] Building C object _deps\sdl3-build\CMakeFiles\SDL3-shared.dir\src\main\SDL_main_callbacks.c.obj
[83/457] Building C object _deps\sdl3-build\CMakeFiles\SDL3-shared.dir\src\power\SDL_power.c.obj
[84/457] Building C object _deps\sdl3-build\CMakeFiles\SDL3-shared.dir\src\render\SDL_d3dmath.c.obj
[85/457] Building C object _deps\sdl3-build\CMakeFiles\SDL3-shared.dir\src\render\SDL_render.c.obj
[86/457] Building C object _deps\sdl3-build\CMakeFiles\SDL3-shared.dir\src\render\SDL_render_unsupported.c.obj
[87/457] Building C object _deps\sdl3-build\CMakeFiles\SDL3-shared.dir\src\render\SDL_yuv_sw.c.obj
[88/457] Building C object _deps\sdl3-build\CMakeFiles\SDL3-shared.dir\src\render\direct3d\SDL_shaders_d3d.c.obj
[89/457] Building C object _deps\sdl3-build\CMakeFiles\SDL3-shared.dir\src\render\direct3d\SDL_render_d3d.c.obj
[90/457] Building C object _deps\sdl3-build\CMakeFiles\SDL3-shared.dir\src\render\direct3d11\SDL_render_d3d11.c.obj
[91/457] Building C object _deps\sdl3-build\CMakeFiles\SDL3-shared.dir\src\render\direct3d11\SDL_shaders_d3d11.c.obj
[92/457] Building C object _deps\sdl3-build\CMakeFiles\SDL3-shared.dir\src\render\direct3d12\SDL_render_d3d12.c.obj
[93/457] Building C object _deps\sdl3-build\CMakeFiles\SDL3-shared.dir\src\render\gpu\SDL_pipeline_gpu.c.obj
[94/457] Building C object _deps\sdl3-build\CMakeFiles\SDL3-shared.dir\src\render\gpu\SDL_render_gpu.c.obj
[95/457] Building C object _deps\sdl3-build\CMakeFiles\SDL3-shared.dir\src\render\direct3d12\SDL_shaders_d3d12.c.obj
[96/457] Building C object _deps\sdl3-build\CMakeFiles\SDL3-shared.dir\src\render\gpu\SDL_shaders_gpu.c.obj
[97/457] Building C object _deps\sdl3-build\CMakeFiles\SDL3-shared.dir\src\render\opengles2\SDL_render_gles2.c.obj
[98/457] Building C object _deps\sdl3-build\CMakeFiles\SDL3-shared.dir\src\render\opengl\SDL_shaders_gl.c.obj
[99/457] Building C object _deps\sdl3-build\CMakeFiles\SDL3-shared.dir\src\render\opengl\SDL_render_gl.c.obj
[100/457] Building C object _deps\sdl3-build\CMakeFiles\SDL3-shared.dir\src\render\opengles2\SDL_shaders_gles2.c.obj
[101/457] Building C object _deps\sdl3-build\CMakeFiles\SDL3-shared.dir\src\render\ps2\SDL_render_ps2.c.obj
[102/457] Building C object _deps\sdl3-build\CMakeFiles\SDL3-shared.dir\src\render\psp\SDL_render_psp.c.obj
[103/457] Building C object _deps\sdl3-build\CMakeFiles\SDL3-shared.dir\src\render\software\SDL_blendfillrect.c.obj
[104/457] Building C object _deps\sdl3-build\CMakeFiles\SDL3-shared.dir\src\render\software\SDL_blendline.c.obj
[105/457] Building C object _deps\sdl3-build\CMakeFiles\SDL3-shared.dir\src\render\software\SDL_blendpoint.c.obj
[106/457] Building C object _deps\sdl3-build\CMakeFiles\SDL3-shared.dir\src\render\software\SDL_drawline.c.obj
[107/457] Building C object _deps\sdl3-build\CMakeFiles\SDL3-shared.dir\src\render\software\SDL_drawpoint.c.obj
[108/457] Building C object _deps\sdl3-build\CMakeFiles\SDL3-shared.dir\src\render\software\SDL_render_sw.c.obj
[109/457] Building C object _deps\sdl3-build\CMakeFiles\SDL3-shared.dir\src\render\software\SDL_triangle.c.obj
[110/457] Building C object _deps\sdl3-build\CMakeFiles\SDL3-shared.dir\src\render\software\SDL_rotate.c.obj
[111/457] Building C object _deps\sdl3-build\CMakeFiles\SDL3-shared.dir\src\render\vitagxm\SDL_render_vita_gxm.c.obj
[112/457] Building C object _deps\sdl3-build\CMakeFiles\SDL3-shared.dir\src\render\vitagxm\SDL_render_vita_gxm_tools.c.obj
[113/457] Building C object _deps\sdl3-build\CMakeFiles\SDL3-shared.dir\src\render\vitagxm\SDL_render_vita_gxm_memory.c.obj
[114/457] Building C object _deps\sdl3-build\CMakeFiles\SDL3-shared.dir\src\render\vulkan\SDL_shaders_vulkan.c.obj
[115/457] Building C object _deps\sdl3-build\CMakeFiles\SDL3-shared.dir\src\render\vulkan\SDL_render_vulkan.c.obj
[116/457] Building C object _deps\sdl3-build\CMakeFiles\SDL3-shared.dir\src\sensor\SDL_sensor.c.obj
[117/457] Building C object _deps\sdl3-build\CMakeFiles\SDL3-shared.dir\src\stdlib\SDL_crc16.c.obj
[118/457] Building C object _deps\sdl3-build\CMakeFiles\SDL3-shared.dir\src\stdlib\SDL_crc32.c.obj
[119/457] Building C object _deps\sdl3-build\CMakeFiles\SDL3-shared.dir\src\stdlib\SDL_mslibc.c.obj
[120/457] Building C object _deps\sdl3-build\CMakeFiles\SDL3-shared.dir\src\stdlib\SDL_memset.c.obj
[121/457] Building C object _deps\sdl3-build\CMakeFiles\SDL3-shared.dir\src\stdlib\SDL_iconv.c.obj
[122/457] Building C object _deps\sdl3-build\CMakeFiles\SDL3-shared.dir\src\stdlib\SDL_getenv.c.obj
[123/457] Building C object _deps\sdl3-build\CMakeFiles\SDL3-shared.dir\src\stdlib\SDL_murmur3.c.obj
[124/457] Building C object _deps\sdl3-build\CMakeFiles\SDL3-shared.dir\src\stdlib\SDL_malloc.c.obj
[125/457] Building C object _deps\sdl3-build\CMakeFiles\SDL3-shared.dir\src\stdlib\SDL_memcpy.c.obj
[126/457] Building C object _deps\sdl3-build\CMakeFiles\SDL3-shared.dir\src\stdlib\SDL_memmove.c.obj
[127/457] Building C object _deps\sdl3-build\CMakeFiles\SDL3-shared.dir\src\stdlib\SDL_qsort.c.obj
[128/457] Building C object _deps\sdl3-build\CMakeFiles\SDL3-shared.dir\src\stdlib\SDL_random.c.obj
[129/457] Building C object _deps\sdl3-build\CMakeFiles\SDL3-shared.dir\src\stdlib\SDL_strtokr.c.obj
[130/457] Building C object _deps\sdl3-build\CMakeFiles\SDL3-shared.dir\src\stdlib\SDL_stdlib.c.obj
[131/457] Building C object _deps\sdl3-build\CMakeFiles\SDL3-shared.dir\src\stdlib\SDL_string.c.obj
[132/457] Building C object _deps\sdl3-build\CMakeFiles\SDL3-shared.dir\src\storage\SDL_storage.c.obj
[133/457] Building C object _deps\sdl3-build\CMakeFiles\SDL3-shared.dir\src\video\SDL_blit.c.obj
[134/457] Building C object _deps\sdl3-build\CMakeFiles\SDL3-shared.dir\src\time\SDL_time.c.obj
[135/457] Building C object _deps\sdl3-build\CMakeFiles\SDL3-shared.dir\src\video\SDL_blit_1.c.obj
[136/457] Building C object _deps\sdl3-build\CMakeFiles\SDL3-shared.dir\src\video\SDL_RLEaccel.c.obj
[137/457] Building C object _deps\sdl3-build\CMakeFiles\SDL3-shared.dir\src\video\SDL_blit_0.c.obj
[138/457] Building C object _deps\sdl3-build\CMakeFiles\SDL3-shared.dir\src\timer\SDL_timer.c.obj
[139/457] Building C object _deps\sdl3-build\CMakeFiles\SDL3-shared.dir\src\thread\SDL_thread.c.obj
[140/457] Building C object _deps\sdl3-build\CMakeFiles\SDL3-shared.dir\src\video\SDL_blit_A.c.obj
[141/457] Building C object _deps\sdl3-build\CMakeFiles\SDL3-shared.dir\src\video\SDL_blit_N.c.obj
[142/457] Building C object _deps\sdl3-build\CMakeFiles\SDL3-shared.dir\src\video\SDL_blit_copy.c.obj
[143/457] Building C object _deps\sdl3-build\CMakeFiles\SDL3-shared.dir\src\video\SDL_blit_auto.c.obj
[144/457] Building C object _deps\sdl3-build\CMakeFiles\SDL3-shared.dir\src\video\SDL_fillrect.c.obj
[145/457] Building C object _deps\sdl3-build\CMakeFiles\SDL3-shared.dir\src\video\SDL_bmp.c.obj
[146/457] Building C object _deps\sdl3-build\CMakeFiles\SDL3-shared.dir\src\video\SDL_blit_slow.c.obj
[147/457] Building C object _deps\sdl3-build\CMakeFiles\SDL3-shared.dir\src\video\SDL_clipboard.c.obj
[148/457] Building C object _deps\sdl3-build\CMakeFiles\SDL3-shared.dir\src\video\SDL_rect.c.obj
[149/457] Building C object _deps\sdl3-build\CMakeFiles\SDL3-shared.dir\src\video\SDL_pixels.c.obj
[150/457] Building C object _deps\sdl3-build\CMakeFiles\SDL3-shared.dir\src\video\SDL_egl.c.obj
[151/457] Building C object _deps\sdl3-build\CMakeFiles\SDL3-shared.dir\src\video\SDL_stb.c.obj
[152/457] Building C object _deps\sdl3-build\CMakeFiles\SDL3-shared.dir\src\video\SDL_stretch.c.obj
[153/457] Building C object _deps\sdl3-build\CMakeFiles\SDL3-shared.dir\src\video\SDL_surface.c.obj
[154/457] Building C object _deps\sdl3-build\CMakeFiles\SDL3-shared.dir\src\video\SDL_video_unsupported.c.obj
[155/457] Building C object _deps\sdl3-build\CMakeFiles\SDL3-shared.dir\src\video\SDL_video.c.obj
[156/457] Building C object _deps\sdl3-build\CMakeFiles\SDL3-shared.dir\src\video\yuv2rgb\yuv_rgb_lsx.c.obj
[157/457] Building C object _deps\sdl3-build\CMakeFiles\SDL3-shared.dir\src\video\SDL_yuv.c.obj
[158/457] Building C object _deps\sdl3-build\CMakeFiles\SDL3-shared.dir\src\video\yuv2rgb\yuv_rgb_sse.c.obj
[159/457] Building C object _deps\sdl3-build\CMakeFiles\SDL3-shared.dir\src\video\SDL_vulkan_utils.c.obj
[160/457] Building C object _deps\sdl3-build\CMakeFiles\SDL3-shared.dir\src\camera\dummy\SDL_camera_dummy.c.obj
[161/457] Building C object _deps\sdl3-build\CMakeFiles\SDL3-shared.dir\src\joystick\virtual\SDL_virtualjoystick.c.obj
[162/457] Building C object _deps\sdl3-build\CMakeFiles\SDL3-shared.dir\src\video\dummy\SDL_nullevents.c.obj
[163/457] Building C object _deps\sdl3-build\CMakeFiles\SDL3-shared.dir\src\video\dummy\SDL_nullframebuffer.c.obj
[164/457] Building C object _deps\sdl3-build\CMakeFiles\SDL3-shared.dir\src\video\dummy\SDL_nullvideo.c.obj
[165/457] Building C object _deps\sdl3-build\CMakeFiles\SDL3-shared.dir\src\audio\dummy\SDL_dummyaudio.c.obj
[166/457] Building C object _deps\sdl3-build\CMakeFiles\SDL3-shared.dir\src\video\yuv2rgb\yuv_rgb_std.c.obj
[167/457] Building C object _deps\sdl3-build\CMakeFiles\SDL3-shared.dir\src\audio\disk\SDL_diskaudio.c.obj
[168/457] Building C object _deps\sdl3-build\CMakeFiles\SDL3-shared.dir\src\core\windows\SDL_gameinput.c.obj
[169/457] Building C object _deps\sdl3-build\CMakeFiles\SDL3-shared.dir\src\core\windows\SDL_hid.c.obj
[170/457] Building C object _deps\sdl3-build\CMakeFiles\SDL3-shared.dir\src\core\windows\SDL_immdevice.c.obj
[171/457] Building C object _deps\sdl3-build\CMakeFiles\SDL3-shared.dir\src\core\windows\SDL_windows.c.obj
[172/457] Building C object _deps\sdl3-build\CMakeFiles\SDL3-shared.dir\src\core\windows\pch.c.obj
[173/457] Building C object _deps\sdl3-build\CMakeFiles\SDL3-shared.dir\src\io\windows\SDL_asyncio_windows_ioring.c.obj
[174/457] Building C object _deps\sdl3-build\CMakeFiles\SDL3-shared.dir\src\main\windows\SDL_sysmain_runapp.c.obj
[175/457] Building C object _deps\sdl3-build\CMakeFiles\SDL3-shared.dir\src\core\windows\SDL_xinput.c.obj
[176/457] Building C object _deps\sdl3-build\CMakeFiles\SDL3-shared.dir\src\misc\windows\SDL_sysurl.c.obj
[177/457] Building C object _deps\sdl3-build\CMakeFiles\SDL3-shared.dir\src\video\windows\SDL_surface_utils.c.obj
[178/457] Building C object _deps\sdl3-build\CMakeFiles\SDL3-shared.dir\src\audio\wasapi\SDL_wasapi.c.obj
[179/457] Building C object _deps\sdl3-build\CMakeFiles\SDL3-shared.dir\src\audio\directsound\SDL_directsound.c.obj
[180/457] Building C object _deps\sdl3-build\CMakeFiles\SDL3-shared.dir\src\video\windows\SDL_windowsclipboard.c.obj
[181/457] Building C object _deps\sdl3-build\CMakeFiles\SDL3-shared.dir\src\video\windows\SDL_windowsevents.c.obj
[182/457] Building C object _deps\sdl3-build\CMakeFiles\SDL3-shared.dir\src\video\windows\SDL_windowsframebuffer.c.obj
[183/457] Building C object _deps\sdl3-build\CMakeFiles\SDL3-shared.dir\src\video\windows\SDL_windowsgameinput.c.obj
[184/457] Building C object _deps\sdl3-build\CMakeFiles\SDL3-shared.dir\src\video\windows\SDL_windowsopengles.c.obj
[185/457] Building C object _deps\sdl3-build\CMakeFiles\SDL3-shared.dir\src\video\windows\SDL_windowskeyboard.c.obj
[186/457] Building C object _deps\sdl3-build\CMakeFiles\SDL3-shared.dir\src\video\windows\SDL_windowsrawinput.c.obj
[187/457] Building C object _deps\sdl3-build\CMakeFiles\SDL3-shared.dir\src\video\windows\SDL_windowsmodes.c.obj
[188/457] Building C object _deps\sdl3-build\CMakeFiles\SDL3-shared.dir\src\video\windows\SDL_windowsmessagebox.c.obj
[189/457] Building C object _deps\sdl3-build\CMakeFiles\SDL3-shared.dir\src\video\windows\SDL_windowsshape.c.obj
[190/457] Building C object _deps\sdl3-build\CMakeFiles\SDL3-shared.dir\src\video\windows\SDL_windowsmouse.c.obj
[191/457] Building C object _deps\sdl3-build\CMakeFiles\SDL3-shared.dir\src\video\windows\SDL_windowsopengl.c.obj
[192/457] Building C object _deps\sdl3-build\CMakeFiles\SDL3-shared.dir\src\video\windows\SDL_windowsvulkan.c.obj
[193/457] Building C object _deps\sdl3-build\CMakeFiles\SDL3-shared.dir\src\video\windows\SDL_windowsvideo.c.obj
[194/457] Building C object _deps\sdl3-build\CMakeFiles\SDL3-shared.dir\src\thread\generic\SDL_syscond.c.obj
[195/457] Building C object _deps\sdl3-build\CMakeFiles\SDL3-shared.dir\src\thread\generic\SDL_sysrwlock.c.obj
[196/457] Building C object _deps\sdl3-build\CMakeFiles\SDL3-shared.dir\src\video\windows\SDL_windowswindow.c.obj
[197/457] Building C object _deps\sdl3-build\CMakeFiles\SDL3-shared.dir\src\thread\windows\SDL_sysrwlock_srw.c.obj
[198/457] Building C object _deps\sdl3-build\CMakeFiles\SDL3-shared.dir\src\thread\windows\SDL_sysmutex.c.obj
[199/457] Building C object _deps\sdl3-build\CMakeFiles\SDL3-shared.dir\src\thread\windows\SDL_syscond_cv.c.obj
[200/457] Building C object _deps\sdl3-build\CMakeFiles\SDL3-shared.dir\src\thread\windows\SDL_syssem.c.obj
[201/457] Building C object _deps\sdl3-build\CMakeFiles\SDL3-shared.dir\src\thread\windows\SDL_systhread.c.obj
[202/457] Building C object _deps\sdl3-build\CMakeFiles\SDL3-shared.dir\src\thread\windows\SDL_systls.c.obj
[203/457] Building C object _deps\sdl3-build\CMakeFiles\SDL3-shared.dir\src\power\windows\SDL_syspower.c.obj
[204/457] Building C object _deps\sdl3-build\CMakeFiles\SDL3-shared.dir\src\locale\windows\SDL_syslocale.c.obj
[205/457] Building C object _deps\sdl3-build\CMakeFiles\SDL3-shared.dir\src\sensor\windows\SDL_windowssensor.c.obj
[206/457] Building C object _deps\sdl3-build\CMakeFiles\SDL3-shared.dir\src\filesystem\windows\SDL_sysfsops.c.obj
[207/457] Building C object _deps\sdl3-build\CMakeFiles\SDL3-shared.dir\src\filesystem\windows\SDL_sysfilesystem.c.obj
[208/457] Building C object _deps\sdl3-build\CMakeFiles\SDL3-shared.dir\src\storage\generic\SDL_genericstorage.c.obj
[209/457] Building C object _deps\sdl3-build\CMakeFiles\SDL3-shared.dir\src\storage\steam\SDL_steamstorage.c.obj
[210/457] Building C object _deps\sdl3-build\CMakeFiles\SDL3-shared.dir\src\time\windows\SDL_systime.c.obj
[211/457] Building C object _deps\sdl3-build\CMakeFiles\SDL3-shared.dir\src\timer\windows\SDL_systimer.c.obj
[212/457] Building C object _deps\sdl3-build\CMakeFiles\SDL3-shared.dir\src\joystick\hidapi\SDL_hidapi_gamecube.c.obj
[213/457] Building C object _deps\sdl3-build\CMakeFiles\SDL3-shared.dir\src\joystick\hidapi\SDL_hidapi_combined.c.obj
[214/457] Building C object _deps\sdl3-build\CMakeFiles\SDL3-shared.dir\src\loadso\windows\SDL_sysloadso.c.obj
[215/457] Building C object _deps\sdl3-build\CMakeFiles\SDL3-shared.dir\src\tray\windows\SDL_tray.c.obj
[216/457] Building C object _deps\sdl3-build\CMakeFiles\SDL3-shared.dir\src\joystick\hidapi\SDL_hidapi_ps3.c.obj
[217/457] Building C object _deps\sdl3-build\CMakeFiles\SDL3-shared.dir\src\joystick\hidapi\SDL_hidapi_luna.c.obj
[218/457] Building C object _deps\sdl3-build\CMakeFiles\SDL3-shared.dir\src\joystick\hidapi\SDL_hidapi_ps4.c.obj
[219/457] Building C object _deps\sdl3-build\CMakeFiles\SDL3-shared.dir\src\joystick\hidapi\SDL_hidapi_ps5.c.obj
[220/457] Building C object _deps\sdl3-build\CMakeFiles\SDL3-shared.dir\src\joystick\hidapi\SDL_hidapi_shield.c.obj
[221/457] Building C object _deps\sdl3-build\CMakeFiles\SDL3-shared.dir\src\joystick\hidapi\SDL_hidapi_steam.c.obj
[222/457] Building C object _deps\sdl3-build\CMakeFiles\SDL3-shared.dir\src\joystick\hidapi\SDL_hidapi_rumble.c.obj
[223/457] Building C object _deps\sdl3-build\CMakeFiles\SDL3-shared.dir\src\joystick\hidapi\SDL_hidapi_stadia.c.obj
[224/457] Building C object _deps\sdl3-build\CMakeFiles\SDL3-shared.dir\src\joystick\hidapi\SDL_hidapi_steam_hori.c.obj
[225/457] Building C object _deps\sdl3-build\CMakeFiles\SDL3-shared.dir\src\joystick\hidapi\SDL_hidapi_steamdeck.c.obj
[226/457] Building C object _deps\sdl3-build\CMakeFiles\SDL3-shared.dir\src\joystick\hidapi\SDL_hidapi_switch.c.obj
[227/457] Building C object _deps\sdl3-build\CMakeFiles\SDL3-shared.dir\src\joystick\hidapi\SDL_hidapi_wii.c.obj
[228/457] Building C object _deps\sdl3-build\CMakeFiles\SDL3-shared.dir\src\joystick\hidapi\SDL_hidapi_xbox360.c.obj
[229/457] Building C object _deps\sdl3-build\CMakeFiles\SDL3-shared.dir\src\joystick\hidapi\SDL_hidapi_xboxone.c.obj
[230/457] Building C object _deps\sdl3-build\CMakeFiles\SDL3-shared.dir\src\joystick\hidapi\SDL_hidapi_xbox360w.c.obj
[231/457] Building C object _deps\sdl3-build\CMakeFiles\SDL3-shared.dir\src\joystick\hidapi\SDL_hidapijoystick.c.obj
[232/457] Building C object _deps\sdl3-build\CMakeFiles\SDL3-shared.dir\src\joystick\windows\SDL_dinputjoystick.c.obj
[233/457] Building C object _deps\sdl3-build\CMakeFiles\SDL3-shared.dir\src\joystick\windows\SDL_windowsjoystick.c.obj
[234/457] Building C object _deps\sdl3-build\CMakeFiles\SDL3-shared.dir\src\joystick\windows\SDL_xinputjoystick.c.obj
[235/457] Building C object _deps\sdl3-build\CMakeFiles\SDL3-shared.dir\src\haptic\windows\SDL_dinputhaptic.c.obj
[236/457] Building C object _deps\sdl3-build\CMakeFiles\SDL3-shared.dir\src\joystick\gdk\SDL_gameinputjoystick.c.obj
[237/457] Building C object _deps\sdl3-build\CMakeFiles\SDL3-shared.dir\src\haptic\windows\SDL_windowshaptic.c.obj
[238/457] Building C object _deps\sdl3-build\CMakeFiles\SDL3-shared.dir\src\joystick\windows\SDL_rawinputjoystick.c.obj
[239/457] Building C object _deps\sdl3-build\CMakeFiles\SDL3-shared.dir\src\joystick\windows\SDL_windows_gaming_input.c.obj
[240/457] Building C object _deps\sdl3-build\CMakeFiles\SDL3-shared.dir\src\camera\mediafoundation\SDL_camera_mediafoundation.c.obj
[241/457] Building RC object _deps\sdl3-build\CMakeFiles\SDL3-shared.dir\src\core\windows\version.rc.res
[242/457] Building C object _deps\sdl3-build\CMakeFiles\SDL3-shared.dir\src\dialog\SDL_dialog.c.obj
[243/457] Building C object _deps\sdl3-build\CMakeFiles\SDL3-shared.dir\src\process\SDL_process.c.obj
[244/457] Building C object _deps\sdl3-build\CMakeFiles\SDL3-shared.dir\src\dialog\SDL_dialog_utils.c.obj
[245/457] Building C object _deps\sdl3-build\CMakeFiles\SDL3-shared.dir\src\process\windows\SDL_windowsprocess.c.obj
[246/457] Building C object _deps\sdl3-build\CMakeFiles\SDL3-shared.dir\src\video\offscreen\SDL_offscreenframebuffer.c.obj
[247/457] Building C object _deps\sdl3-build\CMakeFiles\SDL3-shared.dir\src\video\offscreen\SDL_offscreenevents.c.obj
[248/457] Building C object _deps\sdl3-build\CMakeFiles\SDL3-shared.dir\src\dialog\windows\SDL_windowsdialog.c.obj
[249/457] Building C object _deps\sdl3-build\CMakeFiles\SDL3-shared.dir\src\video\offscreen\SDL_offscreenopengles.c.obj
[250/457] Building C object _deps\sdl3-build\CMakeFiles\SDL3-shared.dir\src\video\offscreen\SDL_offscreenvideo.c.obj
[251/457] Linking C static library _deps\sdl3-build\SDL_uclibc.lib
[252/457] Building C object _deps\sdl3-build\CMakeFiles\SDL3-shared.dir\src\video\offscreen\SDL_offscreenvulkan.c.obj
[253/457] Building C object _deps\sdl3-build\CMakeFiles\SDL3-shared.dir\src\video\offscreen\SDL_offscreenwindow.c.obj
[254/457] Building C object _deps\sdl3-build\CMakeFiles\SDL3-shared.dir\src\tray\SDL_tray_utils.c.obj
[255/457] Building C object _deps\sdl3-build\CMakeFiles\SDL3-shared.dir\src\main\generic\SDL_sysmain_callbacks.c.obj
[256/457] Building C object _deps\sdl3-build\CMakeFiles\SDL3-shared.dir\src\gpu\vulkan\SDL_gpu_vulkan.c.obj
[257/457] Building C object _deps\sdl3-build\CMakeFiles\SDL3-shared.dir\src\gpu\d3d12\SDL_gpu_d3d12.c.obj
[258/457] Building C object _deps\sdl3_image-build\CMakeFiles\SDL3_image-shared.dir\src\IMG_WIC.c.obj
cl : Command line warning D9025 : overriding '/W3' with '/W2'
[259/457] Building C object _deps\sdl3_image-build\CMakeFiles\SDL3_image-shared.dir\src\IMG.c.obj
cl : Command line warning D9025 : overriding '/W3' with '/W2'
[260/457] Building C object _deps\sdl3_image-build\CMakeFiles\SDL3_image-shared.dir\src\IMG_avif.c.obj
cl : Command line warning D9025 : overriding '/W3' with '/W2'
[261/457] Building C object _deps\sdl3_image-build\CMakeFiles\SDL3_image-shared.dir\src\IMG_bmp.c.obj
cl : Command line warning D9025 : overriding '/W3' with '/W2'
[262/457] Building C object _deps\sdl3_image-build\CMakeFiles\SDL3_image-shared.dir\src\IMG_jpg.c.obj
cl : Command line warning D9025 : overriding '/W3' with '/W2'
[263/457] Building C object _deps\sdl3_image-build\CMakeFiles\SDL3_image-shared.dir\src\IMG_lbm.c.obj
cl : Command line warning D9025 : overriding '/W3' with '/W2'
[264/457] Building C object _deps\sdl3_image-build\CMakeFiles\SDL3_image-shared.dir\src\IMG_gif.c.obj
cl : Command line warning D9025 : overriding '/W3' with '/W2'
[265/457] Building C object _deps\sdl3_image-build\CMakeFiles\SDL3_image-shared.dir\src\IMG_pcx.c.obj
cl : Command line warning D9025 : overriding '/W3' with '/W2'
[266/457] Building CXX object CMakeFiles\PaladinAssetCore.dir\src\assets\AssetBinary.cpp.obj
cl : Command line warning D9025 : overriding '/Od' with '/O2'
cl : Command line warning D9025 : overriding '/Ob0' with '/Ob2'
[267/457] Building CXX object CMakeFiles\PaladinAssetCore.dir\src\assets\AssetManager.cpp.obj
cl : Command line warning D9025 : overriding '/Od' with '/O2'
cl : Command line warning D9025 : overriding '/Ob0' with '/Ob2'
[268/457] Building C object _deps\sdl3_image-build\CMakeFiles\SDL3_image-shared.dir\src\IMG_jxl.c.obj
cl : Command line warning D9025 : overriding '/W3' with '/W2'
[269/457] Building C object _deps\sdl3_image-build\CMakeFiles\SDL3_image-shared.dir\src\IMG_pnm.c.obj
cl : Command line warning D9025 : overriding '/W3' with '/W2'
[270/457] Building CXX object CMakeFiles\PaladinAssetCore.dir\src\assets\AssetPackage.cpp.obj
cl : Command line warning D9025 : overriding '/Od' with '/O2'
cl : Command line warning D9025 : overriding '/Ob0' with '/Ob2'
[271/457] Linking C shared library _deps\sdl3-build\SDL3.dll
[272/457] Building C object _deps\sdl3_image-build\CMakeFiles\SDL3_image-shared.dir\src\IMG_png.c.obj
cl : Command line warning D9025 : overriding '/W3' with '/W2'
[273/457] Building C object _deps\sdl3_image-build\CMakeFiles\SDL3_image-shared.dir\src\IMG_qoi.c.obj
cl : Command line warning D9025 : overriding '/W3' with '/W2'
[274/457] Building C object _deps\sdl3_image-build\CMakeFiles\SDL3_image-shared.dir\src\IMG_stb.c.obj
cl : Command line warning D9025 : overriding '/W3' with '/W2'
[275/457] Building C object _deps\sdl3_image-build\CMakeFiles\SDL3_image-shared.dir\src\IMG_svg.c.obj
cl : Command line warning D9025 : overriding '/W3' with '/W2'
[276/457] Building C object _deps\sdl3_image-build\CMakeFiles\SDL3_image-shared.dir\src\IMG_tga.c.obj
cl : Command line warning D9025 : overriding '/W3' with '/W2'
[277/457] Linking CXX static library PaladinAssetCore.lib
[278/457] Building C object _deps\sdl3_image-build\CMakeFiles\SDL3_image-shared.dir\src\IMG_tif.c.obj
cl : Command line warning D9025 : overriding '/W3' with '/W2'
[279/457] Building C object _deps\sdl3_image-build\CMakeFiles\SDL3_image-shared.dir\src\IMG_webp.c.obj
cl : Command line warning D9025 : overriding '/W3' with '/W2'
[280/457] Building C object _deps\sdl3_image-build\CMakeFiles\SDL3_image-shared.dir\src\IMG_xpm.c.obj
cl : Command line warning D9025 : overriding '/W3' with '/W2'
[281/457] Building C object _deps\sdl3_image-build\CMakeFiles\SDL3_image-shared.dir\src\IMG_xcf.c.obj
cl : Command line warning D9025 : overriding '/W3' with '/W2'
[282/457] Building C object _deps\sdl3_image-build\CMakeFiles\SDL3_image-shared.dir\src\IMG_xv.c.obj
cl : Command line warning D9025 : overriding '/W3' with '/W2'
[283/457] Building RC object _deps\sdl3_image-build\CMakeFiles\SDL3_image-shared.dir\src\version.rc.res
[284/457] Building C object _deps\sdl3_ttf-build\external\freetype\CMakeFiles\freetype.dir\src\base\ftbbox.c.obj
[285/457] Building C object _deps\sdl3_ttf-build\external\freetype\CMakeFiles\freetype.dir\src\autofit\autofit.c.obj
[286/457] Building C object _deps\sdl3_ttf-build\external\freetype\CMakeFiles\freetype.dir\src\base\ftbase.c.obj
[287/457] Building C object _deps\sdl3_ttf-build\external\freetype\CMakeFiles\freetype.dir\src\base\ftbdf.c.obj
[288/457] Linking C shared library _deps\sdl3_image-build\SDL3_image.dll
[289/457] Building C object _deps\sdl3_ttf-build\external\freetype\CMakeFiles\freetype.dir\src\base\ftbitmap.c.obj
[290/457] Building C object _deps\sdl3_ttf-build\external\freetype\CMakeFiles\freetype.dir\src\base\ftcid.c.obj
[291/457] Building C object _deps\sdl3_ttf-build\external\freetype\CMakeFiles\freetype.dir\src\base\ftgasp.c.obj
[292/457] Building C object _deps\sdl3_ttf-build\external\freetype\CMakeFiles\freetype.dir\src\base\ftfstype.c.obj
[293/457] Building CXX object CMakeFiles\PaladinAssetCompiler.dir\tools\asset_compiler\main.cpp.obj
[294/457] Building C object _deps\sdl3_ttf-build\external\freetype\CMakeFiles\freetype.dir\src\base\ftglyph.c.obj
[295/457] Building C object _deps\sdl3_ttf-build\external\freetype\CMakeFiles\freetype.dir\src\base\ftgxval.c.obj
[296/457] Building C object _deps\sdl3_ttf-build\external\freetype\CMakeFiles\freetype.dir\src\base\ftinit.c.obj
[297/457] Building C object _deps\sdl3_ttf-build\external\freetype\CMakeFiles\freetype.dir\src\base\ftmm.c.obj
[298/457] Building C object _deps\sdl3_ttf-build\external\freetype\CMakeFiles\freetype.dir\src\base\ftotval.c.obj
[299/457] Building C object _deps\sdl3_ttf-build\external\freetype\CMakeFiles\freetype.dir\src\base\ftpatent.c.obj
[300/457] Building CXX object CMakeFiles\PaladinAssetImport.dir\tools\asset_compiler\SourceImporter.cpp.obj
cl : Command line warning D9025 : overriding '/Od' with '/O2'
cl : Command line warning D9025 : overriding '/Ob0' with '/Ob2'
[301/457] Building C object _deps\sdl3_ttf-build\external\freetype\CMakeFiles\freetype.dir\src\base\ftpfr.c.obj
[302/457] Building C object _deps\sdl3_ttf-build\external\freetype\CMakeFiles\freetype.dir\src\base\ftwinfnt.c.obj
[303/457] Building C object _deps\sdl3_ttf-build\external\freetype\CMakeFiles\freetype.dir\src\base\ftsynth.c.obj
[304/457] Building C object _deps\sdl3_ttf-build\external\freetype\CMakeFiles\freetype.dir\src\base\fttype1.c.obj
[305/457] Building C object _deps\sdl3_ttf-build\external\freetype\CMakeFiles\freetype.dir\src\base\ftstroke.c.obj
[306/457] Building CXX object CMakeFiles\PaladinAssetImport.dir\tools\asset_compiler\AssetCompiler.cpp.obj
cl : Command line warning D9025 : overriding '/Od' with '/O2'
cl : Command line warning D9025 : overriding '/Ob0' with '/Ob2'
[307/457] Building C object _deps\sdl3_ttf-build\external\freetype\CMakeFiles\freetype.dir\src\bdf\bdf.c.obj
[308/457] Linking CXX static library PaladinAssetImport.lib
[309/457] Building C object _deps\sdl3_ttf-build\external\freetype\CMakeFiles\freetype.dir\src\bzip2\ftbzip2.c.obj
[310/457] Building C object _deps\sdl3_ttf-build\external\freetype\CMakeFiles\freetype.dir\src\lzw\ftlzw.c.obj
[311/457] Building C object _deps\sdl3_ttf-build\external\freetype\CMakeFiles\freetype.dir\src\cid\type1cid.c.obj
[312/457] Building C object _deps\sdl3_ttf-build\external\freetype\CMakeFiles\freetype.dir\src\cff\cff.c.obj
[313/457] Building C object _deps\sdl3_ttf-build\external\freetype\CMakeFiles\freetype.dir\src\gzip\ftgzip.c.obj
[314/457] Building C object _deps\sdl3_ttf-build\external\freetype\CMakeFiles\freetype.dir\src\pcf\pcf.c.obj
[315/457] Building C object _deps\sdl3_ttf-build\external\freetype\CMakeFiles\freetype.dir\src\pfr\pfr.c.obj
[316/457] Building C object _deps\sdl3_ttf-build\external\freetype\CMakeFiles\freetype.dir\src\cache\ftcache.c.obj
[317/457] Building C object _deps\sdl3_ttf-build\external\freetype\CMakeFiles\freetype.dir\src\pshinter\pshinter.c.obj
[318/457] Building C object _deps\sdl3_ttf-build\external\freetype\CMakeFiles\freetype.dir\src\psaux\psaux.c.obj
C:\Paladin\.cache\realm-pass-deps\sdl3_ttf\external\freetype\src\psaux\t1decode.c(1996): warning C4267: '=': conversion from 'size_t' to 'FT_Int', possible loss of data
C:\Paladin\.cache\realm-pass-deps\sdl3_ttf\external\freetype\src\psaux\psintrp.c(1005): warning C4267: '=': conversion from 'size_t' to 'FT_Fast', possible loss of data
[319/457] Building C object _deps\sdl3_ttf-build\external\freetype\CMakeFiles\freetype.dir\src\raster\raster.c.obj
[320/457] Building C object _deps\sdl3_ttf-build\external\freetype\CMakeFiles\freetype.dir\src\psnames\psnames.c.obj
[321/457] Building C object _deps\sdl3_ttf-build\external\freetype\CMakeFiles\freetype.dir\src\sdf\sdf.c.obj
[322/457] Building C object _deps\sdl3_ttf-build\external\freetype\CMakeFiles\freetype.dir\src\sfnt\sfnt.c.obj
C:\Paladin\.cache\realm-pass-deps\sdl3_ttf\external\freetype\src\sfnt\sfdriver.c(880): warning C4267: '=': conversion from 'size_t' to 'FT_UInt', possible loss of data
C:\Paladin\.cache\realm-pass-deps\sdl3_ttf\external\freetype\src\sfnt\sfdriver.c(1032): warning C4244: 'function': conversion from '__int64' to 'const unsigned int', possible loss of data
[323/457] Building C object _deps\sdl3_ttf-build\external\freetype\CMakeFiles\freetype.dir\src\smooth\smooth.c.obj
C:\Paladin\.cache\realm-pass-deps\sdl3_ttf\external\freetype\src\smooth\ftgrays.c(1991): warning C4267: '+=': conversion from 'size_t' to 'TCoord', possible loss of data
[324/457] Linking CXX executable PaladinAssetCompiler.exe
[325/457] Building C object _deps\sdl3_ttf-build\external\freetype\CMakeFiles\freetype.dir\src\type42\type42.c.obj
C:\Paladin\.cache\realm-pass-deps\sdl3_ttf\external\freetype\src\type42\t42parse.c(878): warning C4244: '=': conversion from '__int64' to 'FT_Int', possible loss of data
[326/457] Building C object _deps\sdl3_ttf-build\external\freetype\CMakeFiles\freetype.dir\src\svg\svg.c.obj
[327/457] Building C object _deps\sdl3_ttf-build\external\freetype\CMakeFiles\freetype.dir\src\type1\type1.c.obj
C:\Paladin\.cache\realm-pass-deps\sdl3_ttf\external\freetype\src\type1\t1driver.c(292): warning C4267: '=': conversion from 'size_t' to 'FT_ULong', possible loss of data
C:\Paladin\.cache\realm-pass-deps\sdl3_ttf\external\freetype\src\type1\t1driver.c(313): warning C4267: '=': conversion from 'size_t' to 'FT_ULong', possible loss of data
C:\Paladin\.cache\realm-pass-deps\sdl3_ttf\external\freetype\src\type1\t1driver.c(345): warning C4267: '=': conversion from 'size_t' to 'FT_ULong', possible loss of data
C:\Paladin\.cache\realm-pass-deps\sdl3_ttf\external\freetype\src\type1\t1driver.c(375): warning C4267: '=': conversion from 'size_t' to 'FT_UInt', possible loss of data
C:\Paladin\.cache\realm-pass-deps\sdl3_ttf\external\freetype\src\type1\t1driver.c(584): warning C4267: '=': conversion from 'size_t' to 'FT_ULong', possible loss of data
C:\Paladin\.cache\realm-pass-deps\sdl3_ttf\external\freetype\src\type1\t1driver.c(593): warning C4267: '=': conversion from 'size_t' to 'FT_ULong', possible loss of data
C:\Paladin\.cache\realm-pass-deps\sdl3_ttf\external\freetype\src\type1\t1driver.c(602): warning C4267: '=': conversion from 'size_t' to 'FT_ULong', possible loss of data
C:\Paladin\.cache\realm-pass-deps\sdl3_ttf\external\freetype\src\type1\t1driver.c(611): warning C4267: '=': conversion from 'size_t' to 'FT_ULong', possible loss of data
C:\Paladin\.cache\realm-pass-deps\sdl3_ttf\external\freetype\src\type1\t1driver.c(621): warning C4267: '=': conversion from 'size_t' to 'FT_ULong', possible loss of data
C:\Paladin\.cache\realm-pass-deps\sdl3_ttf\external\freetype\src\type1\t1load.c(1779): warning C4244: '=': conversion from '__int64' to 'FT_Int', possible loss of data
C:\Paladin\.cache\realm-pass-deps\sdl3_ttf\external\freetype\src\type1\t1load.c(1953): warning C4244: '=': conversion from '__int64' to 'FT_Int', possible loss of data
[328/457] Building C object _deps\sdl3_ttf-build\external\freetype\CMakeFiles\freetype.dir\src\truetype\truetype.c.obj
[329/457] Building C object _deps\sdl3_ttf-build\external\freetype\CMakeFiles\freetype.dir\src\winfonts\winfnt.c.obj
[330/457] Building RC object _deps\sdl3_ttf-build\external\freetype\CMakeFiles\freetype.dir\src\base\ftver.rc.res
[331/457] Building C object _deps\sdl3_ttf-build\external\freetype\CMakeFiles\freetype.dir\builds\windows\ftdebug.c.obj
[332/457] Building C object _deps\sdl3_ttf-build\external\freetype\CMakeFiles\freetype.dir\builds\windows\ftsystem.c.obj
[333/457] Building C object _deps\sdl3_ttf-build\CMakeFiles\SDL3_ttf-shared.dir\src\SDL_hashtable_ttf.c.obj
cl : Command line warning D9025 : overriding '/W3' with '/W2'
[334/457] Building C object _deps\sdl3_ttf-build\CMakeFiles\SDL3_ttf-shared.dir\src\SDL_gpu_textengine.c.obj
cl : Command line warning D9025 : overriding '/W3' with '/W2'
[335/457] Building C object _deps\sdl3_ttf-build\CMakeFiles\SDL3_ttf-shared.dir\src\SDL_hashtable.c.obj
cl : Command line warning D9025 : overriding '/W3' with '/W2'
[336/457] Linking C static library _deps\sdl3_ttf-build\external\freetype\freetyped.lib
[337/457] Building C object _deps\sdl3_ttf-build\CMakeFiles\SDL3_ttf-shared.dir\src\SDL_renderer_textengine.c.obj
cl : Command line warning D9025 : overriding '/W3' with '/W2'
[338/457] Building C object _deps\sdl3_ttf-build\CMakeFiles\SDL3_ttf-shared.dir\src\SDL_surface_textengine.c.obj
cl : Command line warning D9025 : overriding '/W3' with '/W2'
[339/457] Building C object _deps\sdl3_ttf-build\CMakeFiles\SDL3_ttf-shared.dir\src\SDL_ttf.c.obj
cl : Command line warning D9025 : overriding '/W3' with '/W2'
[340/457] Building RC object _deps\sdl3_ttf-build\CMakeFiles\SDL3_ttf-shared.dir\src\version.rc.res
[341/457] C:\WINDOWS\system32\cmd.exe /C "cd /D C:\Paladin\out\build\x64-Debug && C:\Paladin\out\build\x64-Debug\PaladinAssetCompiler.exe compile C:/Paladin C:/Paladin/out/build/x64-Debug/assets/packages"
sources=296 cache_hits=300 rebuilt=0 atlas_pages=9 output_bytes=19656741 errors=0 warnings=0
[342/457] Linking C shared library _deps\sdl3_ttf-build\SDL3_ttf.dll
[343/457] Building CXX object CMakeFiles\Paladin.dir\src\main.cpp.obj
[344/457] Building CXX object CMakeFiles\Paladin.dir\src\core\ApplicationMainMenu.cpp.obj
[345/457] Building CXX object CMakeFiles\Paladin.dir\src\core\ApplicationReports.cpp.obj
[346/457] Building CXX object CMakeFiles\Paladin.dir\src\core\ApplicationCityScreen.cpp.obj
C:\Paladin\src\core\ApplicationCityScreen.cpp(45): warning C4244: 'argument': conversion from 'uint64_t' to 'double', possible loss of data
C:\Paladin\src\core\ApplicationCityScreen.cpp(100): warning C4244: 'argument': conversion from 'uint64_t' to 'double', possible loss of data
C:\Paladin\src\core\ApplicationCityScreen.cpp(205): warning C4244: 'argument': conversion from 'uint64_t' to 'double', possible loss of data
C:\Paladin\src\core\ApplicationCityScreen.cpp(263): warning C4244: 'argument': conversion from 'uint64_t' to 'double', possible loss of data
[347/457] Building CXX object CMakeFiles\Paladin.dir\src\core\ApplicationWorldScreen.cpp.obj
C:\Paladin\src\core\ApplicationWorldScreen.cpp(333): warning C4244: 'argument': conversion from 'uint64_t' to 'double', possible loss of data
[348/457] Building CXX object CMakeFiles\Paladin.dir\src\core\ApplicationCameraBenchmark.cpp.obj
[349/457] Building CXX object CMakeFiles\Paladin.dir\src\core\ApplicationFrame.cpp.obj
[350/457] Building CXX object CMakeFiles\Paladin.dir\src\core\Application.cpp.obj
[351/457] Building CXX object CMakeFiles\Paladin.dir\src\interaction\CameraNavigationPolicy.cpp.obj
[352/457] Building CXX object CMakeFiles\Paladin.dir\src\core\SimulationClock.cpp.obj
[353/457] Building CXX object CMakeFiles\Paladin.dir\src\core\ApplicationCityInput.cpp.obj
C:\Paladin\src\core\ApplicationCityInput.cpp(105): warning C4244: 'argument': conversion from 'uint64_t' to 'double', possible loss of data
C:\Paladin\src\core\ApplicationCityInput.cpp(255): warning C4244: 'argument': conversion from 'uint64_t' to 'double', possible loss of data
[354/457] Building CXX object CMakeFiles\Paladin.dir\src\core\ApplicationWorldInput.cpp.obj
C:\Paladin\src\core\ApplicationWorldInput.cpp(513): warning C4244: 'argument': conversion from 'uint64_t' to 'double', possible loss of data
[355/457] Building CXX object CMakeFiles\Paladin.dir\src\interaction\SettlementObjectPlacementController.cpp.obj
[356/457] Building CXX object CMakeFiles\Paladin.dir\src\interaction\SettlementCommandController.cpp.obj
[357/457] Building CXX object CMakeFiles\Paladin.dir\src\interaction\SettlementInspectionController.cpp.obj
[358/457] Building CXX object CMakeFiles\Paladin.dir\src\core\ApplicationSession.cpp.obj
[359/457] Building CXX object CMakeFiles\Paladin.dir\src\core\ApplicationCamera.cpp.obj
[360/457] Building CXX object CMakeFiles\Paladin.dir\src\core\ApplicationDebug.cpp.obj
C:\Paladin\src\core\ApplicationDebug.cpp(95): warning C4244: 'argument': conversion from 'uint64_t' to 'double', possible loss of data
[361/457] Building CXX object CMakeFiles\Paladin.dir\src\platform\Window.cpp.obj
[362/457] Building CXX object CMakeFiles\Paladin.dir\src\rendering\ScenePresentation.cpp.obj
cl : Command line warning D9025 : overriding '/Od' with '/O2'
cl : Command line warning D9025 : overriding '/Ob0' with '/Ob2'
[363/457] Building CXX object CMakeFiles\Paladin.dir\src\rendering\RendererPixelScene.cpp.obj
cl : Command line warning D9025 : overriding '/Od' with '/O2'
cl : Command line warning D9025 : overriding '/Ob0' with '/Ob2'
[364/457] Building CXX object CMakeFiles\Paladin.dir\src\rendering\TerrainMaterialField.cpp.obj
cl : Command line warning D9025 : overriding '/Od' with '/O2'
cl : Command line warning D9025 : overriding '/Ob0' with '/Ob2'
[365/457] Building CXX object CMakeFiles\Paladin.dir\src\interaction\SettlementPlacementController.cpp.obj
[366/457] Building CXX object CMakeFiles\Paladin.dir\src\rendering\SettlementEnvironmentDetails.cpp.obj
cl : Command line warning D9025 : overriding '/Od' with '/O2'
cl : Command line warning D9025 : overriding '/Ob0' with '/Ob2'
[367/457] Building CXX object CMakeFiles\Paladin.dir\src\rendering\BuildingView.cpp.obj
cl : Command line warning D9025 : overriding '/Od' with '/O2'
cl : Command line warning D9025 : overriding '/Ob0' with '/Ob2'
[368/457] Building CXX object CMakeFiles\Paladin.dir\src\rendering\Renderer.cpp.obj
cl : Command line warning D9025 : overriding '/Od' with '/O2'
cl : Command line warning D9025 : overriding '/Ob0' with '/Ob2'
[369/457] Building CXX object CMakeFiles\Paladin.dir\src\rendering\Texture.cpp.obj
cl : Command line warning D9025 : overriding '/Od' with '/O2'
cl : Command line warning D9025 : overriding '/Ob0' with '/Ob2'
[370/457] Building CXX object CMakeFiles\Paladin.dir\src\rendering\SpriteRenderer.cpp.obj
cl : Command line warning D9025 : overriding '/Od' with '/O2'
cl : Command line warning D9025 : overriding '/Ob0' with '/Ob2'
[371/457] Building CXX object CMakeFiles\Paladin.dir\src\rendering\CityRenderer.cpp.obj
cl : Command line warning D9025 : overriding '/Od' with '/O2'
cl : Command line warning D9025 : overriding '/Ob0' with '/Ob2'
[372/457] Building CXX object CMakeFiles\Paladin.dir\src\rendering\OverlayRenderer.cpp.obj
cl : Command line warning D9025 : overriding '/Od' with '/O2'
cl : Command line warning D9025 : overriding '/Ob0' with '/Ob2'
[373/457] Building CXX object CMakeFiles\Paladin.dir\src\rendering\SceneSpriteLibrary.cpp.obj
cl : Command line warning D9025 : overriding '/Od' with '/O2'
cl : Command line warning D9025 : overriding '/Ob0' with '/Ob2'
[374/457] Building CXX object CMakeFiles\Paladin.dir\src\rendering\SettlementLogisticsRenderer.cpp.obj
cl : Command line warning D9025 : overriding '/Od' with '/O2'
cl : Command line warning D9025 : overriding '/Ob0' with '/Ob2'
[375/457] Building CXX object CMakeFiles\Paladin.dir\src\rendering\SettlementCommandRenderer.cpp.obj
cl : Command line warning D9025 : overriding '/Od' with '/O2'
cl : Command line warning D9025 : overriding '/Ob0' with '/Ob2'
[376/457] Building CXX object CMakeFiles\Paladin.dir\src\rendering\SettlementMarkerRenderer.cpp.obj
cl : Command line warning D9025 : overriding '/Od' with '/O2'
cl : Command line warning D9025 : overriding '/Ob0' with '/Ob2'
[377/457] Building CXX object CMakeFiles\Paladin.dir\src\rendering\WorldObjectRenderer.cpp.obj
cl : Command line warning D9025 : overriding '/Od' with '/O2'
cl : Command line warning D9025 : overriding '/Ob0' with '/Ob2'
[378/457] Building CXX object CMakeFiles\Paladin.dir\src\rendering\SettlementNaturalFeatureRenderer.cpp.obj
cl : Command line warning D9025 : overriding '/Od' with '/O2'
cl : Command line warning D9025 : overriding '/Ob0' with '/Ob2'
[379/457] Building CXX object CMakeFiles\Paladin.dir\src\rendering\SettlementCitizenRenderer.cpp.obj
cl : Command line warning D9025 : overriding '/Od' with '/O2'
cl : Command line warning D9025 : overriding '/Ob0' with '/Ob2'
[380/457] Building CXX object CMakeFiles\Paladin.dir\src\rendering\SettlementStructurePresentation.cpp.obj
cl : Command line warning D9025 : overriding '/Od' with '/O2'
cl : Command line warning D9025 : overriding '/Ob0' with '/Ob2'
[381/457] Building CXX object CMakeFiles\Paladin.dir\src\rendering\TerritoryPresentationPolicy.cpp.obj
cl : Command line warning D9025 : overriding '/Od' with '/O2'
cl : Command line warning D9025 : overriding '/Ob0' with '/Ob2'
[382/457] Building CXX object CMakeFiles\Paladin.dir\src\rendering\SettlementObjectRenderer.cpp.obj
cl : Command line warning D9025 : overriding '/Od' with '/O2'
cl : Command line warning D9025 : overriding '/Ob0' with '/Ob2'
[383/457] Building CXX object CMakeFiles\Paladin.dir\src\rendering\WorldRenderer.cpp.obj
cl : Command line warning D9025 : overriding '/Od' with '/O2'
cl : Command line warning D9025 : overriding '/Ob0' with '/Ob2'
[384/457] Building CXX object CMakeFiles\Paladin.dir\src\simulation\Simulation.cpp.obj
[385/457] Building CXX object CMakeFiles\Paladin.dir\src\simulation\systems\SettlementEconomySystem.cpp.obj
[386/457] Building CXX object CMakeFiles\Paladin.dir\src\rendering\TerritoryRenderer.cpp.obj
cl : Command line warning D9025 : overriding '/Od' with '/O2'
cl : Command line warning D9025 : overriding '/Ob0' with '/Ob2'
[387/457] Building CXX object CMakeFiles\Paladin.dir\src\simulation\WorldSimulationPipeline.cpp.obj
[388/457] Building CXX object CMakeFiles\Paladin.dir\src\simulation\SimulationReports.cpp.obj
[389/457] Building CXX object CMakeFiles\Paladin.dir\src\rendering\WorldRealmPresentationRenderer.cpp.obj
cl : Command line warning D9025 : overriding '/Od' with '/O2'
cl : Command line warning D9025 : overriding '/Ob0' with '/Ob2'
C:\Paladin\src\rendering/WorldPoliticalSurface.h(293): warning C4244: '=': conversion from 'double' to 'float', possible loss of data
C:\Paladin\src\rendering/WorldPoliticalSurface.h(293): note: the template instantiation context (the oldest one first) is
C:\Paladin\src\rendering\WorldRealmPresentationRenderer.cpp(689): note: see reference to function template instantiation 'Paladin::TribalInfluenceSample Paladin::worldTribalSurfaceSample<Paladin::WorldTribalSurfaceSource>(const InfluenceSource &,const Paladin::WorldPoliticalSurfaceSample &)' being compiled
        with
        [
            InfluenceSource=Paladin::WorldTribalSurfaceSource
        ]
C:\Paladin\src\rendering/WorldPoliticalSurface.h(298): warning C4244: '=': conversion from 'double' to 'float', possible loss of data
[390/457] Building CXX object CMakeFiles\Paladin.dir\src\world\WorldTime.cpp.obj
[391/457] Building CXX object CMakeFiles\Paladin.dir\src\simulation\systems\SettlementPopulationSystem.cpp.obj
[392/457] Building CXX object CMakeFiles\Paladin.dir\src\world\generation\GenerationNoise.cpp.obj
[393/457] Building CXX object CMakeFiles\Paladin.dir\src\simulation\RealmRulerSystem.cpp.obj
[394/457] Building CXX object CMakeFiles\Paladin.dir\src\world\generation\LandmassGenerationTemplate.cpp.obj
[395/457] Building CXX object CMakeFiles\Paladin.dir\src\world\generation\LandmassGenerator.cpp.obj
[396/457] Building CXX object CMakeFiles\Paladin.dir\src\world\generation\SettlementMapGenerator.cpp.obj
[397/457] Building CXX object CMakeFiles\Paladin.dir\src\world\generation\ClimateGenerator.cpp.obj
[398/457] Building CXX object CMakeFiles\Paladin.dir\src\world\generation\TerrainBiomeClassifier.cpp.obj
[399/457] Building CXX object CMakeFiles\Paladin.dir\src\world\generation\AiRealmGenerator.cpp.obj
[400/457] Building CXX object CMakeFiles\Paladin.dir\src\world\WorldEntities.cpp.obj
[401/457] Building CXX object CMakeFiles\Paladin.dir\src\world\generation\WorldGenerator.cpp.obj
[402/457] Building CXX object CMakeFiles\Paladin.dir\src\world\World.cpp.obj
[403/457] Building CXX object CMakeFiles\Paladin.dir\src\world\settlements\ResourceStockpile.cpp.obj
[404/457] Building CXX object CMakeFiles\Paladin.dir\src\world\settlements\SettlementNaturalFeatures.cpp.obj
[405/457] Building CXX object CMakeFiles\Paladin.dir\src\world\generation\WorldGenerationSeed.cpp.obj
[406/457] Building CXX object CMakeFiles\Paladin.dir\src\world\settlements\SettlementMap.cpp.obj
[407/457] Building CXX object CMakeFiles\Paladin.dir\src\simulation\systems\SettlementAnimalWork.cpp.obj
[408/457] Building CXX object CMakeFiles\Paladin.dir\src\world\settlements\SettlementEmploymentState.cpp.obj
[409/457] Building CXX object CMakeFiles\Paladin.dir\src\simulation\systems\SettlementNavigation.cpp.obj
[410/457] Building CXX object CMakeFiles\Paladin.dir\src\world\entities\animals\SettlementAnimals.cpp.obj
[411/457] Building CXX object CMakeFiles\Paladin.dir\src\simulation\systems\SettlementCitizenMovement.cpp.obj
[412/457] Building CXX object CMakeFiles\Paladin.dir\src\world\settlements\SettlementLogistics.cpp.obj
[413/457] Building CXX object CMakeFiles\Paladin.dir\src\simulation\systems\SettlementActivitySystem.cpp.obj
[414/457] Building CXX object CMakeFiles\Paladin.dir\src\simulation\systems\SettlementActivitySelection.cpp.obj
[415/457] Building CXX object CMakeFiles\Paladin.dir\src\simulation\systems\SettlementLeisure.cpp.obj
C:\Paladin\src\simulation\systems\SettlementLeisure.cpp(340): warning C4244: 'initializing': conversion from 'uint64_t' to 'double', possible loss of data
[416/457] Building CXX object CMakeFiles\Paladin.dir\src\simulation\systems\SettlementJobBoard.cpp.obj
[417/457] Building CXX object CMakeFiles\Paladin.dir\src\simulation\systems\SettlementCitizenNeeds.cpp.obj
[418/457] Building CXX object CMakeFiles\Paladin.dir\src\simulation\systems\SettlementFamilySystem.cpp.obj
[419/457] Building CXX object CMakeFiles\Paladin.dir\src\world\settlements\objects\jobs\fishery\FisheryJob.cpp.obj
[420/457] Building CXX object CMakeFiles\Paladin.dir\src\world\settlements\SettlementEconomy.cpp.obj
[421/457] Building CXX object CMakeFiles\Paladin.dir\src\world\settlements\SettlementFoundationProfile.cpp.obj
[422/457] Building CXX object CMakeFiles\Paladin.dir\src\world\settlements\SettlementPopulation.cpp.obj
[423/457] Building CXX object CMakeFiles\Paladin.dir\src\world\settlements\SettlementResourceDefinition.cpp.obj
[424/457] Building CXX object CMakeFiles\Paladin.dir\src\world\settlements\objects\SettlementObjectLifecycle.cpp.obj
[425/457] Building CXX object CMakeFiles\Paladin.dir\src\world\settlements\SettlementCommerce.cpp.obj
[426/457] Building CXX object CMakeFiles\Paladin.dir\src\world\settlements\SettlementSimulationPolicy.cpp.obj
[427/457] Building CXX object CMakeFiles\Paladin.dir\src\world\settlements\commands\SettlementCommandDefinition.cpp.obj
[428/457] Building CXX object CMakeFiles\Paladin.dir\src\world\settlements\objects\SettlementObjectDefinition.cpp.obj
[429/457] Building CXX object CMakeFiles\Paladin.dir\src\world\settlements\SettlementSimulationState.cpp.obj
[430/457] Building CXX object CMakeFiles\Paladin.dir\src\world\settlements\objects\SettlementObjectState.cpp.obj
[431/457] Building CXX object CMakeFiles\Paladin.dir\src\world\territory\TerritoryFoundationPolicy.cpp.obj
[432/457] Building CXX object CMakeFiles\Paladin.dir\src\world\settlements\citizens\SettlementCitizenAttributes.cpp.obj
[433/457] Building CXX object CMakeFiles\Paladin.dir\src\world\settlements\SettlementImmigration.cpp.obj
[434/457] Building CXX object CMakeFiles\Paladin.dir\src\world\settlements\citizens\SettlementCitizenState.cpp.obj
[435/457] Building CXX object CMakeFiles\Paladin.dir\src\world\settlements\commands\SettlementCommandState.cpp.obj
[436/457] Building CXX object CMakeFiles\Paladin.dir\src\world\territory\TerritoryFoundationSystem.cpp.obj
[437/457] Building CXX object CMakeFiles\Paladin.dir\src\ui\BitmapFontRenderer.cpp.obj
[438/457] Building CXX object CMakeFiles\Paladin.dir\src\world\territory\TerritoryMap.cpp.obj
[439/457] Building CXX object CMakeFiles\Paladin.dir\src\ui\LedgerPanel.cpp.obj
[440/457] Building CXX object CMakeFiles\Paladin.dir\src\ui\DebugConsole.cpp.obj
[441/457] Building CXX object CMakeFiles\Paladin.dir\src\world\territory\TribalInfluenceMap.cpp.obj
[442/457] Building CXX object CMakeFiles\Paladin.dir\src\ui\CityHud.cpp.obj
[443/457] Building CXX object CMakeFiles\Paladin.dir\src\ui\EmploymentPopulation.cpp.obj
[444/457] Building CXX object CMakeFiles\Paladin.dir\src\ui\LedgerPanelData.cpp.obj
[445/457] Building CXX object CMakeFiles\Paladin.dir\src\ui\GrayUiRenderer.cpp.obj
[446/457] Building CXX object CMakeFiles\Paladin.dir\src\rendering\WorldGridRenderer.cpp.obj
cl : Command line warning D9025 : overriding '/Od' with '/O2'
cl : Command line warning D9025 : overriding '/Ob0' with '/Ob2'
[447/457] Building CXX object CMakeFiles\Paladin.dir\src\ui\EmploymentPanel.cpp.obj
[448/457] Building CXX object CMakeFiles\Paladin.dir\src\ui\UiTextField.cpp.obj
[449/457] Building CXX object CMakeFiles\Paladin.dir\src\ui\UiButton.cpp.obj
[450/457] Building CXX object CMakeFiles\Paladin.dir\src\ui\MainMenu.cpp.obj
[451/457] Building CXX object CMakeFiles\Paladin.dir\src\ui\SimulationSpeedControls.cpp.obj
[452/457] Building CXX object CMakeFiles\Paladin.dir\src\ui\WorldHud.cpp.obj
[453/457] Building CXX object CMakeFiles\Paladin.dir\src\ui\FoundingPanel.cpp.obj
[454/457] Building CXX object CMakeFiles\Paladin.dir\src\ui\NormalFontRenderer.cpp.obj
[455/457] Building CXX object CMakeFiles\Paladin.dir\src\ui\SettlementInspectionPanel.cpp.obj
C:\Paladin\src\ui\SettlementInspectionPanel.cpp(325): warning C4244: 'argument': conversion from 'int' to 'float', possible loss of data
[456/457] Linking CXX executable Paladin.exe
