[0/2] Re-checking globbed directories...
[1/34] C:\WINDOWS\system32\cmd.exe /C "cd /D C:\Paladin\out\build\x64-Release && C:\Paladin\out\build\x64-Release\PaladinAssetCompiler.exe compile C:/Paladin C:/Paladin/out/build/x64-Release/assets/packages"
sources=225 cache_hits=229 rebuilt=0 atlas_pages=7 output_bytes=14377699 errors=0 warnings=0
[2/34] Building CXX object CMakeFiles\Paladin.dir\src\core\ApplicationWorldScreen.cpp.obj
[3/34] Building CXX object CMakeFiles\Paladin.dir\src\core\ApplicationCityScreen.cpp.obj
[4/34] Building CXX object CMakeFiles\Paladin.dir\src\core\ApplicationFrame.cpp.obj
[5/34] Building CXX object CMakeFiles\Paladin.dir\src\core\Application.cpp.obj
[6/34] Building CXX object CMakeFiles\Paladin.dir\src\core\ApplicationCityInput.cpp.obj
[7/34] Building CXX object CMakeFiles\Paladin.dir\src\core\ApplicationWorldInput.cpp.obj
[8/34] Building CXX object CMakeFiles\Paladin.dir\src\core\ApplicationCamera.cpp.obj
[9/34] Building CXX object CMakeFiles\Paladin.dir\src\core\ApplicationSession.cpp.obj
[10/34] Building CXX object CMakeFiles\Paladin.dir\src\rendering\ScenePresentation.cpp.obj
[11/34] Building CXX object CMakeFiles\Paladin.dir\src\rendering\CityRenderer.cpp.obj
[12/34] Building CXX object CMakeFiles\Paladin.dir\src\core\ApplicationDebug.cpp.obj
[13/34] Building CXX object CMakeFiles\Paladin.dir\src\rendering\SettlementStructurePresentation.cpp.obj
[14/34] Building CXX object CMakeFiles\Paladin.dir\src\rendering\WorldRenderer.cpp.obj
[15/34] Building CXX object CMakeFiles\Paladin.dir\src\rendering\WorldGridRenderer.cpp.obj
[16/34] Linking CXX executable Paladin.exe
[17/34] Building CXX object CMakeFiles\PaladinApplicationSmokeTests.dir\src\core\ApplicationWorldScreen.cpp.obj
[18/34] Building CXX object CMakeFiles\PaladinApplicationSmokeTests.dir\src\core\ApplicationCityScreen.cpp.obj
[19/34] Building CXX object CMakeFiles\PaladinApplicationSmokeTests.dir\src\core\Application.cpp.obj
[20/34] Building CXX object CMakeFiles\PaladinApplicationSmokeTests.dir\src\core\ApplicationCityInput.cpp.obj
[21/34] Building CXX object CMakeFiles\PaladinApplicationSmokeTests.dir\src\core\ApplicationFrame.cpp.obj
[22/34] Building CXX object CMakeFiles\PaladinApplicationSmokeTests.dir\src\core\ApplicationWorldInput.cpp.obj
[23/34] Building CXX object CMakeFiles\PaladinApplicationSmokeTests.dir\src\core\ApplicationCamera.cpp.obj
[24/34] Building CXX object CMakeFiles\PaladinApplicationSmokeTests.dir\tests\ApplicationSmokeTests.cpp.obj
[25/34] Building CXX object CMakeFiles\PaladinApplicationSmokeTests.dir\src\core\ApplicationDebug.cpp.obj
[26/34] Building CXX object CMakeFiles\PaladinApplicationSmokeTests.dir\src\core\ApplicationSession.cpp.obj
[27/34] Building CXX object CMakeFiles\PaladinApplicationSmokeTests.dir\src\rendering\ScenePresentation.cpp.obj
[28/34] Building CXX object CMakeFiles\PaladinApplicationSmokeTests.dir\src\rendering\CityRenderer.cpp.obj
[29/34] Building CXX object CMakeFiles\PaladinApplicationSmokeTests.dir\src\rendering\WorldRenderer.cpp.obj
[30/34] Building CXX object CMakeFiles\PaladinApplicationSmokeTests.dir\src\rendering\SettlementStructurePresentation.cpp.obj
[31/34] Building CXX object CMakeFiles\PaladinApplicationSmokeTests.dir\src\rendering\WorldGridRenderer.cpp.obj
[32/34] Linking CXX executable PaladinApplicationSmokeTests.exe
[33/34] Verify final world pixel grid, daylight/night rendering and sprite integration
world pan/zoom mean_ms=12.9845 worst_ms=32.9383
globe renderer=software
globe generation land=31131 hills=4322 mountains=7212 supported=7212
globe measured mean=44.0157 worst=69.9724
city coast zoom mean_ms=11.0924 worst_ms=31.0064
globe warm zoom/rotation mean_ms=44.0157 worst_ms=69.9724 atlas_builds=1
Invalid object presentation recipe; using flat fallback
Cannot load sprite missing.png: Couldn't open C:\Paladin\out\build\x64-Release\renderer-test-fixture\missing.png: The system cannot find the file specified.
Cannot load sprite C:\Paladin\out\build\x64-Release\renderer-test-fixture\missing.png: Couldn't open C:\Paladin\out\build\x64-Release\renderer-test-fixture\missing.png: The system cannot find the file specified.; retaining placeholder
Invalid object presentation recipe; using flat fallback
Rejected off-palette or partial-alpha artwork: alpha.png
Rejected off-palette or partial-alpha artwork: alpha.png
Cannot load sprite missing.png: Couldn't open C:\Paladin\out\build\x64-Release\renderer-test-fixture\missing.png: The system cannot find the file specified.
Invalid object presentation recipe; using flat fallback
Cannot load sprite missing.png: Couldn't open C:\Paladin\out\build\x64-Release\renderer-test-fixture\missing.png: The system cannot find the file specified.
Application routing smoke test passed.
