[1/17] C:\WINDOWS\system32\cmd.exe /C "cd /D C:\Paladin\out\build\x64-Release && "C:\Program Files\Microsoft Visual Studio\18\Community\Common7\IDE\CommonExtensions\Microsoft\CMake\CMake\bin\cmake.exe" -E make_directory C:/Paladin/out/build/x64-Release/assets/sprites && "C:\Program Files\Microsoft Visual Studio\18\Community\Common7\IDE\CommonExtensions\Microsoft\CMake\CMake\bin\cmake.exe" -E copy_if_different C:/Paladin/config/art-palette.hex C:/Paladin/out/build/x64-Release/assets/sprites/art-palette.hex && "C:\Program Files\Microsoft Visual Studio\18\Community\Common7\IDE\CommonExtensions\Microsoft\CMake\CMake\bin\cmake.exe" -E copy_if_different C:/Paladin/config/pieces.catalog C:/Paladin/out/build/x64-Release/assets/sprites/pieces.catalog && "C:\Program Files\Microsoft Visual Studio\18\Community\Common7\IDE\CommonExtensions\Microsoft\CMake\CMake\bin\cmake.exe" -E copy_if_different C:/Paladin/config/lights.catalog C:/Paladin/out/build/x64-Release/assets/sprites/lights.catalog"
[2/17] C:\WINDOWS\system32\cmd.exe /C "cd /D C:\Paladin\out\build\x64-Release && "C:\Program Files\Microsoft Visual Studio\18\Community\Common7\IDE\CommonExtensions\Microsoft\CMake\CMake\bin\cmake.exe" -E copy_directory C:/Paladin/assets/sprites C:/Paladin/out/build/x64-Release/assets/sprites"
[3/17] C:\WINDOWS\system32\cmd.exe /C "cd /D C:\Paladin\out\build\x64-Release && "C:\Program Files\Microsoft Visual Studio\18\Community\Common7\IDE\CommonExtensions\Microsoft\CMake\CMake\bin\cmake.exe" -E make_directory C:/Paladin/out/build/x64-Release/assets/sprites && "C:\Program Files\Microsoft Visual Studio\18\Community\Common7\IDE\CommonExtensions\Microsoft\CMake\CMake\bin\cmake.exe" -E copy_if_different C:/Paladin/config/city-objects.catalog C:/Paladin/out/build/x64-Release/assets/sprites/objects.catalog"
[4/17] Building CXX object CMakeFiles\Paladin.dir\src\world\settlements\SettlementEmploymentState.cpp.obj
[5/17] Building CXX object CMakeFiles\Paladin.dir\src\rendering\CityRenderer.cpp.obj
[6/17] Building CXX object CMakeFiles\PaladinTests.dir\tests\WorldTests.cpp.obj
[7/17] Building CXX object CMakeFiles\Paladin.dir\src\world\settlements\SettlementLogistics.cpp.obj
[8/17] Building CXX object CMakeFiles\Paladin.dir\src\rendering\SettlementStructurePresentation.cpp.obj
[9/17] Linking CXX executable PaladinTests.exe
[10/17] Linking CXX executable Paladin.exe
[11/17] Building CXX object CMakeFiles\PaladinApplicationSmokeTests.dir\src\world\settlements\SettlementEmploymentState.cpp.obj
[12/17] Building CXX object CMakeFiles\PaladinApplicationSmokeTests.dir\src\rendering\CityRenderer.cpp.obj
[13/17] Building CXX object CMakeFiles\PaladinApplicationSmokeTests.dir\src\rendering\SettlementStructurePresentation.cpp.obj
[14/17] Building CXX object CMakeFiles\PaladinApplicationSmokeTests.dir\src\world\settlements\SettlementLogistics.cpp.obj
[15/17] Building CXX object CMakeFiles\PaladinApplicationSmokeTests.dir\tests\ApplicationSmokeTests.cpp.obj
[16/17] Linking CXX executable PaladinApplicationSmokeTests.exe
[17/17] Verify final world pixel grid, daylight/night rendering and sprite integration
FAILED: [code=1] CMakeFiles/PaladinArtCheck C:/Paladin/out/build/x64-Release/CMakeFiles/PaladinArtCheck 
C:\WINDOWS\system32\cmd.exe /C "cd /D C:\Paladin\out\build\x64-Release && "C:\Program Files\Microsoft Visual Studio\18\Community\Common7\IDE\CommonExtensions\Microsoft\CMake\CMake\bin\cmake.exe" -E env SDL_VIDEODRIVER=dummy SDL_RENDER_DRIVER=software C:/Paladin/out/build/x64-Release/PaladinApplicationSmokeTests.exe"
world pan/zoom mean_ms=4.04271 worst_ms=8.8506
globe renderer=software
globe generation land=31131 hills=4322 mountains=7212 supported=7212
globe measured mean=39.3351 worst=54.8999
city coast zoom mean_ms=8.22498 worst_ms=18.7591
globe warm zoom/rotation mean_ms=39.3351 worst_ms=54.8999 atlas_builds=1
Hidden interior tile 12,12 pixel 61,57
C:\Paladin\tests\ApplicationSmokeTests.cpp:416 Test failed: occupant.red == 210 && occupant.green == 180
ninja: build stopped: subcommand failed.
