[1/8] C:\WINDOWS\system32\cmd.exe /C "cd /D C:\Paladin\out\build\x64-Release && "C:\Program Files\Microsoft Visual Studio\18\Community\Common7\IDE\CommonExtensions\Microsoft\CMake\CMake\bin\cmake.exe" -E make_directory C:/Paladin/out/build/x64-Release/assets/sprites && "C:\Program Files\Microsoft Visual Studio\18\Community\Common7\IDE\CommonExtensions\Microsoft\CMake\CMake\bin\cmake.exe" -E copy_if_different C:/Paladin/config/art-palette.hex C:/Paladin/out/build/x64-Release/assets/sprites/art-palette.hex && "C:\Program Files\Microsoft Visual Studio\18\Community\Common7\IDE\CommonExtensions\Microsoft\CMake\CMake\bin\cmake.exe" -E copy_if_different C:/Paladin/config/pieces.catalog C:/Paladin/out/build/x64-Release/assets/sprites/pieces.catalog && "C:\Program Files\Microsoft Visual Studio\18\Community\Common7\IDE\CommonExtensions\Microsoft\CMake\CMake\bin\cmake.exe" -E copy_if_different C:/Paladin/config/lights.catalog C:/Paladin/out/build/x64-Release/assets/sprites/lights.catalog"
[2/8] C:\WINDOWS\system32\cmd.exe /C "cd /D C:\Paladin\out\build\x64-Release && "C:\Program Files\Microsoft Visual Studio\18\Community\Common7\IDE\CommonExtensions\Microsoft\CMake\CMake\bin\cmake.exe" -E copy_directory C:/Paladin/assets/sprites C:/Paladin/out/build/x64-Release/assets/sprites"
[3/8] C:\WINDOWS\system32\cmd.exe /C "cd /D C:\Paladin\out\build\x64-Release && "C:\Program Files\Microsoft Visual Studio\18\Community\Common7\IDE\CommonExtensions\Microsoft\CMake\CMake\bin\cmake.exe" -E make_directory C:/Paladin/out/build/x64-Release/assets/sprites && "C:\Program Files\Microsoft Visual Studio\18\Community\Common7\IDE\CommonExtensions\Microsoft\CMake\CMake\bin\cmake.exe" -E copy_if_different C:/Paladin/config/city-objects.catalog C:/Paladin/out/build/x64-Release/assets/sprites/objects.catalog"
[4/8] Building CXX object CMakeFiles\PaladinTests.dir\tests\SettlementSimulationLoopTests.cpp.obj
[5/8] Linking CXX executable PaladinTests.exe
[6/8] Building CXX object CMakeFiles\PaladinApplicationSmokeTests.dir\tests\ApplicationSmokeTests.cpp.obj
[7/8] Linking CXX executable PaladinApplicationSmokeTests.exe
[8/8] Verify final world pixel grid, daylight/night rendering and sprite integration
world pan/zoom mean_ms=4.03106 worst_ms=8.6578
globe renderer=software
globe generation land=31131 hills=4322 mountains=7212 supported=7212
globe measured mean=35.2144 worst=65.3242
city coast zoom mean_ms=10.4005 worst_ms=24.9127
globe warm zoom/rotation mean_ms=35.2144 worst_ms=65.3242 atlas_builds=1
Invalid object presentation recipe; using flat fallback
Cannot load sprite missing.png: Couldn't open C:\Paladin\out\build\x64-Release\renderer-test-fixture\missing.png: The system cannot find the file specified.
Cannot load sprite C:\Paladin\out\build\x64-Release\renderer-test-fixture\missing.png: Couldn't open C:\Paladin\out\build\x64-Release\renderer-test-fixture\missing.png: The system cannot find the file specified.; retaining placeholder
Invalid object presentation recipe; using flat fallback
Rejected off-palette or partial-alpha artwork: alpha.png
Rejected off-palette or partial-alpha artwork: alpha.png
Cannot load sprite missing.png: Couldn't open C:\Paladin\out\build\x64-Release\renderer-test-fixture\missing.png: The system cannot find the file specified.
Invalid object presentation recipe; using flat fallback
Cannot load sprite missing.png: Couldn't open C:\Paladin\out\build\x64-Release\renderer-test-fixture\missing.png: The system cannot find the file specified.
Application routing smoke test passed.
