ninja: Entering directory `C:\Paladin\out\build\x64-Debug'
[1/14] C:\WINDOWS\system32\cmd.exe /C "cd /D C:\Paladin\out\build\x64-Debug && C:\Paladin\out\build\x64-Debug\PaladinAssetCompiler.exe compile C:/Paladin C:/Paladin/out/build/x64-Debug/assets/packages"
sources=402 cache_hits=414 rebuilt=0 atlas_pages=10 output_bytes=23932627 errors=0 warnings=0
[2/14] Building CXX object CMakeFiles\Paladin.dir\src\rendering\ScenePresentation.cpp.obj
cl : Command line warning D9025 : overriding '/Od' with '/O2'
cl : Command line warning D9025 : overriding '/Ob0' with '/Ob2'
[3/14] Building CXX object CMakeFiles\PaladinSmokeCore.dir\src\rendering\ScenePresentation.cpp.obj
cl : Command line warning D9025 : overriding '/Od' with '/O2'
cl : Command line warning D9025 : overriding '/Ob0' with '/Ob2'
[4/14] Linking CXX static library PaladinSmokeCore.lib
[5/14] Linking CXX executable PaladinValidation.exe
[6/14] Linking CXX executable PaladinPr30RenderTests.exe
[7/14] Linking CXX executable PaladinPr31ApplicationTests.exe
[8/14] Linking CXX executable PaladinMilitaryUiArtTests.exe
[9/14] Linking CXX executable PaladinApplicationSmokeTests.exe
[10/14] C:\WINDOWS\system32\cmd.exe /C "cd /D C:\Paladin\out\build\x64-Debug && "C:\Program Files\Microsoft Visual Studio\18\Community\Common7\IDE\CommonExtensions\Microsoft\CMake\CMake\bin\cmake.exe" -E env SDL_VIDEODRIVER=dummy SDL_RENDER_DRIVER=software C:/Paladin/out/build/x64-Debug/PaladinPr30RenderTests.exe"
PR30: 4000 border phases and four bottom-right minimap layouts passed
PR30: panel drag capture, title-only routing, resize and focus cancellation passed
PR30: 144 animated citizen silhouette comparisons passed
[11/14] Linking CXX executable PaladinWorldSurfaceTests.exe
[12/14] Linking CXX executable PaladinCityCorrectionsVisualTests.exe
[13/14] C:\WINDOWS\system32\cmd.exe /C "cd /D C:\Paladin\out\build\x64-Debug && "C:\Program Files\Microsoft Visual Studio\18\Community\Common7\IDE\CommonExtensions\Microsoft\CMake\CMake\bin\cmake.exe" -E env SDL_VIDEODRIVER=dummy SDL_RENDER_DRIVER=software C:/Paladin/out/build/x64-Debug/PaladinPr31ApplicationTests.exe"
[pr31/startup] real progress, every packaged asset resident, shared GPU/silhouette cache, no generated world passed
[pr31/world] caravan pick/cargo/stop/no-click-through, active HUD focus, 12 tribal/civic zoom/projection selections, mass-conserving geographic density passed
[pr31/battle-ui] flat/globe attack, modal capture, all 56 canonical soldiers, 3 fight/retreat cycles, shared asset reuse and single autoresolve passed
[pr31/density] generated terrain and settlements, geographic census conservation and both projections passed
[14/14] Verify coast alignment, native marker motion, solar optics and day/night art
FAILED: [code=1] CMakeFiles/PaladinArtCheck C:/Paladin/out/build/x64-Debug/CMakeFiles/PaladinArtCheck 
C:\WINDOWS\system32\cmd.exe /C "cd /D C:\Paladin\out\build\x64-Debug && "C:\Program Files\Microsoft Visual Studio\18\Community\Common7\IDE\CommonExtensions\Microsoft\CMake\CMake\bin\cmake.exe" -E env SDL_VIDEODRIVER=dummy SDL_RENDER_DRIVER=software C:/Paladin/out/build/x64-Debug/PaladinWorldSurfaceTests.exe && "C:\Program Files\Microsoft Visual Studio\18\Community\Common7\IDE\CommonExtensions\Microsoft\CMake\CMake\bin\cmake.exe" -E env SDL_VIDEODRIVER=dummy SDL_RENDER_DRIVER=software C:/Paladin/out/build/x64-Debug/PaladinApplicationSmokeTests.exe && "C:\Program Files\Microsoft Visual Studio\18\Community\Common7\IDE\CommonExtensions\Microsoft\CMake\CMake\bin\cmake.exe" -E env SDL_VIDEODRIVER=dummy SDL_RENDER_DRIVER=software C:/Paladin/out/build/x64-Debug/PaladinMilitaryUiArtTests.exe && "C:\Program Files\Microsoft Visual Studio\18\Community\Common7\IDE\CommonExtensions\Microsoft\CMake\CMake\bin\cmake.exe" -E env SDL_VIDEODRIVER=dummy SDL_RENDER_DRIVER=software C:/Paladin/out/build/x64-Debug/PaladinCityCorrectionsVisualTests.exe"
political coast sea_ink=0 land_ink=9979
marker motion: 480 frames, identical translated plates
world composite globe=0 political=0 black=0
world composite globe=0 political=1 black=0
world composite globe=1 political=0 black=0
world composite globe=1 political=1 black=0
Thematic government/population and selected civic/tribal frontiers: globe and flat passed
Dynamic sun: changed_pixels=23867 mean_ms=3.66326
600x300 thematic preparation mode=0 worst_slice_ms=139.784
600x300 thematic preparation mode=2 worst_slice_ms=9.272
600x300 thematic preparation mode=3 worst_slice_ms=8.3342
PR25 world-surface, marker, map-mode and solar raster checks passed
world pan/zoom mean_ms=16.0942 worst_ms=42.7852
Realm founding, name reload and fortress chooser checks passed
globe renderer=software
globe generation land=31131 hills=4322 mountains=7212 supported=7212
globe measured mean=27.5759 worst=73.3538
city coast zoom mean_ms=15.8512 worst_ms=37.485
globe warm zoom/rotation mean_ms=27.5759 worst_ms=73.3538 atlas_builds=1
Invalid object presentation recipe; using flat fallback
Cannot load sprite missing.png: Couldn't open C:\Paladin\out\build\x64-Debug\renderer-test-fixture\missing.png: The system cannot find the file specified.
Cannot load sprite C:\Paladin\out\build\x64-Debug\renderer-test-fixture\missing.png: Couldn't open C:\Paladin\out\build\x64-Debug\renderer-test-fixture\missing.png: The system cannot find the file specified.; retaining placeholder
Invalid object presentation recipe; using flat fallback
Rejected off-palette or partial-alpha artwork: alpha.png
Rejected off-palette or partial-alpha artwork: alpha.png
Cannot load sprite missing.png: Couldn't open C:\Paladin\out\build\x64-Debug\renderer-test-fixture\missing.png: The system cannot find the file specified.
Invalid object presentation recipe; using flat fallback
Cannot load sprite missing.png: Couldn't open C:\Paladin\out\build\x64-Debug\renderer-test-fixture\missing.png: The system cannot find the file specified.
City motion: stable geometry and shared pixel grid across day/night source-texel boundaries
C:\Paladin\tests\ApplicationSmokeTests.cpp:4443 Test failed: app.camera_->tileX() == 15.5 && app.camera_->tileY() == 10.5
ninja: build stopped: subcommand failed.
