[0/2] Re-checking globbed directories...
[1/83] Linking C shared library _deps\sdl3-build\SDL3.dll
[2/80] C:\WINDOWS\system32\cmd.exe /C "cd /D C:\Paladin\out\build\x64-Debug && C:\Paladin\out\build\x64-Debug\PaladinAssetCompiler.exe compile C:/Paladin C:/Paladin/out/build/x64-Debug/assets/packages"
sources=402 cache_hits=414 rebuilt=0 atlas_pages=10 output_bytes=23932627 errors=0 warnings=0
[3/80] Building CXX object CMakeFiles\Paladin.dir\src\core\ApplicationCameraBenchmark.cpp.obj
C:\Paladin\src\rendering/SpriteSelection.h(28): warning C4018: '>': signed/unsigned mismatch
C:\Paladin\src\rendering/SpriteSelection.h(28): warning C4018: '>': signed/unsigned mismatch
[4/80] Building CXX object CMakeFiles\Paladin.dir\src\rendering\BattleScene.cpp.obj
cl : Command line warning D9025 : overriding '/Od' with '/O2'
cl : Command line warning D9025 : overriding '/Ob0' with '/Ob2'
C:\Paladin\src\rendering/SpriteSelection.h(28): warning C4018: '>': signed/unsigned mismatch
C:\Paladin\src\rendering/SpriteSelection.h(28): warning C4018: '>': signed/unsigned mismatch
[5/80] Building CXX object CMakeFiles\Paladin.dir\src\core\ApplicationBattle.cpp.obj
C:\Paladin\src\rendering/SpriteSelection.h(28): warning C4018: '>': signed/unsigned mismatch
C:\Paladin\src\rendering/SpriteSelection.h(28): warning C4018: '>': signed/unsigned mismatch
C:\Paladin\src\core\ApplicationBattle.cpp(371): warning C4244: 'initializing': conversion from 'uint64_t' to 'double', possible loss of data
C:\Paladin\src\core\ApplicationBattle.cpp(371): warning C4244: 'initializing': conversion from 'uint64_t' to 'const double', possible loss of data
C:\Paladin\src\rendering/WorldPoliticalSurface.h(293): warning C4244: '=': conversion from 'double' to 'float', possible loss of data
C:\Paladin\src\rendering/WorldPoliticalSurface.h(293): note: the template instantiation context (the oldest one first) is
C:\Paladin\src\rendering/WorldRealmQuery.h(17): note: see reference to function template instantiation 'Paladin::RealmId Paladin::worldSurfaceRealm<Paladin::TribalInfluenceMap>(const Paladin::WorldPoliticalSurfaceSample &,const Influence &,double)' being compiled
        with
        [
            Influence=Paladin::TribalInfluenceMap
        ]
C:\Paladin\src\rendering/WorldRealmQuery.h(13): note: see reference to function template instantiation 'Paladin::TribalInfluenceSample Paladin::worldTribalSurfaceSample<Influence>(const InfluenceSource &,const Paladin::WorldPoliticalSurfaceSample &)' being compiled
        with
        [
            Influence=Paladin::TribalInfluenceMap,
            InfluenceSource=Paladin::TribalInfluenceMap
        ]
C:\Paladin\src\rendering/WorldPoliticalSurface.h(298): warning C4244: '=': conversion from 'double' to 'float', possible loss of data
[6/80] Building CXX object CMakeFiles\Paladin.dir\src\core\Application.cpp.obj
C:\Paladin\src\rendering/SpriteSelection.h(28): warning C4018: '>': signed/unsigned mismatch
C:\Paladin\src\rendering/SpriteSelection.h(28): warning C4018: '>': signed/unsigned mismatch
C:\Paladin\src\rendering/WorldPoliticalSurface.h(293): warning C4244: '=': conversion from 'double' to 'float', possible loss of data
C:\Paladin\src\rendering/WorldPoliticalSurface.h(293): note: the template instantiation context (the oldest one first) is
C:\Paladin\src\rendering/WorldRealmQuery.h(17): note: see reference to function template instantiation 'Paladin::RealmId Paladin::worldSurfaceRealm<Paladin::TribalInfluenceMap>(const Paladin::WorldPoliticalSurfaceSample &,const Influence &,double)' being compiled
        with
        [
            Influence=Paladin::TribalInfluenceMap
        ]
C:\Paladin\src\rendering/WorldRealmQuery.h(13): note: see reference to function template instantiation 'Paladin::TribalInfluenceSample Paladin::worldTribalSurfaceSample<Influence>(const InfluenceSource &,const Paladin::WorldPoliticalSurfaceSample &)' being compiled
        with
        [
            Influence=Paladin::TribalInfluenceMap,
            InfluenceSource=Paladin::TribalInfluenceMap
        ]
C:\Paladin\src\rendering/WorldPoliticalSurface.h(298): warning C4244: '=': conversion from 'double' to 'float', possible loss of data
[7/80] Building CXX object CMakeFiles\Paladin.dir\src\core\ApplicationReports.cpp.obj
C:\Paladin\src\rendering/SpriteSelection.h(28): warning C4018: '>': signed/unsigned mismatch
C:\Paladin\src\rendering/SpriteSelection.h(28): warning C4018: '>': signed/unsigned mismatch
C:\Paladin\src\rendering/WorldPoliticalSurface.h(293): warning C4244: '=': conversion from 'double' to 'float', possible loss of data
C:\Paladin\src\rendering/WorldPoliticalSurface.h(293): note: the template instantiation context (the oldest one first) is
C:\Paladin\src\rendering/WorldRealmQuery.h(17): note: see reference to function template instantiation 'Paladin::RealmId Paladin::worldSurfaceRealm<Paladin::TribalInfluenceMap>(const Paladin::WorldPoliticalSurfaceSample &,const Influence &,double)' being compiled
        with
        [
            Influence=Paladin::TribalInfluenceMap
        ]
C:\Paladin\src\rendering/WorldRealmQuery.h(13): note: see reference to function template instantiation 'Paladin::TribalInfluenceSample Paladin::worldTribalSurfaceSample<Influence>(const InfluenceSource &,const Paladin::WorldPoliticalSurfaceSample &)' being compiled
        with
        [
            Influence=Paladin::TribalInfluenceMap,
            InfluenceSource=Paladin::TribalInfluenceMap
        ]
C:\Paladin\src\rendering/WorldPoliticalSurface.h(298): warning C4244: '=': conversion from 'double' to 'float', possible loss of data
[8/80] Building CXX object CMakeFiles\Paladin.dir\src\core\ApplicationCityScreen.cpp.obj
C:\Paladin\src\rendering/SpriteSelection.h(28): warning C4018: '>': signed/unsigned mismatch
C:\Paladin\src\rendering/SpriteSelection.h(28): warning C4018: '>': signed/unsigned mismatch
C:\Paladin\src\core\ApplicationCityScreen.cpp(47): warning C4244: 'argument': conversion from 'uint64_t' to 'double', possible loss of data
C:\Paladin\src\core\ApplicationCityScreen.cpp(105): warning C4244: 'argument': conversion from 'uint64_t' to 'double', possible loss of data
C:\Paladin\src\core\ApplicationCityScreen.cpp(176): warning C4244: 'argument': conversion from 'uint64_t' to 'double', possible loss of data
C:\Paladin\src\core\ApplicationCityScreen.cpp(243): warning C4244: 'argument': conversion from 'uint64_t' to 'double', possible loss of data
[9/80] Building CXX object CMakeFiles\Paladin.dir\src\core\ApplicationWorldScreen.cpp.obj
FAILED: [code=1] CMakeFiles/Paladin.dir/src/core/ApplicationWorldScreen.cpp.obj 
C:\PROGRA~1\MIB055~1\18\COMMUN~1\VC\Tools\MSVC\1451~1.362\bin\Hostx64\x64\cl.exe  /nologo /TP -DPALADIN_ART_ROOT=\"C:/Paladin/assets/sprites\" -DPALADIN_SOURCE_ART -D_ITERATOR_DEBUG_LEVEL=0 -IC:\Paladin\src -IC:\Paladin -IC:\Paladin\out\build\x64-Debug\_deps\sdl3-build\include-revision -IC:\Paladin\.cache\realm-pass-deps\sdl3\include -IC:\Paladin\.cache\realm-pass-deps\sdl3_ttf\include -IC:\Paladin\.cache\realm-pass-deps\sdl3_image\include /DWIN32 /D_WINDOWS /W3 /GR /EHsc /MDd /Zi /Ob0 /Od  -std:c++latest -MDd /RTC1 /showIncludes /FoCMakeFiles\Paladin.dir\src\core\ApplicationWorldScreen.cpp.obj /FdCMakeFiles\Paladin.dir\ /FS -c C:\Paladin\src\core\ApplicationWorldScreen.cpp
C:\Paladin\src\rendering/SpriteSelection.h(28): warning C4018: '>': signed/unsigned mismatch
C:\Paladin\src\rendering/SpriteSelection.h(28): warning C4018: '>': signed/unsigned mismatch
C:\Paladin\src\core\ApplicationWorldScreen.cpp(343): warning C4244: 'argument': conversion from 'uint64_t' to 'double', possible loss of data
C:\Paladin\src\rendering/WorldPoliticalSurface.h(293): warning C4244: '=': conversion from 'double' to 'float', possible loss of data
C:\Paladin\src\rendering/WorldPoliticalSurface.h(293): note: the template instantiation context (the oldest one first) is
C:\Paladin\src\rendering/WorldRealmQuery.h(17): note: see reference to function template instantiation 'Paladin::RealmId Paladin::worldSurfaceRealm<Paladin::TribalInfluenceMap>(const Paladin::WorldPoliticalSurfaceSample &,const Influence &,double)' being compiled
        with
        [
            Influence=Paladin::TribalInfluenceMap
        ]
C:\Paladin\src\rendering/WorldRealmQuery.h(13): note: see reference to function template instantiation 'Paladin::TribalInfluenceSample Paladin::worldTribalSurfaceSample<Influence>(const InfluenceSource &,const Paladin::WorldPoliticalSurfaceSample &)' being compiled
        with
        [
            Influence=Paladin::TribalInfluenceMap,
            InfluenceSource=Paladin::TribalInfluenceMap
        ]
C:\Paladin\src\rendering/WorldPoliticalSurface.h(298): warning C4244: '=': conversion from 'double' to 'float', possible loss of data
C:\Paladin\src\core\ApplicationWorldScreen.cpp : fatal error C1083: Cannot open compiler generated file: 'C:\Paladin\out\build\x64-Debug\CMakeFiles\Paladin.dir\src\core\ApplicationWorldScreen.cpp.obj': Permission denied
[10/80] Building CXX object CMakeFiles\Paladin.dir\src\core\ApplicationFrame.cpp.obj
C:\Paladin\src\rendering/SpriteSelection.h(28): warning C4018: '>': signed/unsigned mismatch
C:\Paladin\src\rendering/SpriteSelection.h(28): warning C4018: '>': signed/unsigned mismatch
C:\Paladin\src\rendering/WorldPoliticalSurface.h(293): warning C4244: '=': conversion from 'double' to 'float', possible loss of data
C:\Paladin\src\rendering/WorldPoliticalSurface.h(293): note: the template instantiation context (the oldest one first) is
C:\Paladin\src\rendering/WorldRealmQuery.h(17): note: see reference to function template instantiation 'Paladin::RealmId Paladin::worldSurfaceRealm<Paladin::TribalInfluenceMap>(const Paladin::WorldPoliticalSurfaceSample &,const Influence &,double)' being compiled
        with
        [
            Influence=Paladin::TribalInfluenceMap
        ]
C:\Paladin\src\rendering/WorldRealmQuery.h(13): note: see reference to function template instantiation 'Paladin::TribalInfluenceSample Paladin::worldTribalSurfaceSample<Influence>(const InfluenceSource &,const Paladin::WorldPoliticalSurfaceSample &)' being compiled
        with
        [
            Influence=Paladin::TribalInfluenceMap,
            InfluenceSource=Paladin::TribalInfluenceMap
        ]
C:\Paladin\src\rendering/WorldPoliticalSurface.h(298): warning C4244: '=': conversion from 'double' to 'float', possible loss of data
[11/80] Building CXX object CMakeFiles\Paladin.dir\src\core\ApplicationMilitary.cpp.obj
C:\Paladin\src\rendering/SpriteSelection.h(28): warning C4018: '>': signed/unsigned mismatch
C:\Paladin\src\rendering/SpriteSelection.h(28): warning C4018: '>': signed/unsigned mismatch
C:\Paladin\src\rendering/WorldPoliticalSurface.h(293): warning C4244: '=': conversion from 'double' to 'float', possible loss of data
C:\Paladin\src\rendering/WorldPoliticalSurface.h(293): note: the template instantiation context (the oldest one first) is
C:\Paladin\src\rendering/WorldRealmQuery.h(17): note: see reference to function template instantiation 'Paladin::RealmId Paladin::worldSurfaceRealm<Paladin::TribalInfluenceMap>(const Paladin::WorldPoliticalSurfaceSample &,const Influence &,double)' being compiled
        with
        [
            Influence=Paladin::TribalInfluenceMap
        ]
C:\Paladin\src\rendering/WorldRealmQuery.h(13): note: see reference to function template instantiation 'Paladin::TribalInfluenceSample Paladin::worldTribalSurfaceSample<Influence>(const InfluenceSource &,const Paladin::WorldPoliticalSurfaceSample &)' being compiled
        with
        [
            Influence=Paladin::TribalInfluenceMap,
            InfluenceSource=Paladin::TribalInfluenceMap
        ]
C:\Paladin\src\rendering/WorldPoliticalSurface.h(298): warning C4244: '=': conversion from 'double' to 'float', possible loss of data
[12/80] Building CXX object CMakeFiles\Paladin.dir\src\core\ApplicationCityInput.cpp.obj
C:\Paladin\src\rendering/SpriteSelection.h(28): warning C4018: '>': signed/unsigned mismatch
C:\Paladin\src\rendering/SpriteSelection.h(28): warning C4018: '>': signed/unsigned mismatch
C:\Paladin\src\core\ApplicationCityInput.cpp(107): warning C4244: 'argument': conversion from 'uint64_t' to 'double', possible loss of data
C:\Paladin\src\core\ApplicationCityInput.cpp(285): warning C4244: 'argument': conversion from 'uint64_t' to 'double', possible loss of data
ninja: build stopped: subcommand failed.
