[1/181] C:\WINDOWS\system32\cmd.exe /C "cd /D C:\Paladin\out\build\x64-Release && "C:\Program Files\Microsoft Visual Studio\18\Community\Common7\IDE\CommonExtensions\Microsoft\CMake\CMake\bin\cmake.exe" -E make_directory C:/Paladin/out/build/x64-Release/assets/sprites && "C:\Program Files\Microsoft Visual Studio\18\Community\Common7\IDE\CommonExtensions\Microsoft\CMake\CMake\bin\cmake.exe" -E copy_if_different C:/Paladin/config/art-palette.hex C:/Paladin/out/build/x64-Release/assets/sprites/art-palette.hex && "C:\Program Files\Microsoft Visual Studio\18\Community\Common7\IDE\CommonExtensions\Microsoft\CMake\CMake\bin\cmake.exe" -E copy_if_different C:/Paladin/config/pieces.catalog C:/Paladin/out/build/x64-Release/assets/sprites/pieces.catalog && "C:\Program Files\Microsoft Visual Studio\18\Community\Common7\IDE\CommonExtensions\Microsoft\CMake\CMake\bin\cmake.exe" -E copy_if_different C:/Paladin/config/lights.catalog C:/Paladin/out/build/x64-Release/assets/sprites/lights.catalog"
[2/181] C:\WINDOWS\system32\cmd.exe /C "cd /D C:\Paladin\out\build\x64-Release && "C:\Program Files\Microsoft Visual Studio\18\Community\Common7\IDE\CommonExtensions\Microsoft\CMake\CMake\bin\cmake.exe" -E copy_directory C:/Paladin/assets/sprites C:/Paladin/out/build/x64-Release/assets/sprites"
[3/181] C:\WINDOWS\system32\cmd.exe /C "cd /D C:\Paladin\out\build\x64-Release && "C:\Program Files\Microsoft Visual Studio\18\Community\Common7\IDE\CommonExtensions\Microsoft\CMake\CMake\bin\cmake.exe" -E make_directory C:/Paladin/out/build/x64-Release/assets/sprites && "C:\Program Files\Microsoft Visual Studio\18\Community\Common7\IDE\CommonExtensions\Microsoft\CMake\CMake\bin\cmake.exe" -E copy_if_different C:/Paladin/config/city-objects.catalog C:/Paladin/out/build/x64-Release/assets/sprites/objects.catalog"
[4/181] Building CXX object CMakeFiles\PaladinTests.dir\tests\WorldReliefTests.cpp.obj
[5/181] Building CXX object CMakeFiles\PaladinTests.dir\src\simulation\SimulationReports.cpp.obj
[6/181] Building CXX object CMakeFiles\Paladin.dir\src\core\ApplicationWorldScreen.cpp.obj
[7/181] Building CXX object CMakeFiles\Paladin.dir\src\core\Application.cpp.obj
[8/181] Building CXX object CMakeFiles\Paladin.dir\src\core\ApplicationCityScreen.cpp.obj
[9/181] Building CXX object CMakeFiles\Paladin.dir\src\core\ApplicationReports.cpp.obj
[10/181] Building CXX object CMakeFiles\Paladin.dir\src\core\ApplicationFrame.cpp.obj
[11/181] Building CXX object CMakeFiles\Paladin.dir\src\core\ApplicationWorldInput.cpp.obj
[12/181] Building CXX object CMakeFiles\Paladin.dir\src\core\ApplicationCityInput.cpp.obj
[13/181] Building CXX object CMakeFiles\PaladinTests.dir\tests\SettlementSimulationLoopTests.cpp.obj
[14/181] Building CXX object CMakeFiles\Paladin.dir\src\core\ApplicationSession.cpp.obj
[15/181] Building CXX object CMakeFiles\Paladin.dir\src\core\ApplicationCamera.cpp.obj
[16/181] Building CXX object CMakeFiles\Paladin.dir\src\core\ApplicationDebug.cpp.obj
[17/181] Building CXX object CMakeFiles\Paladin.dir\src\interaction\SettlementCommandController.cpp.obj
[18/181] Building CXX object CMakeFiles\Paladin.dir\src\interaction\SettlementInspectionController.cpp.obj
[19/181] Building CXX object CMakeFiles\Paladin.dir\src\interaction\SettlementObjectPlacementController.cpp.obj
[20/181] Building CXX object CMakeFiles\Paladin.dir\src\interaction\SettlementPlacementController.cpp.obj
[21/181] Building CXX object CMakeFiles\Paladin.dir\src\rendering\CityRenderer.cpp.obj
[22/181] Building CXX object CMakeFiles\Paladin.dir\src\rendering\SettlementLogisticsRenderer.cpp.obj
[23/181] Building CXX object CMakeFiles\Paladin.dir\src\rendering\SettlementNaturalFeatureRenderer.cpp.obj
[24/181] Building CXX object CMakeFiles\Paladin.dir\src\rendering\SettlementStructurePresentation.cpp.obj
[25/181] Building CXX object CMakeFiles\Paladin.dir\src\rendering\SettlementMarkerRenderer.cpp.obj
[26/181] Building CXX object CMakeFiles\Paladin.dir\src\rendering\WorldRenderer.cpp.obj
[27/181] Building CXX object CMakeFiles\Paladin.dir\src\rendering\SettlementCommandRenderer.cpp.obj
[28/181] Building CXX object CMakeFiles\Paladin.dir\src\rendering\SettlementCitizenRenderer.cpp.obj
[29/181] Building CXX object CMakeFiles\Paladin.dir\src\rendering\SettlementObjectRenderer.cpp.obj
[30/181] Building CXX object CMakeFiles\Paladin.dir\src\simulation\Simulation.cpp.obj
[31/181] Building CXX object CMakeFiles\Paladin.dir\src\rendering\TerritoryRenderer.cpp.obj
[32/181] Building CXX object CMakeFiles\Paladin.dir\src\simulation\SimulationReports.cpp.obj
[33/181] Building CXX object CMakeFiles\Paladin.dir\src\simulation\WorldSimulationPipeline.cpp.obj
[34/181] Building CXX object CMakeFiles\Paladin.dir\src\simulation\systems\SettlementPopulationSystem.cpp.obj
[35/181] Building CXX object CMakeFiles\Paladin.dir\src\world\generation\SettlementMapGenerator.cpp.obj
[36/181] Building CXX object CMakeFiles\Paladin.dir\src\simulation\systems\SettlementEconomySystem.cpp.obj
[37/181] Building CXX object CMakeFiles\Paladin.dir\src\world\World.cpp.obj
[38/181] Building CXX object CMakeFiles\Paladin.dir\src\world\generation\ClimateGenerator.cpp.obj
[39/181] Building CXX object CMakeFiles\Paladin.dir\src\world\generation\LandmassGenerator.cpp.obj
[40/181] Building CXX object CMakeFiles\Paladin.dir\src\world\generation\TerrainBiomeClassifier.cpp.obj
[41/181] Building CXX object CMakeFiles\Paladin.dir\src\world\generation\WorldGenerator.cpp.obj
[42/181] Building CXX object CMakeFiles\Paladin.dir\src\world\settlements\SettlementMap.cpp.obj
[43/181] Building CXX object CMakeFiles\Paladin.dir\src\simulation\systems\SettlementAnimalWork.cpp.obj
[44/181] Building CXX object CMakeFiles\Paladin.dir\src\world\entities\animals\SettlementAnimals.cpp.obj
[45/181] Building CXX object CMakeFiles\Paladin.dir\src\world\settlements\SettlementEmploymentState.cpp.obj
[46/181] Building CXX object CMakeFiles\Paladin.dir\src\world\settlements\SettlementNaturalFeatures.cpp.obj
[47/181] Building CXX object CMakeFiles\Paladin.dir\src\simulation\systems\SettlementCitizenMovement.cpp.obj
[48/181] Building CXX object CMakeFiles\Paladin.dir\src\simulation\systems\SettlementNavigation.cpp.obj
[49/181] Building CXX object CMakeFiles\Paladin.dir\src\simulation\systems\SettlementActivitySelection.cpp.obj
[50/181] Building CXX object CMakeFiles\Paladin.dir\src\simulation\systems\SettlementActivitySystem.cpp.obj
[51/181] Building CXX object CMakeFiles\Paladin.dir\src\simulation\systems\SettlementLeisure.cpp.obj
[52/181] Building CXX object CMakeFiles\Paladin.dir\src\simulation\systems\SettlementCitizenNeeds.cpp.obj
[53/181] Building CXX object CMakeFiles\Paladin.dir\src\simulation\systems\SettlementJobBoard.cpp.obj
[54/181] Building CXX object CMakeFiles\Paladin.dir\src\world\settlements\SettlementLogistics.cpp.obj
[55/181] Building CXX object CMakeFiles\Paladin.dir\src\simulation\systems\SettlementFamilySystem.cpp.obj
[56/181] Building CXX object CMakeFiles\Paladin.dir\src\world\settlements\objects\jobs\fishery\FisheryJob.cpp.obj
[57/181] Building CXX object CMakeFiles\Paladin.dir\src\world\settlements\SettlementCommerce.cpp.obj
[58/181] Building CXX object CMakeFiles\Paladin.dir\src\world\settlements\objects\SettlementObjectLifecycle.cpp.obj
[59/181] Building CXX object CMakeFiles\Paladin.dir\src\world\settlements\SettlementSimulationState.cpp.obj
[60/181] Building CXX object CMakeFiles\Paladin.dir\src\world\settlements\citizens\SettlementCitizenState.cpp.obj
[61/181] Building CXX object CMakeFiles\Paladin.dir\src\world\settlements\citizens\SettlementCitizenAttributes.cpp.obj
[62/181] Building CXX object CMakeFiles\Paladin.dir\src\world\settlements\SettlementImmigration.cpp.obj
[63/181] Building CXX object CMakeFiles\Paladin.dir\src\world\settlements\objects\SettlementObjectState.cpp.obj
[64/181] Building CXX object CMakeFiles\Paladin.dir\src\world\territory\TerritoryFoundationSystem.cpp.obj
[65/181] Building CXX object CMakeFiles\Paladin.dir\src\world\settlements\commands\SettlementCommandState.cpp.obj
[66/181] Building CXX object CMakeFiles\Paladin.dir\src\rendering\WorldGridRenderer.cpp.obj
[67/181] Building CXX object CMakeFiles\Paladin.dir\src\ui\CityHud.cpp.obj
[68/181] Building CXX object CMakeFiles\Paladin.dir\src\ui\LedgerPanelData.cpp.obj
[69/181] Building CXX object CMakeFiles\Paladin.dir\src\ui\EmploymentPanel.cpp.obj
[70/181] Building CXX object CMakeFiles\Paladin.dir\src\ui\EmploymentPopulation.cpp.obj
[71/181] Building CXX object CMakeFiles\Paladin.dir\src\ui\SettlementInspectionPanel.cpp.obj
[72/181] Building CXX object CMakeFiles\PaladinTests.dir\tests\CoreTests.cpp.obj
[73/181] Linking CXX executable Paladin.exe
[74/181] Building CXX object CMakeFiles\PaladinTests.dir\tests\SettlementActivityTests.cpp.obj
[75/181] Building CXX object CMakeFiles\PaladinTests.dir\tests\SettlementEmploymentTests.cpp.obj
[76/181] Building CXX object CMakeFiles\PaladinTests.dir\src\world\generation\SettlementMapGenerator.cpp.obj
[77/181] Building CXX object CMakeFiles\PaladinTests.dir\tests\WorldGenerationTests.cpp.obj
[78/181] Building CXX object CMakeFiles\PaladinTests.dir\src\world\World.cpp.obj
[79/181] Building CXX object CMakeFiles\PaladinTests.dir\tests\WorldTests.cpp.obj
[80/181] Building CXX object CMakeFiles\PaladinTests.dir\src\world\generation\LandmassGenerator.cpp.obj
[81/181] Building CXX object CMakeFiles\PaladinTests.dir\src\world\generation\ClimateGenerator.cpp.obj
[82/181] Building CXX object CMakeFiles\PaladinTests.dir\src\world\generation\TerrainBiomeClassifier.cpp.obj
[83/181] Building CXX object CMakeFiles\PaladinTests.dir\src\world\generation\WorldGenerator.cpp.obj
[84/181] Building CXX object CMakeFiles\PaladinTests.dir\src\world\settlements\SettlementMap.cpp.obj
[85/181] Building CXX object CMakeFiles\PaladinTests.dir\src\world\entities\animals\SettlementAnimals.cpp.obj
[86/181] Building CXX object CMakeFiles\PaladinTests.dir\src\world\settlements\SettlementNaturalFeatures.cpp.obj
[87/181] Building CXX object CMakeFiles\PaladinTests.dir\src\world\settlements\SettlementEmploymentState.cpp.obj
[88/181] Building CXX object CMakeFiles\PaladinTests.dir\src\simulation\systems\SettlementAnimalWork.cpp.obj
[89/181] Building CXX object CMakeFiles\PaladinTests.dir\src\simulation\systems\SettlementNavigation.cpp.obj
[90/181] Building CXX object CMakeFiles\PaladinTests.dir\src\simulation\systems\SettlementCitizenMovement.cpp.obj
[91/181] Building CXX object CMakeFiles\PaladinTests.dir\src\simulation\systems\SettlementActivitySystem.cpp.obj
[92/181] Building CXX object CMakeFiles\PaladinTests.dir\src\simulation\systems\SettlementActivitySelection.cpp.obj
[93/181] Building CXX object CMakeFiles\PaladinTests.dir\src\simulation\systems\SettlementLeisure.cpp.obj
[94/181] Building CXX object CMakeFiles\PaladinTests.dir\src\simulation\systems\SettlementCitizenNeeds.cpp.obj
[95/181] Building CXX object CMakeFiles\PaladinTests.dir\src\world\settlements\SettlementLogistics.cpp.obj
[96/181] Building CXX object CMakeFiles\PaladinTests.dir\src\simulation\systems\SettlementJobBoard.cpp.obj
[97/181] Building CXX object CMakeFiles\PaladinTests.dir\src\simulation\systems\SettlementFamilySystem.cpp.obj
[98/181] Building CXX object CMakeFiles\PaladinTests.dir\src\world\settlements\objects\jobs\fishery\FisheryJob.cpp.obj
[99/181] Building CXX object CMakeFiles\PaladinTests.dir\src\world\settlements\objects\SettlementObjectLifecycle.cpp.obj
[100/181] Building CXX object CMakeFiles\PaladinTests.dir\src\world\settlements\SettlementCommerce.cpp.obj
[101/181] Building CXX object CMakeFiles\PaladinTests.dir\src\world\settlements\SettlementSimulationState.cpp.obj
[102/181] Building CXX object CMakeFiles\PaladinTests.dir\src\world\settlements\citizens\SettlementCitizenAttributes.cpp.obj
[103/181] Building CXX object CMakeFiles\PaladinTests.dir\src\world\settlements\citizens\SettlementCitizenState.cpp.obj
[104/181] Building CXX object CMakeFiles\PaladinTests.dir\src\world\settlements\SettlementImmigration.cpp.obj
[105/181] Building CXX object CMakeFiles\PaladinTests.dir\src\world\settlements\objects\SettlementObjectState.cpp.obj
[106/181] Building CXX object CMakeFiles\PaladinTests.dir\src\world\territory\TerritoryFoundationSystem.cpp.obj
[107/181] Building CXX object CMakeFiles\PaladinTests.dir\src\world\settlements\commands\SettlementCommandState.cpp.obj
[108/181] Building CXX object CMakeFiles\PaladinTests.dir\src\simulation\WorldSimulationPipeline.cpp.obj
[109/181] Building CXX object CMakeFiles\PaladinTests.dir\src\interaction\SettlementObjectPlacementController.cpp.obj
[110/181] Building CXX object CMakeFiles\PaladinTests.dir\src\simulation\systems\SettlementEconomySystem.cpp.obj
[111/181] Building CXX object CMakeFiles\PaladinTests.dir\src\simulation\systems\SettlementPopulationSystem.cpp.obj
[112/181] Building CXX object CMakeFiles\PaladinTests.dir\src\interaction\SettlementCommandController.cpp.obj
[113/181] Building CXX object CMakeFiles\PaladinTests.dir\src\interaction\SettlementInspectionController.cpp.obj
[114/181] Building CXX object CMakeFiles\PaladinApplicationSmokeTests.dir\tests\ApplicationSmokeTests.cpp.obj
FAILED: [code=2] CMakeFiles/PaladinApplicationSmokeTests.dir/tests/ApplicationSmokeTests.cpp.obj
C:\PROGRA~1\MIB055~1\18\COMMUN~1\VC\Tools\MSVC\1451~1.362\bin\Hostx64\x64\cl.exe  /nologo /TP  -IC:\Paladin\src -IC:\Paladin\tests -IC:\Paladin\out\build\x64-Release\_deps\sdl3-build\include-revision -IC:\Paladin\out\build\x64-Debug\_deps\sdl3-src\include -IC:\Paladin\out\build\x64-Debug\_deps\sdl3_ttf-src\include -IC:\Paladin\out\build\x64-Debug\_deps\sdl3_image-src\include /DWIN32 /D_WINDOWS /EHsc /O2 /Ob2 /DNDEBUG -std:c++latest -MD /showIncludes /FoCMakeFiles\PaladinApplicationSmokeTests.dir\tests\ApplicationSmokeTests.cpp.obj /FdCMakeFiles\PaladinApplicationSmokeTests.dir\ /FS -c C:\Paladin\tests\ApplicationSmokeTests.cpp
C:\Paladin\tests\CityZoomPerformanceChecks.h(34): error C2079: 'camera' uses undefined class 'Paladin::Camera2D'
C:\Paladin\tests\CityZoomPerformanceChecks.h(50): error C2027: use of undefined type 'Paladin::TileRenderMetrics'
C:\Paladin\src\rendering/SettlementCitizenRenderer.h(12): note: see declaration of 'Paladin::TileRenderMetrics'
[115/181] Building CXX object CMakeFiles\PaladinApplicationSmokeTests.dir\src\core\Application.cpp.obj
[116/181] Building CXX object CMakeFiles\PaladinApplicationSmokeTests.dir\src\core\ApplicationWorldScreen.cpp.obj
[117/181] Building CXX object CMakeFiles\PaladinApplicationSmokeTests.dir\src\core\ApplicationCityScreen.cpp.obj
ninja: build stopped: subcommand failed.
