[1/169] C:\WINDOWS\system32\cmd.exe /C "cd /D C:\Paladin\out\build\x64-Debug && "C:\Program Files\Microsoft Visual Studio\18\Community\Common7\IDE\CommonExtensions\Microsoft\CMake\CMake\bin\cmake.exe" -E make_directory C:/Paladin/out/build/x64-Debug/assets/sprites && "C:\Program Files\Microsoft Visual Studio\18\Community\Common7\IDE\CommonExtensions\Microsoft\CMake\CMake\bin\cmake.exe" -E copy_if_different C:/Paladin/config/art-palette.hex C:/Paladin/out/build/x64-Debug/assets/sprites/art-palette.hex && "C:\Program Files\Microsoft Visual Studio\18\Community\Common7\IDE\CommonExtensions\Microsoft\CMake\CMake\bin\cmake.exe" -E copy_if_different C:/Paladin/config/pieces.catalog C:/Paladin/out/build/x64-Debug/assets/sprites/pieces.catalog && "C:\Program Files\Microsoft Visual Studio\18\Community\Common7\IDE\CommonExtensions\Microsoft\CMake\CMake\bin\cmake.exe" -E copy_if_different C:/Paladin/config/lights.catalog C:/Paladin/out/build/x64-Debug/assets/sprites/lights.catalog"
[2/169] C:\WINDOWS\system32\cmd.exe /C "cd /D C:\Paladin\out\build\x64-Debug && "C:\Program Files\Microsoft Visual Studio\18\Community\Common7\IDE\CommonExtensions\Microsoft\CMake\CMake\bin\cmake.exe" -E copy_directory C:/Paladin/assets/sprites C:/Paladin/out/build/x64-Debug/assets/sprites"
[3/169] C:\WINDOWS\system32\cmd.exe /C "cd /D C:\Paladin\out\build\x64-Debug && "C:\Program Files\Microsoft Visual Studio\18\Community\Common7\IDE\CommonExtensions\Microsoft\CMake\CMake\bin\cmake.exe" -E make_directory C:/Paladin/out/build/x64-Debug/assets/sprites && "C:\Program Files\Microsoft Visual Studio\18\Community\Common7\IDE\CommonExtensions\Microsoft\CMake\CMake\bin\cmake.exe" -E copy_if_different C:/Paladin/config/city-objects.catalog C:/Paladin/out/build/x64-Debug/assets/sprites/objects.catalog"
[4/169] Building CXX object CMakeFiles\Paladin.dir\src\main.cpp.obj
[5/169] Building CXX object CMakeFiles\Paladin.dir\src\core\ApplicationMainMenu.cpp.obj
[6/169] Building CXX object CMakeFiles\Paladin.dir\src\core\ApplicationWorldScreen.cpp.obj
C:\Paladin\src\core\ApplicationWorldScreen.cpp(246): warning C4244: 'argument': conversion from 'uint64_t' to 'double', possible loss of data
[7/169] Building CXX object CMakeFiles\Paladin.dir\src\core\Application.cpp.obj
[8/169] Building CXX object CMakeFiles\Paladin.dir\src\core\ApplicationCityScreen.cpp.obj
C:\Paladin\src\core\ApplicationCityScreen.cpp(42): warning C4244: 'argument': conversion from 'uint64_t' to 'double', possible loss of data
C:\Paladin\src\core\ApplicationCityScreen.cpp(224): warning C4244: 'argument': conversion from 'uint64_t' to 'double', possible loss of data
[9/169] Building CXX object CMakeFiles\Paladin.dir\src\core\ApplicationReports.cpp.obj
[10/169] Building CXX object CMakeFiles\Paladin.dir\src\core\ApplicationFrame.cpp.obj
[11/169] Building CXX object CMakeFiles\Paladin.dir\src\core\ApplicationCityInput.cpp.obj
C:\Paladin\src\core\ApplicationCityInput.cpp(105): warning C4244: 'argument': conversion from 'uint64_t' to 'double', possible loss of data
C:\Paladin\src\core\ApplicationCityInput.cpp(255): warning C4244: 'argument': conversion from 'uint64_t' to 'double', possible loss of data
[12/169] Building CXX object CMakeFiles\Paladin.dir\src\core\ApplicationWorldInput.cpp.obj
C:\Paladin\src\core\ApplicationWorldInput.cpp(371): warning C4244: 'argument': conversion from 'uint64_t' to 'double', possible loss of data
[13/169] Building CXX object CMakeFiles\Paladin.dir\src\core\ApplicationCamera.cpp.obj
[14/169] Building CXX object CMakeFiles\Paladin.dir\src\core\ApplicationSession.cpp.obj
[15/169] Building CXX object CMakeFiles\Paladin.dir\src\core\ApplicationDebug.cpp.obj
C:\Paladin\src\core\ApplicationDebug.cpp(95): warning C4244: 'argument': conversion from 'uint64_t' to 'double', possible loss of data
[16/169] Building CXX object CMakeFiles\Paladin.dir\src\interaction\SettlementInspectionController.cpp.obj
[17/169] Building CXX object CMakeFiles\Paladin.dir\src\interaction\SettlementCommandController.cpp.obj
[18/169] Building CXX object CMakeFiles\Paladin.dir\src\interaction\SettlementObjectPlacementController.cpp.obj
[19/169] Building CXX object CMakeFiles\Paladin.dir\src\rendering\Renderer.cpp.obj
[20/169] Building CXX object CMakeFiles\Paladin.dir\src\interaction\SettlementPlacementController.cpp.obj
[21/169] Building CXX object CMakeFiles\Paladin.dir\src\rendering\CityRenderer.cpp.obj
[22/169] Building CXX object CMakeFiles\Paladin.dir\src\rendering\SceneSpriteLibrary.cpp.obj
[23/169] Building CXX object CMakeFiles\Paladin.dir\src\rendering\SettlementStructurePresentation.cpp.obj
[24/169] Building CXX object CMakeFiles\Paladin.dir\src\rendering\SettlementLogisticsRenderer.cpp.obj
[25/169] Building CXX object CMakeFiles\Paladin.dir\src\rendering\SpriteRenderer.cpp.obj
[26/169] Building CXX object CMakeFiles\Paladin.dir\src\rendering\OverlayRenderer.cpp.obj
[27/169] Building CXX object CMakeFiles\Paladin.dir\src\rendering\SettlementNaturalFeatureRenderer.cpp.obj
[28/169] Building CXX object CMakeFiles\Paladin.dir\src\rendering\SettlementCommandRenderer.cpp.obj
[29/169] Building CXX object CMakeFiles\Paladin.dir\src\rendering\SettlementMarkerRenderer.cpp.obj
[30/169] Building CXX object CMakeFiles\Paladin.dir\src\rendering\WorldRenderer.cpp.obj
[31/169] Building CXX object CMakeFiles\Paladin.dir\src\rendering\SettlementCitizenRenderer.cpp.obj
[32/169] Building CXX object CMakeFiles\Paladin.dir\src\rendering\SettlementObjectRenderer.cpp.obj
[33/169] Building CXX object CMakeFiles\Paladin.dir\src\rendering\TerritoryRenderer.cpp.obj
[34/169] Building CXX object CMakeFiles\Paladin.dir\src\simulation\Simulation.cpp.obj
[35/169] Building CXX object CMakeFiles\Paladin.dir\src\simulation\SimulationReports.cpp.obj
[36/169] Building CXX object CMakeFiles\Paladin.dir\src\simulation\WorldSimulationPipeline.cpp.obj
[37/169] Building CXX object CMakeFiles\Paladin.dir\src\simulation\systems\SettlementEconomySystem.cpp.obj
[38/169] Building CXX object CMakeFiles\Paladin.dir\src\simulation\systems\SettlementPopulationSystem.cpp.obj
[39/169] Building CXX object CMakeFiles\Paladin.dir\src\world\generation\SettlementMapGenerator.cpp.obj
[40/169] Building CXX object CMakeFiles\Paladin.dir\src\world\World.cpp.obj
[41/169] Building CXX object CMakeFiles\Paladin.dir\src\world\generation\LandmassGenerator.cpp.obj
[42/169] Building CXX object CMakeFiles\Paladin.dir\src\world\generation\ClimateGenerator.cpp.obj
[43/169] Building CXX object CMakeFiles\Paladin.dir\src\world\generation\TerrainBiomeClassifier.cpp.obj
[44/169] Building CXX object CMakeFiles\Paladin.dir\src\world\generation\WorldGenerator.cpp.obj
[45/169] Building CXX object CMakeFiles\Paladin.dir\src\world\settlements\SettlementMap.cpp.obj
[46/169] Building CXX object CMakeFiles\Paladin.dir\src\simulation\systems\SettlementAnimalWork.cpp.obj
[47/169] Building CXX object CMakeFiles\Paladin.dir\src\world\entities\animals\SettlementAnimals.cpp.obj
[48/169] Building CXX object CMakeFiles\Paladin.dir\src\world\settlements\SettlementNaturalFeatures.cpp.obj
[49/169] Building CXX object CMakeFiles\Paladin.dir\src\world\settlements\SettlementEmploymentState.cpp.obj
[50/169] Building CXX object CMakeFiles\Paladin.dir\src\simulation\systems\SettlementCitizenMovement.cpp.obj
[51/169] Building CXX object CMakeFiles\Paladin.dir\src\simulation\systems\SettlementNavigation.cpp.obj
[52/169] Building CXX object CMakeFiles\Paladin.dir\src\simulation\systems\SettlementActivitySystem.cpp.obj
[53/169] Building CXX object CMakeFiles\Paladin.dir\src\simulation\systems\SettlementActivitySelection.cpp.obj
[54/169] Building CXX object CMakeFiles\Paladin.dir\src\simulation\systems\SettlementLeisure.cpp.obj
C:\Paladin\src\simulation\systems\SettlementLeisure.cpp(327): warning C4244: 'initializing': conversion from 'uint64_t' to 'double', possible loss of data
[55/169] Building CXX object CMakeFiles\Paladin.dir\src\simulation\systems\SettlementJobBoard.cpp.obj
[56/169] Building CXX object CMakeFiles\Paladin.dir\src\simulation\systems\SettlementCitizenNeeds.cpp.obj
[57/169] Building CXX object CMakeFiles\Paladin.dir\src\simulation\systems\SettlementFamilySystem.cpp.obj
[58/169] Building CXX object CMakeFiles\Paladin.dir\src\world\settlements\objects\jobs\fishery\FisheryJob.cpp.obj
[59/169] Building CXX object CMakeFiles\Paladin.dir\src\world\settlements\SettlementLogistics.cpp.obj
[60/169] Building CXX object CMakeFiles\Paladin.dir\src\world\settlements\objects\SettlementObjectLifecycle.cpp.obj
[61/169] Building CXX object CMakeFiles\Paladin.dir\src\world\settlements\SettlementCommerce.cpp.obj
[62/169] Building CXX object CMakeFiles\Paladin.dir\src\world\settlements\SettlementSimulationState.cpp.obj
[63/169] Building CXX object CMakeFiles\Paladin.dir\src\world\settlements\citizens\SettlementCitizenState.cpp.obj
[64/169] Building CXX object CMakeFiles\Paladin.dir\src\world\settlements\citizens\SettlementCitizenAttributes.cpp.obj
[65/169] Building CXX object CMakeFiles\Paladin.dir\src\world\settlements\SettlementImmigration.cpp.obj
[66/169] Building CXX object CMakeFiles\Paladin.dir\src\world\territory\TerritoryFoundationSystem.cpp.obj
[67/169] Building CXX object CMakeFiles\Paladin.dir\src\world\settlements\objects\SettlementObjectState.cpp.obj
[68/169] Building CXX object CMakeFiles\Paladin.dir\src\world\settlements\commands\SettlementCommandState.cpp.obj
[69/169] Building CXX object CMakeFiles\Paladin.dir\src\ui\BitmapFontRenderer.cpp.obj
[70/169] Building CXX object CMakeFiles\Paladin.dir\src\rendering\WorldGridRenderer.cpp.obj
[71/169] Building CXX object CMakeFiles\Paladin.dir\src\ui\CityHud.cpp.obj
[72/169] Building CXX object CMakeFiles\Paladin.dir\src\ui\LedgerPanel.cpp.obj
[73/169] Building CXX object CMakeFiles\Paladin.dir\src\ui\LedgerPanelData.cpp.obj
[74/169] Building CXX object CMakeFiles\Paladin.dir\src\ui\EmploymentPopulation.cpp.obj
[75/169] Building CXX object CMakeFiles\Paladin.dir\src\ui\DebugConsole.cpp.obj
[76/169] Building CXX object CMakeFiles\Paladin.dir\src\ui\EmploymentPanel.cpp.obj
[77/169] Building CXX object CMakeFiles\Paladin.dir\src\ui\GrayUiRenderer.cpp.obj
[78/169] Building CXX object CMakeFiles\Paladin.dir\src\ui\UiButton.cpp.obj
[79/169] Building CXX object CMakeFiles\Paladin.dir\src\ui\FoundingPanel.cpp.obj
[80/169] Building CXX object CMakeFiles\Paladin.dir\src\ui\UiTextField.cpp.obj
[81/169] Building CXX object CMakeFiles\Paladin.dir\src\ui\MainMenu.cpp.obj
[82/169] Building CXX object CMakeFiles\Paladin.dir\src\ui\SimulationSpeedControls.cpp.obj
[83/169] Building CXX object CMakeFiles\Paladin.dir\src\ui\WorldHud.cpp.obj
[84/169] Building CXX object CMakeFiles\Paladin.dir\src\ui\NormalFontRenderer.cpp.obj
[85/169] Building CXX object CMakeFiles\Paladin.dir\src\ui\SettlementInspectionPanel.cpp.obj
C:\Paladin\src\ui\SettlementInspectionPanel.cpp(325): warning C4244: 'argument': conversion from 'int' to 'float', possible loss of data
[86/169] Linking CXX executable Paladin.exe
[87/169] Building CXX object CMakeFiles\PaladinApplicationSmokeTests.dir\src\core\ApplicationMainMenu.cpp.obj
[88/169] Building CXX object CMakeFiles\PaladinApplicationSmokeTests.dir\src\core\ApplicationWorldScreen.cpp.obj
C:\Paladin\src\core\ApplicationWorldScreen.cpp(246): warning C4244: 'argument': conversion from 'uint64_t' to 'double', possible loss of data
[89/169] Building CXX object CMakeFiles\PaladinApplicationSmokeTests.dir\src\core\Application.cpp.obj
[90/169] Building CXX object CMakeFiles\PaladinApplicationSmokeTests.dir\tests\ApplicationSmokeTests.cpp.obj
[91/169] Building CXX object CMakeFiles\PaladinApplicationSmokeTests.dir\src\core\ApplicationCityScreen.cpp.obj
C:\Paladin\src\core\ApplicationCityScreen.cpp(42): warning C4244: 'argument': conversion from 'uint64_t' to 'double', possible loss of data
C:\Paladin\src\core\ApplicationCityScreen.cpp(224): warning C4244: 'argument': conversion from 'uint64_t' to 'double', possible loss of data
[92/169] Building CXX object CMakeFiles\PaladinApplicationSmokeTests.dir\src\core\ApplicationReports.cpp.obj
[93/169] Building CXX object CMakeFiles\PaladinApplicationSmokeTests.dir\src\core\ApplicationFrame.cpp.obj
[94/169] Building CXX object CMakeFiles\PaladinApplicationSmokeTests.dir\src\core\ApplicationWorldInput.cpp.obj
C:\Paladin\src\core\ApplicationWorldInput.cpp(371): warning C4244: 'argument': conversion from 'uint64_t' to 'double', possible loss of data
[95/169] Building CXX object CMakeFiles\PaladinApplicationSmokeTests.dir\src\core\ApplicationCityInput.cpp.obj
C:\Paladin\src\core\ApplicationCityInput.cpp(105): warning C4244: 'argument': conversion from 'uint64_t' to 'double', possible loss of data
C:\Paladin\src\core\ApplicationCityInput.cpp(255): warning C4244: 'argument': conversion from 'uint64_t' to 'double', possible loss of data
[96/169] Building CXX object CMakeFiles\PaladinApplicationSmokeTests.dir\src\core\ApplicationCamera.cpp.obj
[97/169] Building CXX object CMakeFiles\PaladinApplicationSmokeTests.dir\src\core\ApplicationSession.cpp.obj
[98/169] Building CXX object CMakeFiles\PaladinApplicationSmokeTests.dir\src\interaction\SettlementCommandController.cpp.obj
[99/169] Building CXX object CMakeFiles\PaladinApplicationSmokeTests.dir\src\core\ApplicationDebug.cpp.obj
C:\Paladin\src\core\ApplicationDebug.cpp(95): warning C4244: 'argument': conversion from 'uint64_t' to 'double', possible loss of data
[100/169] Building CXX object CMakeFiles\PaladinApplicationSmokeTests.dir\src\interaction\SettlementObjectPlacementController.cpp.obj
[101/169] Building CXX object CMakeFiles\PaladinApplicationSmokeTests.dir\src\interaction\SettlementInspectionController.cpp.obj
[102/169] Building CXX object CMakeFiles\PaladinApplicationSmokeTests.dir\src\rendering\Renderer.cpp.obj
[103/169] Building CXX object CMakeFiles\PaladinApplicationSmokeTests.dir\src\interaction\SettlementPlacementController.cpp.obj
[104/169] Building CXX object CMakeFiles\PaladinApplicationSmokeTests.dir\src\rendering\SceneSpriteLibrary.cpp.obj
[105/169] Building CXX object CMakeFiles\PaladinApplicationSmokeTests.dir\src\rendering\CityRenderer.cpp.obj
[106/169] Building CXX object CMakeFiles\PaladinApplicationSmokeTests.dir\src\rendering\SettlementLogisticsRenderer.cpp.obj
[107/169] Building CXX object CMakeFiles\PaladinApplicationSmokeTests.dir\src\rendering\SettlementStructurePresentation.cpp.obj
[108/169] Building CXX object CMakeFiles\PaladinApplicationSmokeTests.dir\src\rendering\SpriteRenderer.cpp.obj
[109/169] Building CXX object CMakeFiles\PaladinApplicationSmokeTests.dir\src\rendering\OverlayRenderer.cpp.obj
[110/169] Building CXX object CMakeFiles\PaladinApplicationSmokeTests.dir\src\rendering\SettlementNaturalFeatureRenderer.cpp.obj
[111/169] Building CXX object CMakeFiles\PaladinApplicationSmokeTests.dir\src\rendering\SettlementCommandRenderer.cpp.obj
[112/169] Building CXX object CMakeFiles\PaladinApplicationSmokeTests.dir\src\rendering\SettlementCitizenRenderer.cpp.obj
[113/169] Building CXX object CMakeFiles\PaladinApplicationSmokeTests.dir\src\rendering\SettlementMarkerRenderer.cpp.obj
[114/169] Building CXX object CMakeFiles\PaladinApplicationSmokeTests.dir\src\rendering\WorldRenderer.cpp.obj
[115/169] Building CXX object CMakeFiles\PaladinApplicationSmokeTests.dir\src\rendering\SettlementObjectRenderer.cpp.obj
[116/169] Building CXX object CMakeFiles\PaladinApplicationSmokeTests.dir\src\rendering\TerritoryRenderer.cpp.obj
[117/169] Building CXX object CMakeFiles\PaladinApplicationSmokeTests.dir\src\simulation\Simulation.cpp.obj
[118/169] Building CXX object CMakeFiles\PaladinApplicationSmokeTests.dir\src\simulation\SimulationReports.cpp.obj
[119/169] Building CXX object CMakeFiles\PaladinApplicationSmokeTests.dir\src\simulation\WorldSimulationPipeline.cpp.obj
[120/169] Building CXX object CMakeFiles\PaladinApplicationSmokeTests.dir\src\simulation\systems\SettlementEconomySystem.cpp.obj
[121/169] Building CXX object CMakeFiles\PaladinApplicationSmokeTests.dir\src\simulation\systems\SettlementPopulationSystem.cpp.obj
[122/169] Building CXX object CMakeFiles\PaladinApplicationSmokeTests.dir\src\world\World.cpp.obj
[123/169] Building CXX object CMakeFiles\PaladinApplicationSmokeTests.dir\src\world\generation\SettlementMapGenerator.cpp.obj
[124/169] Building CXX object CMakeFiles\PaladinApplicationSmokeTests.dir\src\world\generation\LandmassGenerator.cpp.obj
[125/169] Building CXX object CMakeFiles\PaladinApplicationSmokeTests.dir\src\world\generation\ClimateGenerator.cpp.obj
[126/169] Building CXX object CMakeFiles\PaladinApplicationSmokeTests.dir\src\world\generation\TerrainBiomeClassifier.cpp.obj
[127/169] Building CXX object CMakeFiles\PaladinApplicationSmokeTests.dir\src\world\generation\WorldGenerator.cpp.obj
[128/169] Building CXX object CMakeFiles\PaladinApplicationSmokeTests.dir\src\world\settlements\SettlementMap.cpp.obj
[129/169] Building CXX object CMakeFiles\PaladinApplicationSmokeTests.dir\src\world\entities\animals\SettlementAnimals.cpp.obj
[130/169] Building CXX object CMakeFiles\PaladinApplicationSmokeTests.dir\src\world\settlements\SettlementNaturalFeatures.cpp.obj
[131/169] Building CXX object CMakeFiles\PaladinApplicationSmokeTests.dir\src\simulation\systems\SettlementAnimalWork.cpp.obj
[132/169] Building CXX object CMakeFiles\PaladinApplicationSmokeTests.dir\src\world\settlements\SettlementEmploymentState.cpp.obj
[133/169] Building CXX object CMakeFiles\PaladinApplicationSmokeTests.dir\src\simulation\systems\SettlementNavigation.cpp.obj
[134/169] Building CXX object CMakeFiles\PaladinApplicationSmokeTests.dir\src\simulation\systems\SettlementCitizenMovement.cpp.obj
[135/169] Building CXX object CMakeFiles\PaladinApplicationSmokeTests.dir\src\simulation\systems\SettlementActivitySystem.cpp.obj
[136/169] Building CXX object CMakeFiles\PaladinApplicationSmokeTests.dir\src\simulation\systems\SettlementActivitySelection.cpp.obj
[137/169] Building CXX object CMakeFiles\PaladinApplicationSmokeTests.dir\src\simulation\systems\SettlementLeisure.cpp.obj
C:\Paladin\src\simulation\systems\SettlementLeisure.cpp(327): warning C4244: 'initializing': conversion from 'uint64_t' to 'double', possible loss of data
[138/169] Building CXX object CMakeFiles\PaladinApplicationSmokeTests.dir\src\simulation\systems\SettlementJobBoard.cpp.obj
[139/169] Building CXX object CMakeFiles\PaladinApplicationSmokeTests.dir\src\simulation\systems\SettlementCitizenNeeds.cpp.obj
[140/169] Building CXX object CMakeFiles\PaladinApplicationSmokeTests.dir\src\simulation\systems\SettlementFamilySystem.cpp.obj
[141/169] Building CXX object CMakeFiles\PaladinApplicationSmokeTests.dir\src\world\settlements\SettlementLogistics.cpp.obj
[142/169] Building CXX object CMakeFiles\PaladinApplicationSmokeTests.dir\src\world\settlements\objects\jobs\fishery\FisheryJob.cpp.obj
[143/169] Building CXX object CMakeFiles\PaladinApplicationSmokeTests.dir\src\world\settlements\objects\SettlementObjectLifecycle.cpp.obj
[144/169] Building CXX object CMakeFiles\PaladinApplicationSmokeTests.dir\src\world\settlements\SettlementCommerce.cpp.obj
[145/169] Building CXX object CMakeFiles\PaladinApplicationSmokeTests.dir\src\world\settlements\SettlementSimulationState.cpp.obj
[146/169] Building CXX object CMakeFiles\PaladinApplicationSmokeTests.dir\src\world\settlements\citizens\SettlementCitizenState.cpp.obj
[147/169] Building CXX object CMakeFiles\PaladinApplicationSmokeTests.dir\src\world\settlements\citizens\SettlementCitizenAttributes.cpp.obj
[148/169] Building CXX object CMakeFiles\PaladinApplicationSmokeTests.dir\src\world\settlements\SettlementImmigration.cpp.obj
[149/169] Building CXX object CMakeFiles\PaladinApplicationSmokeTests.dir\src\world\settlements\objects\SettlementObjectState.cpp.obj
[150/169] Building CXX object CMakeFiles\PaladinApplicationSmokeTests.dir\src\world\settlements\commands\SettlementCommandState.cpp.obj
[151/169] Building CXX object CMakeFiles\PaladinApplicationSmokeTests.dir\src\world\territory\TerritoryFoundationSystem.cpp.obj
[152/169] Building CXX object CMakeFiles\PaladinApplicationSmokeTests.dir\src\ui\BitmapFontRenderer.cpp.obj
[153/169] Building CXX object CMakeFiles\PaladinApplicationSmokeTests.dir\src\rendering\WorldGridRenderer.cpp.obj
[154/169] Building CXX object CMakeFiles\PaladinApplicationSmokeTests.dir\src\ui\CityHud.cpp.obj
[155/169] Building CXX object CMakeFiles\PaladinApplicationSmokeTests.dir\src\ui\LedgerPanel.cpp.obj
[156/169] Building CXX object CMakeFiles\PaladinApplicationSmokeTests.dir\src\ui\DebugConsole.cpp.obj
[157/169] Building CXX object CMakeFiles\PaladinApplicationSmokeTests.dir\src\ui\EmploymentPopulation.cpp.obj
[158/169] Building CXX object CMakeFiles\PaladinApplicationSmokeTests.dir\src\ui\LedgerPanelData.cpp.obj
[159/169] Building CXX object CMakeFiles\PaladinApplicationSmokeTests.dir\src\ui\EmploymentPanel.cpp.obj
[160/169] Building CXX object CMakeFiles\PaladinApplicationSmokeTests.dir\src\ui\GrayUiRenderer.cpp.obj
[161/169] Building CXX object CMakeFiles\PaladinApplicationSmokeTests.dir\src\ui\UiButton.cpp.obj
[162/169] Building CXX object CMakeFiles\PaladinApplicationSmokeTests.dir\src\ui\FoundingPanel.cpp.obj
[163/169] Building CXX object CMakeFiles\PaladinApplicationSmokeTests.dir\src\ui\UiTextField.cpp.obj
[164/169] Building CXX object CMakeFiles\PaladinApplicationSmokeTests.dir\src\ui\MainMenu.cpp.obj
[165/169] Building CXX object CMakeFiles\PaladinApplicationSmokeTests.dir\src\ui\SimulationSpeedControls.cpp.obj
[166/169] Building CXX object CMakeFiles\PaladinApplicationSmokeTests.dir\src\ui\WorldHud.cpp.obj
[167/169] Building CXX object CMakeFiles\PaladinApplicationSmokeTests.dir\src\ui\NormalFontRenderer.cpp.obj
[168/169] Building CXX object CMakeFiles\PaladinApplicationSmokeTests.dir\src\ui\SettlementInspectionPanel.cpp.obj
C:\Paladin\src\ui\SettlementInspectionPanel.cpp(325): warning C4244: 'argument': conversion from 'int' to 'float', possible loss of data
[169/169] Linking CXX executable PaladinApplicationSmokeTests.exe
