[1/91] C:\WINDOWS\system32\cmd.exe /C "cd /D C:\Paladin\out\build\x64-Debug && "C:\Program Files\Microsoft Visual Studio\18\Community\Common7\IDE\CommonExtensions\Microsoft\CMake\CMake\bin\cmake.exe" -E make_directory C:/Paladin/out/build/x64-Debug/assets/sprites && "C:\Program Files\Microsoft Visual Studio\18\Community\Common7\IDE\CommonExtensions\Microsoft\CMake\CMake\bin\cmake.exe" -E copy_if_different C:/Paladin/config/art-palette.hex C:/Paladin/out/build/x64-Debug/assets/sprites/art-palette.hex && "C:\Program Files\Microsoft Visual Studio\18\Community\Common7\IDE\CommonExtensions\Microsoft\CMake\CMake\bin\cmake.exe" -E copy_if_different C:/Paladin/config/pieces.catalog C:/Paladin/out/build/x64-Debug/assets/sprites/pieces.catalog && "C:\Program Files\Microsoft Visual Studio\18\Community\Common7\IDE\CommonExtensions\Microsoft\CMake\CMake\bin\cmake.exe" -E copy_if_different C:/Paladin/config/lights.catalog C:/Paladin/out/build/x64-Debug/assets/sprites/lights.catalog"
[2/91] C:\WINDOWS\system32\cmd.exe /C "cd /D C:\Paladin\out\build\x64-Debug && "C:\Program Files\Microsoft Visual Studio\18\Community\Common7\IDE\CommonExtensions\Microsoft\CMake\CMake\bin\cmake.exe" -E copy_directory C:/Paladin/assets/sprites C:/Paladin/out/build/x64-Debug/assets/sprites"
[3/91] C:\WINDOWS\system32\cmd.exe /C "cd /D C:\Paladin\out\build\x64-Debug && "C:\Program Files\Microsoft Visual Studio\18\Community\Common7\IDE\CommonExtensions\Microsoft\CMake\CMake\bin\cmake.exe" -E make_directory C:/Paladin/out/build/x64-Debug/assets/sprites && "C:\Program Files\Microsoft Visual Studio\18\Community\Common7\IDE\CommonExtensions\Microsoft\CMake\CMake\bin\cmake.exe" -E copy_if_different C:/Paladin/config/city-objects.catalog C:/Paladin/out/build/x64-Debug/assets/sprites/objects.catalog"
[4/91] Building CXX object CMakeFiles\Paladin.dir\src\main.cpp.obj
[5/91] Building CXX object CMakeFiles\Paladin.dir\src\core\ApplicationMainMenu.cpp.obj
[6/91] Building CXX object CMakeFiles\Paladin.dir\src\core\ApplicationWorldScreen.cpp.obj
C:\Paladin\src\core\ApplicationWorldScreen.cpp(246): warning C4244: 'argument': conversion from 'uint64_t' to 'double', possible loss of data
[7/91] Building CXX object CMakeFiles\Paladin.dir\src\core\Application.cpp.obj
[8/91] Building CXX object CMakeFiles\Paladin.dir\src\core\ApplicationCityScreen.cpp.obj
C:\Paladin\src\core\ApplicationCityScreen.cpp(42): warning C4244: 'argument': conversion from 'uint64_t' to 'double', possible loss of data
C:\Paladin\src\core\ApplicationCityScreen.cpp(224): warning C4244: 'argument': conversion from 'uint64_t' to 'double', possible loss of data
[9/91] Building CXX object CMakeFiles\Paladin.dir\src\core\ApplicationReports.cpp.obj
[10/91] Building CXX object CMakeFiles\Paladin.dir\src\core\ApplicationFrame.cpp.obj
[11/91] Building CXX object CMakeFiles\Paladin.dir\src\core\ApplicationCityInput.cpp.obj
C:\Paladin\src\core\ApplicationCityInput.cpp(105): warning C4244: 'argument': conversion from 'uint64_t' to 'double', possible loss of data
C:\Paladin\src\core\ApplicationCityInput.cpp(255): warning C4244: 'argument': conversion from 'uint64_t' to 'double', possible loss of data
[12/91] Building CXX object CMakeFiles\Paladin.dir\src\core\ApplicationWorldInput.cpp.obj
C:\Paladin\src\core\ApplicationWorldInput.cpp(371): warning C4244: 'argument': conversion from 'uint64_t' to 'double', possible loss of data
[13/91] Building CXX object CMakeFiles\Paladin.dir\src\core\ApplicationCamera.cpp.obj
[14/91] Building CXX object CMakeFiles\Paladin.dir\src\rendering\Renderer.cpp.obj
[15/91] Building CXX object CMakeFiles\Paladin.dir\src\core\ApplicationSession.cpp.obj
[16/91] Building CXX object CMakeFiles\Paladin.dir\src\core\ApplicationDebug.cpp.obj
C:\Paladin\src\core\ApplicationDebug.cpp(95): warning C4244: 'argument': conversion from 'uint64_t' to 'double', possible loss of data
[17/91] Building CXX object CMakeFiles\Paladin.dir\src\rendering\CityRenderer.cpp.obj
[18/91] Building CXX object CMakeFiles\Paladin.dir\src\rendering\SceneSpriteLibrary.cpp.obj
[19/91] Building CXX object CMakeFiles\Paladin.dir\src\rendering\SettlementStructurePresentation.cpp.obj
[20/91] Building CXX object CMakeFiles\Paladin.dir\src\rendering\SettlementLogisticsRenderer.cpp.obj
[21/91] Building CXX object CMakeFiles\Paladin.dir\src\rendering\SpriteRenderer.cpp.obj
[22/91] Building CXX object CMakeFiles\Paladin.dir\src\rendering\OverlayRenderer.cpp.obj
[23/91] Building CXX object CMakeFiles\Paladin.dir\src\rendering\SettlementNaturalFeatureRenderer.cpp.obj
[24/91] Building CXX object CMakeFiles\Paladin.dir\src\rendering\SettlementCommandRenderer.cpp.obj
[25/91] Building CXX object CMakeFiles\Paladin.dir\src\rendering\SettlementMarkerRenderer.cpp.obj
[26/91] Building CXX object CMakeFiles\Paladin.dir\src\rendering\SettlementCitizenRenderer.cpp.obj
[27/91] Building CXX object CMakeFiles\Paladin.dir\src\rendering\WorldRenderer.cpp.obj
[28/91] Building CXX object CMakeFiles\Paladin.dir\src\ui\BitmapFontRenderer.cpp.obj
[29/91] Building CXX object CMakeFiles\Paladin.dir\src\rendering\SettlementObjectRenderer.cpp.obj
[30/91] Building CXX object CMakeFiles\Paladin.dir\src\rendering\WorldGridRenderer.cpp.obj
[31/91] Building CXX object CMakeFiles\Paladin.dir\src\rendering\TerritoryRenderer.cpp.obj
[32/91] Building CXX object CMakeFiles\Paladin.dir\src\ui\CityHud.cpp.obj
[33/91] Building CXX object CMakeFiles\Paladin.dir\src\ui\LedgerPanel.cpp.obj
[34/91] Building CXX object CMakeFiles\Paladin.dir\src\ui\DebugConsole.cpp.obj
[35/91] Building CXX object CMakeFiles\Paladin.dir\src\ui\EmploymentPopulation.cpp.obj
[36/91] Building CXX object CMakeFiles\Paladin.dir\src\ui\LedgerPanelData.cpp.obj
[37/91] Building CXX object CMakeFiles\Paladin.dir\src\ui\EmploymentPanel.cpp.obj
[38/91] Building CXX object CMakeFiles\Paladin.dir\src\ui\GrayUiRenderer.cpp.obj
[39/91] Building CXX object CMakeFiles\Paladin.dir\src\ui\UiButton.cpp.obj
[40/91] Building CXX object CMakeFiles\Paladin.dir\src\ui\FoundingPanel.cpp.obj
[41/91] Building CXX object CMakeFiles\Paladin.dir\src\ui\UiTextField.cpp.obj
[42/91] Building CXX object CMakeFiles\Paladin.dir\src\ui\MainMenu.cpp.obj
[43/91] Building CXX object CMakeFiles\Paladin.dir\src\ui\SimulationSpeedControls.cpp.obj
[44/91] Building CXX object CMakeFiles\Paladin.dir\src\ui\WorldHud.cpp.obj
[45/91] Building CXX object CMakeFiles\Paladin.dir\src\ui\NormalFontRenderer.cpp.obj
[46/91] Building CXX object CMakeFiles\Paladin.dir\src\ui\SettlementInspectionPanel.cpp.obj
C:\Paladin\src\ui\SettlementInspectionPanel.cpp(325): warning C4244: 'argument': conversion from 'int' to 'float', possible loss of data
[47/91] Linking CXX executable Paladin.exe
[48/91] Building CXX object CMakeFiles\PaladinApplicationSmokeTests.dir\src\core\ApplicationMainMenu.cpp.obj
[49/91] Building CXX object CMakeFiles\PaladinApplicationSmokeTests.dir\src\core\ApplicationWorldScreen.cpp.obj
C:\Paladin\src\core\ApplicationWorldScreen.cpp(246): warning C4244: 'argument': conversion from 'uint64_t' to 'double', possible loss of data
[50/91] Building CXX object CMakeFiles\PaladinApplicationSmokeTests.dir\src\core\Application.cpp.obj
[51/91] Building CXX object CMakeFiles\PaladinApplicationSmokeTests.dir\tests\ApplicationSmokeTests.cpp.obj
[52/91] Building CXX object CMakeFiles\PaladinApplicationSmokeTests.dir\src\core\ApplicationCityScreen.cpp.obj
C:\Paladin\src\core\ApplicationCityScreen.cpp(42): warning C4244: 'argument': conversion from 'uint64_t' to 'double', possible loss of data
C:\Paladin\src\core\ApplicationCityScreen.cpp(224): warning C4244: 'argument': conversion from 'uint64_t' to 'double', possible loss of data
[53/91] Building CXX object CMakeFiles\PaladinApplicationSmokeTests.dir\src\core\ApplicationReports.cpp.obj
[54/91] Building CXX object CMakeFiles\PaladinApplicationSmokeTests.dir\src\core\ApplicationFrame.cpp.obj
[55/91] Building CXX object CMakeFiles\PaladinApplicationSmokeTests.dir\src\core\ApplicationWorldInput.cpp.obj
C:\Paladin\src\core\ApplicationWorldInput.cpp(371): warning C4244: 'argument': conversion from 'uint64_t' to 'double', possible loss of data
[56/91] Building CXX object CMakeFiles\PaladinApplicationSmokeTests.dir\src\core\ApplicationCityInput.cpp.obj
C:\Paladin\src\core\ApplicationCityInput.cpp(105): warning C4244: 'argument': conversion from 'uint64_t' to 'double', possible loss of data
C:\Paladin\src\core\ApplicationCityInput.cpp(255): warning C4244: 'argument': conversion from 'uint64_t' to 'double', possible loss of data
[57/91] Building CXX object CMakeFiles\PaladinApplicationSmokeTests.dir\src\rendering\Renderer.cpp.obj
[58/91] Building CXX object CMakeFiles\PaladinApplicationSmokeTests.dir\src\core\ApplicationCamera.cpp.obj
[59/91] Building CXX object CMakeFiles\PaladinApplicationSmokeTests.dir\src\core\ApplicationSession.cpp.obj
[60/91] Building CXX object CMakeFiles\PaladinApplicationSmokeTests.dir\src\core\ApplicationDebug.cpp.obj
C:\Paladin\src\core\ApplicationDebug.cpp(95): warning C4244: 'argument': conversion from 'uint64_t' to 'double', possible loss of data
[61/91] Building CXX object CMakeFiles\PaladinApplicationSmokeTests.dir\src\rendering\CityRenderer.cpp.obj
[62/91] Building CXX object CMakeFiles\PaladinApplicationSmokeTests.dir\src\rendering\SceneSpriteLibrary.cpp.obj
[63/91] Building CXX object CMakeFiles\PaladinApplicationSmokeTests.dir\src\rendering\SettlementStructurePresentation.cpp.obj
[64/91] Building CXX object CMakeFiles\PaladinApplicationSmokeTests.dir\src\rendering\SettlementLogisticsRenderer.cpp.obj
[65/91] Building CXX object CMakeFiles\PaladinApplicationSmokeTests.dir\src\rendering\SpriteRenderer.cpp.obj
[66/91] Building CXX object CMakeFiles\PaladinApplicationSmokeTests.dir\src\rendering\OverlayRenderer.cpp.obj
[67/91] Building CXX object CMakeFiles\PaladinApplicationSmokeTests.dir\src\rendering\SettlementNaturalFeatureRenderer.cpp.obj
[68/91] Building CXX object CMakeFiles\PaladinApplicationSmokeTests.dir\src\rendering\SettlementMarkerRenderer.cpp.obj
[69/91] Building CXX object CMakeFiles\PaladinApplicationSmokeTests.dir\src\rendering\SettlementCommandRenderer.cpp.obj
[70/91] Building CXX object CMakeFiles\PaladinApplicationSmokeTests.dir\src\rendering\WorldRenderer.cpp.obj
[71/91] Building CXX object CMakeFiles\PaladinApplicationSmokeTests.dir\src\rendering\SettlementCitizenRenderer.cpp.obj
[72/91] Building CXX object CMakeFiles\PaladinApplicationSmokeTests.dir\src\rendering\SettlementObjectRenderer.cpp.obj
[73/91] Building CXX object CMakeFiles\PaladinApplicationSmokeTests.dir\src\ui\BitmapFontRenderer.cpp.obj
[74/91] Building CXX object CMakeFiles\PaladinApplicationSmokeTests.dir\src\rendering\WorldGridRenderer.cpp.obj
[75/91] Building CXX object CMakeFiles\PaladinApplicationSmokeTests.dir\src\rendering\TerritoryRenderer.cpp.obj
[76/91] Building CXX object CMakeFiles\PaladinApplicationSmokeTests.dir\src\ui\CityHud.cpp.obj
[77/91] Building CXX object CMakeFiles\PaladinApplicationSmokeTests.dir\src\ui\LedgerPanel.cpp.obj
[78/91] Building CXX object CMakeFiles\PaladinApplicationSmokeTests.dir\src\ui\EmploymentPanel.cpp.obj
[79/91] Building CXX object CMakeFiles\PaladinApplicationSmokeTests.dir\src\ui\DebugConsole.cpp.obj
[80/91] Building CXX object CMakeFiles\PaladinApplicationSmokeTests.dir\src\ui\LedgerPanelData.cpp.obj
[81/91] Building CXX object CMakeFiles\PaladinApplicationSmokeTests.dir\src\ui\EmploymentPopulation.cpp.obj
[82/91] Building CXX object CMakeFiles\PaladinApplicationSmokeTests.dir\src\ui\GrayUiRenderer.cpp.obj
[83/91] Building CXX object CMakeFiles\PaladinApplicationSmokeTests.dir\src\ui\FoundingPanel.cpp.obj
[84/91] Building CXX object CMakeFiles\PaladinApplicationSmokeTests.dir\src\ui\UiButton.cpp.obj
[85/91] Building CXX object CMakeFiles\PaladinApplicationSmokeTests.dir\src\ui\UiTextField.cpp.obj
[86/91] Building CXX object CMakeFiles\PaladinApplicationSmokeTests.dir\src\ui\MainMenu.cpp.obj
[87/91] Building CXX object CMakeFiles\PaladinApplicationSmokeTests.dir\src\ui\SimulationSpeedControls.cpp.obj
[88/91] Building CXX object CMakeFiles\PaladinApplicationSmokeTests.dir\src\ui\NormalFontRenderer.cpp.obj
[89/91] Building CXX object CMakeFiles\PaladinApplicationSmokeTests.dir\src\ui\WorldHud.cpp.obj
[90/91] Building CXX object CMakeFiles\PaladinApplicationSmokeTests.dir\src\ui\SettlementInspectionPanel.cpp.obj
C:\Paladin\src\ui\SettlementInspectionPanel.cpp(325): warning C4244: 'argument': conversion from 'int' to 'float', possible loss of data
[91/91] Linking CXX executable PaladinApplicationSmokeTests.exe
