[1/159] C:\WINDOWS\system32\cmd.exe /C "cd /D C:\Paladin\out\build\x64-Debug && "C:\Program Files\Microsoft Visual Studio\18\Community\Common7\IDE\CommonExtensions\Microsoft\CMake\CMake\bin\cmake.exe" -E make_directory C:/Paladin/out/build/x64-Debug/assets/sprites && "C:\Program Files\Microsoft Visual Studio\18\Community\Common7\IDE\CommonExtensions\Microsoft\CMake\CMake\bin\cmake.exe" -E copy_if_different C:/Paladin/config/art-palette.hex C:/Paladin/out/build/x64-Debug/assets/sprites/art-palette.hex && "C:\Program Files\Microsoft Visual Studio\18\Community\Common7\IDE\CommonExtensions\Microsoft\CMake\CMake\bin\cmake.exe" -E copy_if_different C:/Paladin/config/pieces.catalog C:/Paladin/out/build/x64-Debug/assets/sprites/pieces.catalog && "C:\Program Files\Microsoft Visual Studio\18\Community\Common7\IDE\CommonExtensions\Microsoft\CMake\CMake\bin\cmake.exe" -E copy_if_different C:/Paladin/config/lights.catalog C:/Paladin/out/build/x64-Debug/assets/sprites/lights.catalog"
[2/159] C:\WINDOWS\system32\cmd.exe /C "cd /D C:\Paladin\out\build\x64-Debug && "C:\Program Files\Microsoft Visual Studio\18\Community\Common7\IDE\CommonExtensions\Microsoft\CMake\CMake\bin\cmake.exe" -E copy_directory C:/Paladin/assets/sprites C:/Paladin/out/build/x64-Debug/assets/sprites"
[3/159] C:\WINDOWS\system32\cmd.exe /C "cd /D C:\Paladin\out\build\x64-Debug && "C:\Program Files\Microsoft Visual Studio\18\Community\Common7\IDE\CommonExtensions\Microsoft\CMake\CMake\bin\cmake.exe" -E make_directory C:/Paladin/out/build/x64-Debug/assets/sprites && "C:\Program Files\Microsoft Visual Studio\18\Community\Common7\IDE\CommonExtensions\Microsoft\CMake\CMake\bin\cmake.exe" -E copy_if_different C:/Paladin/config/city-objects.catalog C:/Paladin/out/build/x64-Debug/assets/sprites/objects.catalog"
[4/159] Building CXX object CMakeFiles\Paladin.dir\src\main.cpp.obj
[5/159] Building CXX object CMakeFiles\Paladin.dir\src\core\ApplicationMainMenu.cpp.obj
[6/159] Building CXX object CMakeFiles\Paladin.dir\src\core\ApplicationWorldScreen.cpp.obj
C:\Paladin\src\core\ApplicationWorldScreen.cpp(246): warning C4244: 'argument': conversion from 'uint64_t' to 'double', possible loss of data
[7/159] Building CXX object CMakeFiles\Paladin.dir\src\core\Application.cpp.obj
[8/159] Building CXX object CMakeFiles\Paladin.dir\src\core\ApplicationCityScreen.cpp.obj
C:\Paladin\src\core\ApplicationCityScreen.cpp(42): warning C4244: 'argument': conversion from 'uint64_t' to 'double', possible loss of data
C:\Paladin\src\core\ApplicationCityScreen.cpp(224): warning C4244: 'argument': conversion from 'uint64_t' to 'double', possible loss of data
[9/159] Building CXX object CMakeFiles\Paladin.dir\src\core\ApplicationFrame.cpp.obj
[10/159] Building CXX object CMakeFiles\Paladin.dir\src\core\ApplicationReports.cpp.obj
[11/159] Building CXX object CMakeFiles\Paladin.dir\src\core\ApplicationCityInput.cpp.obj
C:\Paladin\src\core\ApplicationCityInput.cpp(105): warning C4244: 'argument': conversion from 'uint64_t' to 'double', possible loss of data
C:\Paladin\src\core\ApplicationCityInput.cpp(255): warning C4244: 'argument': conversion from 'uint64_t' to 'double', possible loss of data
[12/159] Building CXX object CMakeFiles\Paladin.dir\src\core\ApplicationWorldInput.cpp.obj
C:\Paladin\src\core\ApplicationWorldInput.cpp(371): warning C4244: 'argument': conversion from 'uint64_t' to 'double', possible loss of data
[13/159] Building CXX object CMakeFiles\Paladin.dir\src\core\ApplicationCamera.cpp.obj
[14/159] Building CXX object CMakeFiles\Paladin.dir\src\core\ApplicationSession.cpp.obj
[15/159] Building CXX object CMakeFiles\Paladin.dir\src\interaction\SettlementInspectionController.cpp.obj
[16/159] Building CXX object CMakeFiles\Paladin.dir\src\interaction\SettlementCommandController.cpp.obj
[17/159] Building CXX object CMakeFiles\Paladin.dir\src\core\ApplicationDebug.cpp.obj
C:\Paladin\src\core\ApplicationDebug.cpp(95): warning C4244: 'argument': conversion from 'uint64_t' to 'double', possible loss of data
[18/159] Building CXX object CMakeFiles\Paladin.dir\src\interaction\SettlementObjectPlacementController.cpp.obj
[19/159] Building CXX object CMakeFiles\Paladin.dir\src\rendering\Renderer.cpp.obj
[20/159] Building CXX object CMakeFiles\Paladin.dir\src\interaction\SettlementPlacementController.cpp.obj
[21/159] Building CXX object CMakeFiles\Paladin.dir\src\rendering\SceneSpriteLibrary.cpp.obj
[22/159] Building CXX object CMakeFiles\Paladin.dir\src\rendering\CityRenderer.cpp.obj
[23/159] Building CXX object CMakeFiles\Paladin.dir\src\rendering\SettlementLogisticsRenderer.cpp.obj
[24/159] Building CXX object CMakeFiles\Paladin.dir\src\rendering\SettlementStructurePresentation.cpp.obj
[25/159] Building CXX object CMakeFiles\Paladin.dir\src\rendering\SpriteRenderer.cpp.obj
[26/159] Building CXX object CMakeFiles\Paladin.dir\src\rendering\OverlayRenderer.cpp.obj
[27/159] Building CXX object CMakeFiles\Paladin.dir\src\rendering\SettlementNaturalFeatureRenderer.cpp.obj
[28/159] Building CXX object CMakeFiles\Paladin.dir\src\rendering\SettlementCommandRenderer.cpp.obj
[29/159] Building CXX object CMakeFiles\Paladin.dir\src\rendering\SettlementMarkerRenderer.cpp.obj
[30/159] Building CXX object CMakeFiles\Paladin.dir\src\rendering\SettlementCitizenRenderer.cpp.obj
[31/159] Building CXX object CMakeFiles\Paladin.dir\src\rendering\WorldRenderer.cpp.obj
[32/159] Building CXX object CMakeFiles\Paladin.dir\src\rendering\SettlementObjectRenderer.cpp.obj
[33/159] Building CXX object CMakeFiles\Paladin.dir\src\rendering\TerritoryRenderer.cpp.obj
[34/159] Building CXX object CMakeFiles\Paladin.dir\src\simulation\Simulation.cpp.obj
[35/159] Building CXX object CMakeFiles\Paladin.dir\src\simulation\SimulationReports.cpp.obj
[36/159] Building CXX object CMakeFiles\Paladin.dir\src\simulation\WorldSimulationPipeline.cpp.obj
[37/159] Building CXX object CMakeFiles\Paladin.dir\src\simulation\systems\SettlementEconomySystem.cpp.obj
[38/159] Building CXX object CMakeFiles\Paladin.dir\src\world\generation\SettlementMapGenerator.cpp.obj
[39/159] Building CXX object CMakeFiles\Paladin.dir\src\simulation\systems\SettlementPopulationSystem.cpp.obj
[40/159] Building CXX object CMakeFiles\Paladin.dir\src\world\World.cpp.obj
[41/159] Building CXX object CMakeFiles\Paladin.dir\src\world\settlements\SettlementMap.cpp.obj
[42/159] Building CXX object CMakeFiles\Paladin.dir\src\simulation\systems\SettlementAnimalWork.cpp.obj
[43/159] Building CXX object CMakeFiles\Paladin.dir\src\world\entities\animals\SettlementAnimals.cpp.obj
[44/159] Building CXX object CMakeFiles\Paladin.dir\src\world\settlements\SettlementEmploymentState.cpp.obj
[45/159] Building CXX object CMakeFiles\Paladin.dir\src\world\settlements\SettlementNaturalFeatures.cpp.obj
[46/159] Building CXX object CMakeFiles\Paladin.dir\src\simulation\systems\SettlementNavigation.cpp.obj
[47/159] Building CXX object CMakeFiles\Paladin.dir\src\simulation\systems\SettlementCitizenMovement.cpp.obj
[48/159] Building CXX object CMakeFiles\Paladin.dir\src\simulation\systems\SettlementActivitySystem.cpp.obj
[49/159] Building CXX object CMakeFiles\Paladin.dir\src\simulation\systems\SettlementActivitySelection.cpp.obj
[50/159] Building CXX object CMakeFiles\Paladin.dir\src\simulation\systems\SettlementLeisure.cpp.obj
C:\Paladin\src\simulation\systems\SettlementLeisure.cpp(327): warning C4244: 'initializing': conversion from 'uint64_t' to 'double', possible loss of data
[51/159] Building CXX object CMakeFiles\Paladin.dir\src\simulation\systems\SettlementCitizenNeeds.cpp.obj
[52/159] Building CXX object CMakeFiles\Paladin.dir\src\simulation\systems\SettlementJobBoard.cpp.obj
[53/159] Building CXX object CMakeFiles\Paladin.dir\src\simulation\systems\SettlementFamilySystem.cpp.obj
[54/159] Building CXX object CMakeFiles\Paladin.dir\src\world\settlements\objects\jobs\fishery\FisheryJob.cpp.obj
[55/159] Building CXX object CMakeFiles\Paladin.dir\src\world\settlements\SettlementLogistics.cpp.obj
[56/159] Building CXX object CMakeFiles\Paladin.dir\src\world\settlements\objects\SettlementObjectLifecycle.cpp.obj
[57/159] Building CXX object CMakeFiles\Paladin.dir\src\world\settlements\SettlementCommerce.cpp.obj
[58/159] Building CXX object CMakeFiles\Paladin.dir\src\world\settlements\citizens\SettlementCitizenState.cpp.obj
[59/159] Building CXX object CMakeFiles\Paladin.dir\src\world\settlements\SettlementSimulationState.cpp.obj
[60/159] Building CXX object CMakeFiles\Paladin.dir\src\world\settlements\citizens\SettlementCitizenAttributes.cpp.obj
[61/159] Building CXX object CMakeFiles\Paladin.dir\src\world\settlements\SettlementImmigration.cpp.obj
[62/159] Building CXX object CMakeFiles\Paladin.dir\src\world\settlements\objects\SettlementObjectState.cpp.obj
[63/159] Building CXX object CMakeFiles\Paladin.dir\src\ui\BitmapFontRenderer.cpp.obj
[64/159] Building CXX object CMakeFiles\Paladin.dir\src\world\settlements\commands\SettlementCommandState.cpp.obj
[65/159] Building CXX object CMakeFiles\Paladin.dir\src\rendering\WorldGridRenderer.cpp.obj
[66/159] Building CXX object CMakeFiles\Paladin.dir\src\ui\CityHud.cpp.obj
[67/159] Building CXX object CMakeFiles\Paladin.dir\src\ui\LedgerPanel.cpp.obj
[68/159] Building CXX object CMakeFiles\Paladin.dir\src\ui\EmploymentPanel.cpp.obj
[69/159] Building CXX object CMakeFiles\Paladin.dir\src\ui\DebugConsole.cpp.obj
[70/159] Building CXX object CMakeFiles\Paladin.dir\src\ui\EmploymentPopulation.cpp.obj
[71/159] Building CXX object CMakeFiles\Paladin.dir\src\ui\LedgerPanelData.cpp.obj
[72/159] Building CXX object CMakeFiles\Paladin.dir\src\ui\UiButton.cpp.obj
[73/159] Building CXX object CMakeFiles\Paladin.dir\src\ui\UiTextField.cpp.obj
[74/159] Building CXX object CMakeFiles\Paladin.dir\src\ui\FoundingPanel.cpp.obj
[75/159] Building CXX object CMakeFiles\Paladin.dir\src\ui\GrayUiRenderer.cpp.obj
[76/159] Building CXX object CMakeFiles\Paladin.dir\src\ui\MainMenu.cpp.obj
[77/159] Building CXX object CMakeFiles\Paladin.dir\src\ui\SimulationSpeedControls.cpp.obj
[78/159] Building CXX object CMakeFiles\Paladin.dir\src\ui\NormalFontRenderer.cpp.obj
[79/159] Building CXX object CMakeFiles\Paladin.dir\src\ui\WorldHud.cpp.obj
[80/159] Building CXX object CMakeFiles\Paladin.dir\src\ui\SettlementInspectionPanel.cpp.obj
C:\Paladin\src\ui\SettlementInspectionPanel.cpp(325): warning C4244: 'argument': conversion from 'int' to 'float', possible loss of data
[81/159] Linking CXX executable Paladin.exe
[82/159] Building CXX object CMakeFiles\PaladinApplicationSmokeTests.dir\src\core\ApplicationMainMenu.cpp.obj
[83/159] Building CXX object CMakeFiles\PaladinApplicationSmokeTests.dir\src\core\ApplicationWorldScreen.cpp.obj
C:\Paladin\src\core\ApplicationWorldScreen.cpp(246): warning C4244: 'argument': conversion from 'uint64_t' to 'double', possible loss of data
[84/159] Building CXX object CMakeFiles\PaladinApplicationSmokeTests.dir\src\core\Application.cpp.obj
[85/159] Building CXX object CMakeFiles\PaladinApplicationSmokeTests.dir\tests\ApplicationSmokeTests.cpp.obj
[86/159] Building CXX object CMakeFiles\PaladinApplicationSmokeTests.dir\src\core\ApplicationCityScreen.cpp.obj
C:\Paladin\src\core\ApplicationCityScreen.cpp(42): warning C4244: 'argument': conversion from 'uint64_t' to 'double', possible loss of data
C:\Paladin\src\core\ApplicationCityScreen.cpp(224): warning C4244: 'argument': conversion from 'uint64_t' to 'double', possible loss of data
[87/159] Building CXX object CMakeFiles\PaladinApplicationSmokeTests.dir\src\core\ApplicationReports.cpp.obj
[88/159] Building CXX object CMakeFiles\PaladinApplicationSmokeTests.dir\src\core\ApplicationFrame.cpp.obj
[89/159] Building CXX object CMakeFiles\PaladinApplicationSmokeTests.dir\src\core\ApplicationWorldInput.cpp.obj
C:\Paladin\src\core\ApplicationWorldInput.cpp(371): warning C4244: 'argument': conversion from 'uint64_t' to 'double', possible loss of data
[90/159] Building CXX object CMakeFiles\PaladinApplicationSmokeTests.dir\src\core\ApplicationCityInput.cpp.obj
C:\Paladin\src\core\ApplicationCityInput.cpp(105): warning C4244: 'argument': conversion from 'uint64_t' to 'double', possible loss of data
C:\Paladin\src\core\ApplicationCityInput.cpp(255): warning C4244: 'argument': conversion from 'uint64_t' to 'double', possible loss of data
[91/159] Building CXX object CMakeFiles\PaladinApplicationSmokeTests.dir\src\core\ApplicationCamera.cpp.obj
[92/159] Building CXX object CMakeFiles\PaladinApplicationSmokeTests.dir\src\core\ApplicationSession.cpp.obj
[93/159] Building CXX object CMakeFiles\PaladinApplicationSmokeTests.dir\src\interaction\SettlementCommandController.cpp.obj
[94/159] Building CXX object CMakeFiles\PaladinApplicationSmokeTests.dir\src\core\ApplicationDebug.cpp.obj
C:\Paladin\src\core\ApplicationDebug.cpp(95): warning C4244: 'argument': conversion from 'uint64_t' to 'double', possible loss of data
[95/159] Building CXX object CMakeFiles\PaladinApplicationSmokeTests.dir\src\interaction\SettlementObjectPlacementController.cpp.obj
[96/159] Building CXX object CMakeFiles\PaladinApplicationSmokeTests.dir\src\interaction\SettlementInspectionController.cpp.obj
[97/159] Building CXX object CMakeFiles\PaladinApplicationSmokeTests.dir\src\rendering\Renderer.cpp.obj
[98/159] Building CXX object CMakeFiles\PaladinApplicationSmokeTests.dir\src\interaction\SettlementPlacementController.cpp.obj
[99/159] Building CXX object CMakeFiles\PaladinApplicationSmokeTests.dir\src\rendering\SceneSpriteLibrary.cpp.obj
[100/159] Building CXX object CMakeFiles\PaladinApplicationSmokeTests.dir\src\rendering\CityRenderer.cpp.obj
[101/159] Building CXX object CMakeFiles\PaladinApplicationSmokeTests.dir\src\rendering\SettlementLogisticsRenderer.cpp.obj
[102/159] Building CXX object CMakeFiles\PaladinApplicationSmokeTests.dir\src\rendering\SettlementStructurePresentation.cpp.obj
[103/159] Building CXX object CMakeFiles\PaladinApplicationSmokeTests.dir\src\rendering\SpriteRenderer.cpp.obj
[104/159] Building CXX object CMakeFiles\PaladinApplicationSmokeTests.dir\src\rendering\OverlayRenderer.cpp.obj
[105/159] Building CXX object CMakeFiles\PaladinApplicationSmokeTests.dir\src\rendering\SettlementNaturalFeatureRenderer.cpp.obj
[106/159] Building CXX object CMakeFiles\PaladinApplicationSmokeTests.dir\src\rendering\SettlementCommandRenderer.cpp.obj
[107/159] Building CXX object CMakeFiles\PaladinApplicationSmokeTests.dir\src\rendering\SettlementCitizenRenderer.cpp.obj
[108/159] Building CXX object CMakeFiles\PaladinApplicationSmokeTests.dir\src\rendering\SettlementMarkerRenderer.cpp.obj
[109/159] Building CXX object CMakeFiles\PaladinApplicationSmokeTests.dir\src\rendering\WorldRenderer.cpp.obj
[110/159] Building CXX object CMakeFiles\PaladinApplicationSmokeTests.dir\src\rendering\SettlementObjectRenderer.cpp.obj
[111/159] Building CXX object CMakeFiles\PaladinApplicationSmokeTests.dir\src\rendering\TerritoryRenderer.cpp.obj
[112/159] Building CXX object CMakeFiles\PaladinApplicationSmokeTests.dir\src\simulation\Simulation.cpp.obj
[113/159] Building CXX object CMakeFiles\PaladinApplicationSmokeTests.dir\src\simulation\SimulationReports.cpp.obj
[114/159] Building CXX object CMakeFiles\PaladinApplicationSmokeTests.dir\src\simulation\WorldSimulationPipeline.cpp.obj
[115/159] Building CXX object CMakeFiles\PaladinApplicationSmokeTests.dir\src\simulation\systems\SettlementEconomySystem.cpp.obj
[116/159] Building CXX object CMakeFiles\PaladinApplicationSmokeTests.dir\src\simulation\systems\SettlementPopulationSystem.cpp.obj
[117/159] Building CXX object CMakeFiles\PaladinApplicationSmokeTests.dir\src\world\generation\SettlementMapGenerator.cpp.obj
[118/159] Building CXX object CMakeFiles\PaladinApplicationSmokeTests.dir\src\world\World.cpp.obj
[119/159] Building CXX object CMakeFiles\PaladinApplicationSmokeTests.dir\src\world\settlements\SettlementMap.cpp.obj
[120/159] Building CXX object CMakeFiles\PaladinApplicationSmokeTests.dir\src\world\entities\animals\SettlementAnimals.cpp.obj
[121/159] Building CXX object CMakeFiles\PaladinApplicationSmokeTests.dir\src\world\settlements\SettlementNaturalFeatures.cpp.obj
[122/159] Building CXX object CMakeFiles\PaladinApplicationSmokeTests.dir\src\simulation\systems\SettlementAnimalWork.cpp.obj
[123/159] Building CXX object CMakeFiles\PaladinApplicationSmokeTests.dir\src\world\settlements\SettlementEmploymentState.cpp.obj
[124/159] Building CXX object CMakeFiles\PaladinApplicationSmokeTests.dir\src\simulation\systems\SettlementNavigation.cpp.obj
[125/159] Building CXX object CMakeFiles\PaladinApplicationSmokeTests.dir\src\simulation\systems\SettlementCitizenMovement.cpp.obj
[126/159] Building CXX object CMakeFiles\PaladinApplicationSmokeTests.dir\src\simulation\systems\SettlementActivitySystem.cpp.obj
[127/159] Building CXX object CMakeFiles\PaladinApplicationSmokeTests.dir\src\simulation\systems\SettlementActivitySelection.cpp.obj
[128/159] Building CXX object CMakeFiles\PaladinApplicationSmokeTests.dir\src\simulation\systems\SettlementLeisure.cpp.obj
C:\Paladin\src\simulation\systems\SettlementLeisure.cpp(327): warning C4244: 'initializing': conversion from 'uint64_t' to 'double', possible loss of data
[129/159] Building CXX object CMakeFiles\PaladinApplicationSmokeTests.dir\src\simulation\systems\SettlementCitizenNeeds.cpp.obj
[130/159] Building CXX object CMakeFiles\PaladinApplicationSmokeTests.dir\src\simulation\systems\SettlementJobBoard.cpp.obj
[131/159] Building CXX object CMakeFiles\PaladinApplicationSmokeTests.dir\src\simulation\systems\SettlementFamilySystem.cpp.obj
[132/159] Building CXX object CMakeFiles\PaladinApplicationSmokeTests.dir\src\world\settlements\SettlementLogistics.cpp.obj
[133/159] Building CXX object CMakeFiles\PaladinApplicationSmokeTests.dir\src\world\settlements\objects\jobs\fishery\FisheryJob.cpp.obj
[134/159] Building CXX object CMakeFiles\PaladinApplicationSmokeTests.dir\src\world\settlements\objects\SettlementObjectLifecycle.cpp.obj
[135/159] Building CXX object CMakeFiles\PaladinApplicationSmokeTests.dir\src\world\settlements\SettlementCommerce.cpp.obj
[136/159] Building CXX object CMakeFiles\PaladinApplicationSmokeTests.dir\src\world\settlements\SettlementSimulationState.cpp.obj
[137/159] Building CXX object CMakeFiles\PaladinApplicationSmokeTests.dir\src\world\settlements\citizens\SettlementCitizenState.cpp.obj
[138/159] Building CXX object CMakeFiles\PaladinApplicationSmokeTests.dir\src\world\settlements\citizens\SettlementCitizenAttributes.cpp.obj
[139/159] Building CXX object CMakeFiles\PaladinApplicationSmokeTests.dir\src\world\settlements\objects\SettlementObjectState.cpp.obj
[140/159] Building CXX object CMakeFiles\PaladinApplicationSmokeTests.dir\src\world\settlements\SettlementImmigration.cpp.obj
[141/159] Building CXX object CMakeFiles\PaladinApplicationSmokeTests.dir\src\world\settlements\commands\SettlementCommandState.cpp.obj
[142/159] Building CXX object CMakeFiles\PaladinApplicationSmokeTests.dir\src\rendering\WorldGridRenderer.cpp.obj
[143/159] Building CXX object CMakeFiles\PaladinApplicationSmokeTests.dir\src\ui\BitmapFontRenderer.cpp.obj
[144/159] Building CXX object CMakeFiles\PaladinApplicationSmokeTests.dir\src\ui\CityHud.cpp.obj
[145/159] Building CXX object CMakeFiles\PaladinApplicationSmokeTests.dir\src\ui\LedgerPanel.cpp.obj
[146/159] Building CXX object CMakeFiles\PaladinApplicationSmokeTests.dir\src\ui\EmploymentPanel.cpp.obj
[147/159] Building CXX object CMakeFiles\PaladinApplicationSmokeTests.dir\src\ui\DebugConsole.cpp.obj
[148/159] Building CXX object CMakeFiles\PaladinApplicationSmokeTests.dir\src\ui\LedgerPanelData.cpp.obj
[149/159] Building CXX object CMakeFiles\PaladinApplicationSmokeTests.dir\src\ui\EmploymentPopulation.cpp.obj
[150/159] Building CXX object CMakeFiles\PaladinApplicationSmokeTests.dir\src\ui\GrayUiRenderer.cpp.obj
[151/159] Building CXX object CMakeFiles\PaladinApplicationSmokeTests.dir\src\ui\FoundingPanel.cpp.obj
[152/159] Building CXX object CMakeFiles\PaladinApplicationSmokeTests.dir\src\ui\UiButton.cpp.obj
[153/159] Building CXX object CMakeFiles\PaladinApplicationSmokeTests.dir\src\ui\UiTextField.cpp.obj
[154/159] Building CXX object CMakeFiles\PaladinApplicationSmokeTests.dir\src\ui\MainMenu.cpp.obj
[155/159] Building CXX object CMakeFiles\PaladinApplicationSmokeTests.dir\src\ui\SimulationSpeedControls.cpp.obj
[156/159] Building CXX object CMakeFiles\PaladinApplicationSmokeTests.dir\src\ui\NormalFontRenderer.cpp.obj
[157/159] Building CXX object CMakeFiles\PaladinApplicationSmokeTests.dir\src\ui\WorldHud.cpp.obj
[158/159] Building CXX object CMakeFiles\PaladinApplicationSmokeTests.dir\src\ui\SettlementInspectionPanel.cpp.obj
C:\Paladin\src\ui\SettlementInspectionPanel.cpp(325): warning C4244: 'argument': conversion from 'int' to 'float', possible loss of data
[159/159] Linking CXX executable PaladinApplicationSmokeTests.exe
