[1/215] C:\WINDOWS\system32\cmd.exe /C "cd /D C:\Paladin\out\build\x64-Release && "C:\Program Files\Microsoft Visual Studio\18\Community\Common7\IDE\CommonExtensions\Microsoft\CMake\CMake\bin\cmake.exe" -E make_directory C:/Paladin/out/build/x64-Release/assets/sprites && "C:\Program Files\Microsoft Visual Studio\18\Community\Common7\IDE\CommonExtensions\Microsoft\CMake\CMake\bin\cmake.exe" -E copy_if_different C:/Paladin/config/art-palette.hex C:/Paladin/out/build/x64-Release/assets/sprites/art-palette.hex && "C:\Program Files\Microsoft Visual Studio\18\Community\Common7\IDE\CommonExtensions\Microsoft\CMake\CMake\bin\cmake.exe" -E copy_if_different C:/Paladin/config/pieces.catalog C:/Paladin/out/build/x64-Release/assets/sprites/pieces.catalog && "C:\Program Files\Microsoft Visual Studio\18\Community\Common7\IDE\CommonExtensions\Microsoft\CMake\CMake\bin\cmake.exe" -E copy_if_different C:/Paladin/config/lights.catalog C:/Paladin/out/build/x64-Release/assets/sprites/lights.catalog"
[2/215] C:\WINDOWS\system32\cmd.exe /C "cd /D C:\Paladin\out\build\x64-Release && "C:\Program Files\Microsoft Visual Studio\18\Community\Common7\IDE\CommonExtensions\Microsoft\CMake\CMake\bin\cmake.exe" -E copy_directory C:/Paladin/assets/sprites C:/Paladin/out/build/x64-Release/assets/sprites"
[3/215] C:\WINDOWS\system32\cmd.exe /C "cd /D C:\Paladin\out\build\x64-Release && "C:\Program Files\Microsoft Visual Studio\18\Community\Common7\IDE\CommonExtensions\Microsoft\CMake\CMake\bin\cmake.exe" -E make_directory C:/Paladin/out/build/x64-Release/assets/sprites && "C:\Program Files\Microsoft Visual Studio\18\Community\Common7\IDE\CommonExtensions\Microsoft\CMake\CMake\bin\cmake.exe" -E copy_if_different C:/Paladin/config/city-objects.catalog C:/Paladin/out/build/x64-Release/assets/sprites/objects.catalog"
[4/215] Building CXX object CMakeFiles\PaladinTests.dir\tests\WorldReliefTests.cpp.obj
[5/215] Building CXX object CMakeFiles\Paladin.dir\src\main.cpp.obj
[6/215] Building CXX object CMakeFiles\PaladinTests.dir\src\simulation\SimulationReports.cpp.obj
[7/215] Building CXX object CMakeFiles\Paladin.dir\src\core\ApplicationMainMenu.cpp.obj
[8/215] Building CXX object CMakeFiles\Paladin.dir\src\core\Application.cpp.obj
[9/215] Building CXX object CMakeFiles\Paladin.dir\src\core\ApplicationWorldScreen.cpp.obj
[10/215] Building CXX object CMakeFiles\Paladin.dir\src\core\ApplicationCityScreen.cpp.obj
[11/215] Building CXX object CMakeFiles\Paladin.dir\src\core\ApplicationFrame.cpp.obj
[12/215] Building CXX object CMakeFiles\Paladin.dir\src\core\ApplicationReports.cpp.obj
[13/215] Building CXX object CMakeFiles\PaladinTests.dir\tests\SettlementSimulationLoopTests.cpp.obj
[14/215] Building CXX object CMakeFiles\Paladin.dir\src\core\ApplicationCityInput.cpp.obj
[15/215] Building CXX object CMakeFiles\Paladin.dir\src\core\ApplicationWorldInput.cpp.obj
[16/215] Building CXX object CMakeFiles\Paladin.dir\src\core\ApplicationSession.cpp.obj
[17/215] Building CXX object CMakeFiles\Paladin.dir\src\core\ApplicationCamera.cpp.obj
[18/215] Building CXX object CMakeFiles\Paladin.dir\src\interaction\SettlementCommandController.cpp.obj
[19/215] Building CXX object CMakeFiles\Paladin.dir\src\core\ApplicationDebug.cpp.obj
[20/215] Building CXX object CMakeFiles\Paladin.dir\src\interaction\SettlementInspectionController.cpp.obj
[21/215] Building CXX object CMakeFiles\Paladin.dir\src\interaction\SettlementObjectPlacementController.cpp.obj
[22/215] Building CXX object CMakeFiles\Paladin.dir\src\rendering\Renderer.cpp.obj
[23/215] Building CXX object CMakeFiles\Paladin.dir\src\interaction\SettlementPlacementController.cpp.obj
[24/215] Building CXX object CMakeFiles\Paladin.dir\src\rendering\SceneSpriteLibrary.cpp.obj
[25/215] Building CXX object CMakeFiles\Paladin.dir\src\rendering\CityRenderer.cpp.obj
[26/215] Building CXX object CMakeFiles\Paladin.dir\src\rendering\SettlementLogisticsRenderer.cpp.obj
[27/215] Building CXX object CMakeFiles\Paladin.dir\src\rendering\SpriteRenderer.cpp.obj
[28/215] Building CXX object CMakeFiles\Paladin.dir\src\rendering\SettlementStructurePresentation.cpp.obj
[29/215] Building CXX object CMakeFiles\Paladin.dir\src\rendering\OverlayRenderer.cpp.obj
[30/215] Building CXX object CMakeFiles\Paladin.dir\src\rendering\SettlementNaturalFeatureRenderer.cpp.obj
[31/215] Building CXX object CMakeFiles\Paladin.dir\src\rendering\SettlementMarkerRenderer.cpp.obj
[32/215] Building CXX object CMakeFiles\Paladin.dir\src\rendering\SettlementCommandRenderer.cpp.obj
[33/215] Building CXX object CMakeFiles\Paladin.dir\src\rendering\SettlementCitizenRenderer.cpp.obj
[34/215] Building CXX object CMakeFiles\Paladin.dir\src\rendering\WorldRenderer.cpp.obj
[35/215] Building CXX object CMakeFiles\Paladin.dir\src\rendering\SettlementObjectRenderer.cpp.obj
[36/215] Building CXX object CMakeFiles\Paladin.dir\src\rendering\TerritoryRenderer.cpp.obj
[37/215] Building CXX object CMakeFiles\Paladin.dir\src\simulation\Simulation.cpp.obj
[38/215] Building CXX object CMakeFiles\Paladin.dir\src\simulation\SimulationReports.cpp.obj
[39/215] Building CXX object CMakeFiles\Paladin.dir\src\simulation\WorldSimulationPipeline.cpp.obj
[40/215] Building CXX object CMakeFiles\Paladin.dir\src\simulation\systems\SettlementEconomySystem.cpp.obj
[41/215] Building CXX object CMakeFiles\Paladin.dir\src\simulation\systems\SettlementPopulationSystem.cpp.obj
[42/215] Building CXX object CMakeFiles\Paladin.dir\src\world\generation\SettlementMapGenerator.cpp.obj
[43/215] Building CXX object CMakeFiles\Paladin.dir\src\world\World.cpp.obj
[44/215] Building CXX object CMakeFiles\Paladin.dir\src\world\generation\ClimateGenerator.cpp.obj
[45/215] Building CXX object CMakeFiles\Paladin.dir\src\world\generation\LandmassGenerator.cpp.obj
[46/215] Building CXX object CMakeFiles\Paladin.dir\src\world\generation\TerrainBiomeClassifier.cpp.obj
[47/215] Building CXX object CMakeFiles\Paladin.dir\src\world\generation\WorldGenerator.cpp.obj
[48/215] Building CXX object CMakeFiles\Paladin.dir\src\world\settlements\SettlementMap.cpp.obj
[49/215] Building CXX object CMakeFiles\Paladin.dir\src\world\entities\animals\SettlementAnimals.cpp.obj
[50/215] Building CXX object CMakeFiles\Paladin.dir\src\simulation\systems\SettlementAnimalWork.cpp.obj
[51/215] Building CXX object CMakeFiles\Paladin.dir\src\world\settlements\SettlementNaturalFeatures.cpp.obj
[52/215] Building CXX object CMakeFiles\Paladin.dir\src\world\settlements\SettlementEmploymentState.cpp.obj
[53/215] Building CXX object CMakeFiles\Paladin.dir\src\simulation\systems\SettlementCitizenMovement.cpp.obj
[54/215] Building CXX object CMakeFiles\Paladin.dir\src\simulation\systems\SettlementNavigation.cpp.obj
[55/215] Building CXX object CMakeFiles\Paladin.dir\src\simulation\systems\SettlementActivitySystem.cpp.obj
[56/215] Building CXX object CMakeFiles\Paladin.dir\src\simulation\systems\SettlementActivitySelection.cpp.obj
[57/215] Building CXX object CMakeFiles\Paladin.dir\src\simulation\systems\SettlementLeisure.cpp.obj
[58/215] Building CXX object CMakeFiles\Paladin.dir\src\simulation\systems\SettlementCitizenNeeds.cpp.obj
[59/215] Building CXX object CMakeFiles\Paladin.dir\src\simulation\systems\SettlementJobBoard.cpp.obj
[60/215] Building CXX object CMakeFiles\Paladin.dir\src\simulation\systems\SettlementFamilySystem.cpp.obj
[61/215] Building CXX object CMakeFiles\Paladin.dir\src\world\settlements\SettlementLogistics.cpp.obj
[62/215] Building CXX object CMakeFiles\Paladin.dir\src\world\settlements\objects\jobs\fishery\FisheryJob.cpp.obj
[63/215] Building CXX object CMakeFiles\Paladin.dir\src\world\settlements\objects\SettlementObjectLifecycle.cpp.obj
[64/215] Building CXX object CMakeFiles\Paladin.dir\src\world\settlements\SettlementCommerce.cpp.obj
[65/215] Building CXX object CMakeFiles\Paladin.dir\src\world\settlements\SettlementSimulationState.cpp.obj
[66/215] Building CXX object CMakeFiles\Paladin.dir\src\world\settlements\citizens\SettlementCitizenState.cpp.obj
[67/215] Building CXX object CMakeFiles\Paladin.dir\src\world\settlements\citizens\SettlementCitizenAttributes.cpp.obj
[68/215] Building CXX object CMakeFiles\Paladin.dir\src\world\settlements\SettlementImmigration.cpp.obj
[69/215] Building CXX object CMakeFiles\Paladin.dir\src\world\settlements\objects\SettlementObjectState.cpp.obj
[70/215] Building CXX object CMakeFiles\Paladin.dir\src\world\territory\TerritoryFoundationSystem.cpp.obj
[71/215] Building CXX object CMakeFiles\Paladin.dir\src\world\settlements\commands\SettlementCommandState.cpp.obj
[72/215] Building CXX object CMakeFiles\Paladin.dir\src\ui\BitmapFontRenderer.cpp.obj
[73/215] Building CXX object CMakeFiles\Paladin.dir\src\rendering\WorldGridRenderer.cpp.obj
[74/215] Building CXX object CMakeFiles\Paladin.dir\src\ui\CityHud.cpp.obj
[75/215] Building CXX object CMakeFiles\Paladin.dir\src\ui\LedgerPanel.cpp.obj
[76/215] Building CXX object CMakeFiles\Paladin.dir\src\ui\DebugConsole.cpp.obj
[77/215] Building CXX object CMakeFiles\Paladin.dir\src\ui\EmploymentPopulation.cpp.obj
[78/215] Building CXX object CMakeFiles\Paladin.dir\src\ui\LedgerPanelData.cpp.obj
[79/215] Building CXX object CMakeFiles\Paladin.dir\src\ui\EmploymentPanel.cpp.obj
[80/215] Building CXX object CMakeFiles\Paladin.dir\src\ui\GrayUiRenderer.cpp.obj
[81/215] Building CXX object CMakeFiles\Paladin.dir\src\ui\UiButton.cpp.obj
[82/215] Building CXX object CMakeFiles\Paladin.dir\src\ui\FoundingPanel.cpp.obj
[83/215] Building CXX object CMakeFiles\Paladin.dir\src\ui\MainMenu.cpp.obj
[84/215] Building CXX object CMakeFiles\Paladin.dir\src\ui\UiTextField.cpp.obj
[85/215] Building CXX object CMakeFiles\Paladin.dir\src\ui\NormalFontRenderer.cpp.obj
[86/215] Building CXX object CMakeFiles\Paladin.dir\src\ui\WorldHud.cpp.obj
[87/215] Building CXX object CMakeFiles\Paladin.dir\src\ui\SimulationSpeedControls.cpp.obj
[88/215] Building CXX object CMakeFiles\Paladin.dir\src\ui\SettlementInspectionPanel.cpp.obj
[89/215] Linking CXX executable Paladin.exe
[90/215] Building CXX object CMakeFiles\PaladinTests.dir\tests\CoreTests.cpp.obj
[91/215] Building CXX object CMakeFiles\PaladinTests.dir\tests\SettlementActivityTests.cpp.obj
[92/215] Building CXX object CMakeFiles\PaladinTests.dir\tests\SettlementEmploymentTests.cpp.obj
[93/215] Building CXX object CMakeFiles\PaladinApplicationSmokeTests.dir\src\core\ApplicationMainMenu.cpp.obj
[94/215] Building CXX object CMakeFiles\PaladinApplicationSmokeTests.dir\src\core\Application.cpp.obj
[95/215] Building CXX object CMakeFiles\PaladinApplicationSmokeTests.dir\src\core\ApplicationWorldScreen.cpp.obj
[96/215] Building CXX object CMakeFiles\PaladinApplicationSmokeTests.dir\src\core\ApplicationCityScreen.cpp.obj
[97/215] Building CXX object CMakeFiles\PaladinApplicationSmokeTests.dir\src\core\ApplicationReports.cpp.obj
[98/215] Building CXX object CMakeFiles\PaladinApplicationSmokeTests.dir\src\core\ApplicationFrame.cpp.obj
[99/215] Building CXX object CMakeFiles\PaladinApplicationSmokeTests.dir\tests\ApplicationSmokeTests.cpp.obj
[100/215] Building CXX object CMakeFiles\PaladinApplicationSmokeTests.dir\src\core\ApplicationWorldInput.cpp.obj
[101/215] Building CXX object CMakeFiles\PaladinApplicationSmokeTests.dir\src\core\ApplicationCamera.cpp.obj
[102/215] Building CXX object CMakeFiles\PaladinApplicationSmokeTests.dir\src\core\ApplicationCityInput.cpp.obj
[103/215] Building CXX object CMakeFiles\PaladinApplicationSmokeTests.dir\src\core\ApplicationSession.cpp.obj
[104/215] Building CXX object CMakeFiles\PaladinApplicationSmokeTests.dir\src\interaction\SettlementCommandController.cpp.obj
[105/215] Building CXX object CMakeFiles\PaladinApplicationSmokeTests.dir\src\interaction\SettlementObjectPlacementController.cpp.obj
[106/215] Building CXX object CMakeFiles\PaladinApplicationSmokeTests.dir\src\interaction\SettlementInspectionController.cpp.obj
[107/215] Building CXX object CMakeFiles\PaladinApplicationSmokeTests.dir\src\core\ApplicationDebug.cpp.obj
[108/215] Building CXX object CMakeFiles\PaladinApplicationSmokeTests.dir\src\rendering\Renderer.cpp.obj
[109/215] Building CXX object CMakeFiles\PaladinApplicationSmokeTests.dir\src\interaction\SettlementPlacementController.cpp.obj
[110/215] Building CXX object CMakeFiles\PaladinApplicationSmokeTests.dir\src\rendering\CityRenderer.cpp.obj
[111/215] Building CXX object CMakeFiles\PaladinApplicationSmokeTests.dir\src\rendering\SettlementLogisticsRenderer.cpp.obj
[112/215] Building CXX object CMakeFiles\PaladinApplicationSmokeTests.dir\src\rendering\SceneSpriteLibrary.cpp.obj
[113/215] Building CXX object CMakeFiles\PaladinApplicationSmokeTests.dir\src\rendering\SpriteRenderer.cpp.obj
[114/215] Building CXX object CMakeFiles\PaladinApplicationSmokeTests.dir\src\rendering\OverlayRenderer.cpp.obj
[115/215] Building CXX object CMakeFiles\PaladinApplicationSmokeTests.dir\src\rendering\SettlementStructurePresentation.cpp.obj
[116/215] Building CXX object CMakeFiles\PaladinApplicationSmokeTests.dir\src\rendering\SettlementNaturalFeatureRenderer.cpp.obj
[117/215] Building CXX object CMakeFiles\PaladinApplicationSmokeTests.dir\src\rendering\SettlementCitizenRenderer.cpp.obj
[118/215] Building CXX object CMakeFiles\PaladinApplicationSmokeTests.dir\src\rendering\SettlementCommandRenderer.cpp.obj
[119/215] Building CXX object CMakeFiles\PaladinApplicationSmokeTests.dir\src\rendering\SettlementMarkerRenderer.cpp.obj
[120/215] Building CXX object CMakeFiles\PaladinApplicationSmokeTests.dir\src\rendering\WorldRenderer.cpp.obj
[121/215] Building CXX object CMakeFiles\PaladinApplicationSmokeTests.dir\src\rendering\SettlementObjectRenderer.cpp.obj
[122/215] Building CXX object CMakeFiles\PaladinApplicationSmokeTests.dir\src\rendering\TerritoryRenderer.cpp.obj
[123/215] Building CXX object CMakeFiles\PaladinApplicationSmokeTests.dir\src\simulation\Simulation.cpp.obj
[124/215] Building CXX object CMakeFiles\PaladinApplicationSmokeTests.dir\src\simulation\SimulationReports.cpp.obj
[125/215] Building CXX object CMakeFiles\PaladinApplicationSmokeTests.dir\src\simulation\WorldSimulationPipeline.cpp.obj
[126/215] Building CXX object CMakeFiles\PaladinApplicationSmokeTests.dir\src\simulation\systems\SettlementEconomySystem.cpp.obj
[127/215] Building CXX object CMakeFiles\PaladinApplicationSmokeTests.dir\src\simulation\systems\SettlementPopulationSystem.cpp.obj
[128/215] Building CXX object CMakeFiles\PaladinApplicationSmokeTests.dir\src\world\World.cpp.obj
[129/215] Building CXX object CMakeFiles\PaladinApplicationSmokeTests.dir\src\world\generation\LandmassGenerator.cpp.obj
[130/215] Building CXX object CMakeFiles\PaladinApplicationSmokeTests.dir\src\world\generation\SettlementMapGenerator.cpp.obj
[131/215] Building CXX object CMakeFiles\PaladinApplicationSmokeTests.dir\src\world\generation\ClimateGenerator.cpp.obj
[132/215] Building CXX object CMakeFiles\PaladinApplicationSmokeTests.dir\src\world\generation\TerrainBiomeClassifier.cpp.obj
[133/215] Building CXX object CMakeFiles\PaladinApplicationSmokeTests.dir\src\world\generation\WorldGenerator.cpp.obj
[134/215] Building CXX object CMakeFiles\PaladinApplicationSmokeTests.dir\src\world\settlements\SettlementMap.cpp.obj
[135/215] Building CXX object CMakeFiles\PaladinApplicationSmokeTests.dir\src\world\entities\animals\SettlementAnimals.cpp.obj
[136/215] Building CXX object CMakeFiles\PaladinApplicationSmokeTests.dir\src\world\settlements\SettlementNaturalFeatures.cpp.obj
[137/215] Building CXX object CMakeFiles\PaladinApplicationSmokeTests.dir\src\simulation\systems\SettlementAnimalWork.cpp.obj
[138/215] Building CXX object CMakeFiles\PaladinApplicationSmokeTests.dir\src\world\settlements\SettlementEmploymentState.cpp.obj
[139/215] Building CXX object CMakeFiles\PaladinApplicationSmokeTests.dir\src\simulation\systems\SettlementNavigation.cpp.obj
[140/215] Building CXX object CMakeFiles\PaladinApplicationSmokeTests.dir\src\simulation\systems\SettlementCitizenMovement.cpp.obj
[141/215] Building CXX object CMakeFiles\PaladinApplicationSmokeTests.dir\src\simulation\systems\SettlementActivitySystem.cpp.obj
[142/215] Building CXX object CMakeFiles\PaladinApplicationSmokeTests.dir\src\simulation\systems\SettlementActivitySelection.cpp.obj
[143/215] Building CXX object CMakeFiles\PaladinApplicationSmokeTests.dir\src\simulation\systems\SettlementLeisure.cpp.obj
[144/215] Building CXX object CMakeFiles\PaladinApplicationSmokeTests.dir\src\simulation\systems\SettlementCitizenNeeds.cpp.obj
[145/215] Building CXX object CMakeFiles\PaladinApplicationSmokeTests.dir\src\simulation\systems\SettlementJobBoard.cpp.obj
[146/215] Building CXX object CMakeFiles\PaladinApplicationSmokeTests.dir\src\world\settlements\SettlementLogistics.cpp.obj
[147/215] Building CXX object CMakeFiles\PaladinApplicationSmokeTests.dir\src\simulation\systems\SettlementFamilySystem.cpp.obj
[148/215] Building CXX object CMakeFiles\PaladinApplicationSmokeTests.dir\src\world\settlements\objects\jobs\fishery\FisheryJob.cpp.obj
[149/215] Building CXX object CMakeFiles\PaladinApplicationSmokeTests.dir\src\world\settlements\objects\SettlementObjectLifecycle.cpp.obj
[150/215] Building CXX object CMakeFiles\PaladinApplicationSmokeTests.dir\src\world\settlements\SettlementCommerce.cpp.obj
[151/215] Building CXX object CMakeFiles\PaladinApplicationSmokeTests.dir\src\world\settlements\SettlementSimulationState.cpp.obj
[152/215] Building CXX object CMakeFiles\PaladinApplicationSmokeTests.dir\src\world\settlements\citizens\SettlementCitizenState.cpp.obj
[153/215] Building CXX object CMakeFiles\PaladinApplicationSmokeTests.dir\src\world\settlements\citizens\SettlementCitizenAttributes.cpp.obj
[154/215] Building CXX object CMakeFiles\PaladinApplicationSmokeTests.dir\src\world\settlements\SettlementImmigration.cpp.obj
[155/215] Building CXX object CMakeFiles\PaladinApplicationSmokeTests.dir\src\world\settlements\objects\SettlementObjectState.cpp.obj
[156/215] Building CXX object CMakeFiles\PaladinApplicationSmokeTests.dir\src\world\territory\TerritoryFoundationSystem.cpp.obj
[157/215] Building CXX object CMakeFiles\PaladinApplicationSmokeTests.dir\src\world\settlements\commands\SettlementCommandState.cpp.obj
[158/215] Building CXX object CMakeFiles\PaladinApplicationSmokeTests.dir\src\ui\BitmapFontRenderer.cpp.obj
[159/215] Building CXX object CMakeFiles\PaladinApplicationSmokeTests.dir\src\rendering\WorldGridRenderer.cpp.obj
[160/215] Building CXX object CMakeFiles\PaladinApplicationSmokeTests.dir\src\ui\CityHud.cpp.obj
[161/215] Building CXX object CMakeFiles\PaladinApplicationSmokeTests.dir\src\ui\LedgerPanel.cpp.obj
[162/215] Building CXX object CMakeFiles\PaladinApplicationSmokeTests.dir\src\ui\DebugConsole.cpp.obj
[163/215] Building CXX object CMakeFiles\PaladinApplicationSmokeTests.dir\src\ui\LedgerPanelData.cpp.obj
[164/215] Building CXX object CMakeFiles\PaladinApplicationSmokeTests.dir\src\ui\EmploymentPopulation.cpp.obj
[165/215] Building CXX object CMakeFiles\PaladinApplicationSmokeTests.dir\src\ui\GrayUiRenderer.cpp.obj
[166/215] Building CXX object CMakeFiles\PaladinApplicationSmokeTests.dir\src\ui\FoundingPanel.cpp.obj
[167/215] Building CXX object CMakeFiles\PaladinApplicationSmokeTests.dir\src\ui\EmploymentPanel.cpp.obj
[168/215] Building CXX object CMakeFiles\PaladinApplicationSmokeTests.dir\src\ui\UiButton.cpp.obj
[169/215] Building CXX object CMakeFiles\PaladinApplicationSmokeTests.dir\src\ui\UiTextField.cpp.obj
[170/215] Building CXX object CMakeFiles\PaladinApplicationSmokeTests.dir\src\ui\MainMenu.cpp.obj
[171/215] Building CXX object CMakeFiles\PaladinApplicationSmokeTests.dir\src\ui\SimulationSpeedControls.cpp.obj
[172/215] Building CXX object CMakeFiles\PaladinApplicationSmokeTests.dir\src\ui\NormalFontRenderer.cpp.obj
[173/215] Building CXX object CMakeFiles\PaladinApplicationSmokeTests.dir\src\ui\WorldHud.cpp.obj
[174/215] Building CXX object CMakeFiles\PaladinApplicationSmokeTests.dir\src\ui\SettlementInspectionPanel.cpp.obj
[175/215] Building CXX object CMakeFiles\PaladinTests.dir\src\world\generation\SettlementMapGenerator.cpp.obj
[176/215] Building CXX object CMakeFiles\PaladinTests.dir\tests\WorldGenerationTests.cpp.obj
[177/215] Building CXX object CMakeFiles\PaladinTests.dir\src\world\World.cpp.obj
[178/215] Building CXX object CMakeFiles\PaladinTests.dir\tests\WorldTests.cpp.obj
[179/215] Building CXX object CMakeFiles\PaladinTests.dir\src\world\generation\LandmassGenerator.cpp.obj
[180/215] Building CXX object CMakeFiles\PaladinTests.dir\src\world\generation\ClimateGenerator.cpp.obj
[181/215] Building CXX object CMakeFiles\PaladinTests.dir\src\world\generation\TerrainBiomeClassifier.cpp.obj
[182/215] Building CXX object CMakeFiles\PaladinTests.dir\src\world\generation\WorldGenerator.cpp.obj
[183/215] Building CXX object CMakeFiles\PaladinTests.dir\src\world\settlements\SettlementMap.cpp.obj
[184/215] Building CXX object CMakeFiles\PaladinTests.dir\src\simulation\systems\SettlementAnimalWork.cpp.obj
[185/215] Building CXX object CMakeFiles\PaladinTests.dir\src\world\entities\animals\SettlementAnimals.cpp.obj
[186/215] Building CXX object CMakeFiles\PaladinTests.dir\src\world\settlements\SettlementNaturalFeatures.cpp.obj
[187/215] Building CXX object CMakeFiles\PaladinTests.dir\src\world\settlements\SettlementEmploymentState.cpp.obj
[188/215] Building CXX object CMakeFiles\PaladinTests.dir\src\simulation\systems\SettlementCitizenMovement.cpp.obj
[189/215] Building CXX object CMakeFiles\PaladinTests.dir\src\simulation\systems\SettlementNavigation.cpp.obj
[190/215] Building CXX object CMakeFiles\PaladinTests.dir\src\simulation\systems\SettlementActivitySystem.cpp.obj
[191/215] Building CXX object CMakeFiles\PaladinTests.dir\src\simulation\systems\SettlementActivitySelection.cpp.obj
[192/215] Building CXX object CMakeFiles\PaladinTests.dir\src\simulation\systems\SettlementLeisure.cpp.obj
[193/215] Building CXX object CMakeFiles\PaladinTests.dir\src\simulation\systems\SettlementCitizenNeeds.cpp.obj
[194/215] Building CXX object CMakeFiles\PaladinTests.dir\src\simulation\systems\SettlementJobBoard.cpp.obj
[195/215] Building CXX object CMakeFiles\PaladinTests.dir\src\simulation\systems\SettlementFamilySystem.cpp.obj
[196/215] Building CXX object CMakeFiles\PaladinTests.dir\src\world\settlements\SettlementLogistics.cpp.obj
[197/215] Building CXX object CMakeFiles\PaladinTests.dir\src\world\settlements\objects\jobs\fishery\FisheryJob.cpp.obj
[198/215] Building CXX object CMakeFiles\PaladinTests.dir\src\world\settlements\SettlementCommerce.cpp.obj
[199/215] Building CXX object CMakeFiles\PaladinTests.dir\src\world\settlements\objects\SettlementObjectLifecycle.cpp.obj
[200/215] Building CXX object CMakeFiles\PaladinTests.dir\src\world\settlements\citizens\SettlementCitizenState.cpp.obj
[201/215] Building CXX object CMakeFiles\PaladinTests.dir\src\world\settlements\SettlementSimulationState.cpp.obj
[202/215] Building CXX object CMakeFiles\PaladinTests.dir\src\world\settlements\citizens\SettlementCitizenAttributes.cpp.obj
[203/215] Building CXX object CMakeFiles\PaladinTests.dir\src\world\settlements\SettlementImmigration.cpp.obj
[204/215] Building CXX object CMakeFiles\PaladinTests.dir\src\world\settlements\objects\SettlementObjectState.cpp.obj
[205/215] Building CXX object CMakeFiles\PaladinTests.dir\src\world\territory\TerritoryFoundationSystem.cpp.obj
[206/215] Building CXX object CMakeFiles\PaladinTests.dir\src\world\settlements\commands\SettlementCommandState.cpp.obj
[207/215] Building CXX object CMakeFiles\PaladinTests.dir\src\simulation\WorldSimulationPipeline.cpp.obj
[208/215] Building CXX object CMakeFiles\PaladinTests.dir\src\interaction\SettlementObjectPlacementController.cpp.obj
[209/215] Building CXX object CMakeFiles\PaladinTests.dir\src\simulation\systems\SettlementEconomySystem.cpp.obj
[210/215] Building CXX object CMakeFiles\PaladinTests.dir\src\simulation\systems\SettlementPopulationSystem.cpp.obj
[211/215] Linking CXX executable PaladinApplicationSmokeTests.exe
[212/215] Building CXX object CMakeFiles\PaladinTests.dir\src\interaction\SettlementCommandController.cpp.obj
[213/215] Building CXX object CMakeFiles\PaladinTests.dir\src\interaction\SettlementInspectionController.cpp.obj
[214/215] Linking CXX executable PaladinTests.exe
[215/215] Verify final world pixel grid, daylight/night rendering and sprite integration
world pan/zoom mean_ms=2.62661 worst_ms=8.246
globe renderer=software
globe generation land=29927 hills=3706 mountains=5480 supported=5480
city coast zoom mean_ms=10.4415 worst_ms=22.2018
globe warm zoom/rotation mean_ms=32.979 worst_ms=53.3036 atlas_builds=1
Invalid object presentation recipe; using flat fallback
Cannot load sprite missing.png: Couldn't open C:\Paladin\out\build\x64-Release\renderer-test-fixture\missing.png: The system cannot find the file specified.
Cannot load sprite C:\Paladin\out\build\x64-Release\renderer-test-fixture\missing.png: Couldn't open C:\Paladin\out\build\x64-Release\renderer-test-fixture\missing.png: The system cannot find the file specified.; retaining placeholder
Invalid object presentation recipe; using flat fallback
Rejected off-palette or partial-alpha artwork: alpha.png
Rejected off-palette or partial-alpha artwork: alpha.png
Cannot load sprite missing.png: Couldn't open C:\Paladin\out\build\x64-Release\renderer-test-fixture\missing.png: The system cannot find the file specified.
Invalid object presentation recipe; using flat fallback
Cannot load sprite missing.png: Couldn't open C:\Paladin\out\build\x64-Release\renderer-test-fixture\missing.png: The system cannot find the file specified.
Application routing smoke test passed.
