[1/69] C:\WINDOWS\system32\cmd.exe /C "cd /D C:\Paladin\out\build\x64-Release && "C:\Program Files\Microsoft Visual Studio\18\Community\Common7\IDE\CommonExtensions\Microsoft\CMake\CMake\bin\cmake.exe" -E make_directory C:/Paladin/out/build/x64-Release/assets/sprites && "C:\Program Files\Microsoft Visual Studio\18\Community\Common7\IDE\CommonExtensions\Microsoft\CMake\CMake\bin\cmake.exe" -E copy_if_different C:/Paladin/config/art-palette.hex C:/Paladin/out/build/x64-Release/assets/sprites/art-palette.hex && "C:\Program Files\Microsoft Visual Studio\18\Community\Common7\IDE\CommonExtensions\Microsoft\CMake\CMake\bin\cmake.exe" -E copy_if_different C:/Paladin/config/pieces.catalog C:/Paladin/out/build/x64-Release/assets/sprites/pieces.catalog && "C:\Program Files\Microsoft Visual Studio\18\Community\Common7\IDE\CommonExtensions\Microsoft\CMake\CMake\bin\cmake.exe" -E copy_if_different C:/Paladin/config/lights.catalog C:/Paladin/out/build/x64-Release/assets/sprites/lights.catalog"
[2/69] C:\WINDOWS\system32\cmd.exe /C "cd /D C:\Paladin\out\build\x64-Release && "C:\Program Files\Microsoft Visual Studio\18\Community\Common7\IDE\CommonExtensions\Microsoft\CMake\CMake\bin\cmake.exe" -E copy_directory C:/Paladin/assets/sprites C:/Paladin/out/build/x64-Release/assets/sprites"
[3/69] C:\WINDOWS\system32\cmd.exe /C "cd /D C:\Paladin\out\build\x64-Release && "C:\Program Files\Microsoft Visual Studio\18\Community\Common7\IDE\CommonExtensions\Microsoft\CMake\CMake\bin\cmake.exe" -E make_directory C:/Paladin/out/build/x64-Release/assets/sprites && "C:\Program Files\Microsoft Visual Studio\18\Community\Common7\IDE\CommonExtensions\Microsoft\CMake\CMake\bin\cmake.exe" -E copy_if_different C:/Paladin/config/city-objects.catalog C:/Paladin/out/build/x64-Release/assets/sprites/objects.catalog"
[4/69] Building CXX object CMakeFiles\Paladin.dir\src\core\ApplicationDebug.cpp.obj
[5/69] Linking CXX executable Paladin.exe
[6/69] Building CXX object CMakeFiles\PaladinApplicationSmokeTests.dir\src\core\ApplicationReports.cpp.obj
[7/69] Building CXX object CMakeFiles\PaladinApplicationSmokeTests.dir\src\core\ApplicationCityInput.cpp.obj
[8/69] Building CXX object CMakeFiles\PaladinApplicationSmokeTests.dir\src\core\ApplicationFrame.cpp.obj
[9/69] Building CXX object CMakeFiles\PaladinApplicationSmokeTests.dir\src\core\ApplicationWorldInput.cpp.obj
[10/69] Building CXX object CMakeFiles\PaladinApplicationSmokeTests.dir\src\core\ApplicationCamera.cpp.obj
[11/69] Building CXX object CMakeFiles\PaladinApplicationSmokeTests.dir\src\core\ApplicationSession.cpp.obj
[12/69] Building CXX object CMakeFiles\PaladinApplicationSmokeTests.dir\src\interaction\SettlementCommandController.cpp.obj
[13/69] Building CXX object CMakeFiles\PaladinApplicationSmokeTests.dir\src\core\ApplicationDebug.cpp.obj
[14/69] Building CXX object CMakeFiles\PaladinApplicationSmokeTests.dir\tests\ApplicationSmokeTests.cpp.obj
[15/69] Building CXX object CMakeFiles\PaladinApplicationSmokeTests.dir\src\interaction\SettlementInspectionController.cpp.obj
[16/69] Building CXX object CMakeFiles\PaladinApplicationSmokeTests.dir\src\interaction\SettlementObjectPlacementController.cpp.obj
[17/69] Building CXX object CMakeFiles\PaladinApplicationSmokeTests.dir\src\interaction\SettlementPlacementController.cpp.obj
[18/69] Building CXX object CMakeFiles\PaladinApplicationSmokeTests.dir\src\rendering\SettlementLogisticsRenderer.cpp.obj
[19/69] Building CXX object CMakeFiles\PaladinApplicationSmokeTests.dir\src\rendering\CityRenderer.cpp.obj
[20/69] Building CXX object CMakeFiles\PaladinApplicationSmokeTests.dir\src\rendering\SettlementStructurePresentation.cpp.obj
[21/69] Building CXX object CMakeFiles\PaladinApplicationSmokeTests.dir\src\rendering\SettlementNaturalFeatureRenderer.cpp.obj
[22/69] Building CXX object CMakeFiles\PaladinApplicationSmokeTests.dir\src\rendering\SettlementCommandRenderer.cpp.obj
[23/69] Building CXX object CMakeFiles\PaladinApplicationSmokeTests.dir\src\rendering\SettlementMarkerRenderer.cpp.obj
[24/69] Building CXX object CMakeFiles\PaladinApplicationSmokeTests.dir\src\rendering\WorldRenderer.cpp.obj
[25/69] Building CXX object CMakeFiles\PaladinApplicationSmokeTests.dir\src\rendering\SettlementCitizenRenderer.cpp.obj
[26/69] Building CXX object CMakeFiles\PaladinApplicationSmokeTests.dir\src\rendering\SettlementObjectRenderer.cpp.obj
[27/69] Building CXX object CMakeFiles\PaladinApplicationSmokeTests.dir\src\rendering\TerritoryRenderer.cpp.obj
[28/69] Building CXX object CMakeFiles\PaladinApplicationSmokeTests.dir\src\simulation\Simulation.cpp.obj
[29/69] Building CXX object CMakeFiles\PaladinApplicationSmokeTests.dir\src\simulation\SimulationReports.cpp.obj
[30/69] Building CXX object CMakeFiles\PaladinApplicationSmokeTests.dir\src\simulation\WorldSimulationPipeline.cpp.obj
[31/69] Building CXX object CMakeFiles\PaladinApplicationSmokeTests.dir\src\simulation\systems\SettlementEconomySystem.cpp.obj
[32/69] Building CXX object CMakeFiles\PaladinApplicationSmokeTests.dir\src\simulation\systems\SettlementPopulationSystem.cpp.obj
[33/69] Building CXX object CMakeFiles\PaladinApplicationSmokeTests.dir\src\world\World.cpp.obj
[34/69] Building CXX object CMakeFiles\PaladinApplicationSmokeTests.dir\src\world\generation\SettlementMapGenerator.cpp.obj
[35/69] Building CXX object CMakeFiles\PaladinApplicationSmokeTests.dir\src\world\generation\ClimateGenerator.cpp.obj
[36/69] Building CXX object CMakeFiles\PaladinApplicationSmokeTests.dir\src\world\generation\LandmassGenerator.cpp.obj
[37/69] Building CXX object CMakeFiles\PaladinApplicationSmokeTests.dir\src\world\generation\TerrainBiomeClassifier.cpp.obj
[38/69] Building CXX object CMakeFiles\PaladinApplicationSmokeTests.dir\src\world\generation\WorldGenerator.cpp.obj
[39/69] Building CXX object CMakeFiles\PaladinApplicationSmokeTests.dir\src\world\settlements\SettlementMap.cpp.obj
[40/69] Building CXX object CMakeFiles\PaladinApplicationSmokeTests.dir\src\world\entities\animals\SettlementAnimals.cpp.obj
[41/69] Building CXX object CMakeFiles\PaladinApplicationSmokeTests.dir\src\world\settlements\SettlementNaturalFeatures.cpp.obj
[42/69] Building CXX object CMakeFiles\PaladinApplicationSmokeTests.dir\src\world\settlements\SettlementEmploymentState.cpp.obj
[43/69] Building CXX object CMakeFiles\PaladinApplicationSmokeTests.dir\src\simulation\systems\SettlementAnimalWork.cpp.obj
[44/69] Building CXX object CMakeFiles\PaladinApplicationSmokeTests.dir\src\simulation\systems\SettlementNavigation.cpp.obj
[45/69] Building CXX object CMakeFiles\PaladinApplicationSmokeTests.dir\src\simulation\systems\SettlementCitizenMovement.cpp.obj
[46/69] Building CXX object CMakeFiles\PaladinApplicationSmokeTests.dir\src\simulation\systems\SettlementActivitySystem.cpp.obj
[47/69] Building CXX object CMakeFiles\PaladinApplicationSmokeTests.dir\src\simulation\systems\SettlementActivitySelection.cpp.obj
[48/69] Building CXX object CMakeFiles\PaladinApplicationSmokeTests.dir\src\simulation\systems\SettlementLeisure.cpp.obj
[49/69] Building CXX object CMakeFiles\PaladinApplicationSmokeTests.dir\src\simulation\systems\SettlementCitizenNeeds.cpp.obj
[50/69] Building CXX object CMakeFiles\PaladinApplicationSmokeTests.dir\src\simulation\systems\SettlementJobBoard.cpp.obj
[51/69] Building CXX object CMakeFiles\PaladinApplicationSmokeTests.dir\src\world\settlements\SettlementLogistics.cpp.obj
[52/69] Building CXX object CMakeFiles\PaladinApplicationSmokeTests.dir\src\simulation\systems\SettlementFamilySystem.cpp.obj
[53/69] Building CXX object CMakeFiles\PaladinApplicationSmokeTests.dir\src\world\settlements\SettlementCommerce.cpp.obj
[54/69] Building CXX object CMakeFiles\PaladinApplicationSmokeTests.dir\src\world\settlements\objects\jobs\fishery\FisheryJob.cpp.obj
[55/69] Building CXX object CMakeFiles\PaladinApplicationSmokeTests.dir\src\world\settlements\objects\SettlementObjectLifecycle.cpp.obj
[56/69] Building CXX object CMakeFiles\PaladinApplicationSmokeTests.dir\src\world\settlements\SettlementSimulationState.cpp.obj
[57/69] Building CXX object CMakeFiles\PaladinApplicationSmokeTests.dir\src\world\settlements\citizens\SettlementCitizenAttributes.cpp.obj
[58/69] Building CXX object CMakeFiles\PaladinApplicationSmokeTests.dir\src\world\settlements\citizens\SettlementCitizenState.cpp.obj
[59/69] Building CXX object CMakeFiles\PaladinApplicationSmokeTests.dir\src\world\settlements\SettlementImmigration.cpp.obj
[60/69] Building CXX object CMakeFiles\PaladinApplicationSmokeTests.dir\src\world\settlements\objects\SettlementObjectState.cpp.obj
[61/69] Building CXX object CMakeFiles\PaladinApplicationSmokeTests.dir\src\world\territory\TerritoryFoundationSystem.cpp.obj
[62/69] Building CXX object CMakeFiles\PaladinApplicationSmokeTests.dir\src\world\settlements\commands\SettlementCommandState.cpp.obj
[63/69] Building CXX object CMakeFiles\PaladinApplicationSmokeTests.dir\src\rendering\WorldGridRenderer.cpp.obj
[64/69] Building CXX object CMakeFiles\PaladinApplicationSmokeTests.dir\src\ui\CityHud.cpp.obj
[65/69] Building CXX object CMakeFiles\PaladinApplicationSmokeTests.dir\src\ui\EmploymentPopulation.cpp.obj
[66/69] Building CXX object CMakeFiles\PaladinApplicationSmokeTests.dir\src\ui\LedgerPanelData.cpp.obj
[67/69] Building CXX object CMakeFiles\PaladinApplicationSmokeTests.dir\src\ui\EmploymentPanel.cpp.obj
[68/69] Building CXX object CMakeFiles\PaladinApplicationSmokeTests.dir\src\ui\SettlementInspectionPanel.cpp.obj
[69/69] Linking CXX executable PaladinApplicationSmokeTests.exe
