[1/25] C:\WINDOWS\system32\cmd.exe /C "cd /D C:\Paladin\out\build\x64-Release && "C:\Program Files\Microsoft Visual Studio\18\Community\Common7\IDE\CommonExtensions\Microsoft\CMake\CMake\bin\cmake.exe" -E make_directory C:/Paladin/out/build/x64-Release/assets/sprites && "C:\Program Files\Microsoft Visual Studio\18\Community\Common7\IDE\CommonExtensions\Microsoft\CMake\CMake\bin\cmake.exe" -E copy_if_different C:/Paladin/config/art-palette.hex C:/Paladin/out/build/x64-Release/assets/sprites/art-palette.hex && "C:\Program Files\Microsoft Visual Studio\18\Community\Common7\IDE\CommonExtensions\Microsoft\CMake\CMake\bin\cmake.exe" -E copy_if_different C:/Paladin/config/pieces.catalog C:/Paladin/out/build/x64-Release/assets/sprites/pieces.catalog && "C:\Program Files\Microsoft Visual Studio\18\Community\Common7\IDE\CommonExtensions\Microsoft\CMake\CMake\bin\cmake.exe" -E copy_if_different C:/Paladin/config/lights.catalog C:/Paladin/out/build/x64-Release/assets/sprites/lights.catalog"
[2/25] C:\WINDOWS\system32\cmd.exe /C "cd /D C:\Paladin\out\build\x64-Release && "C:\Program Files\Microsoft Visual Studio\18\Community\Common7\IDE\CommonExtensions\Microsoft\CMake\CMake\bin\cmake.exe" -E copy_directory C:/Paladin/assets/sprites C:/Paladin/out/build/x64-Release/assets/sprites"
[3/25] C:\WINDOWS\system32\cmd.exe /C "cd /D C:\Paladin\out\build\x64-Release && "C:\Program Files\Microsoft Visual Studio\18\Community\Common7\IDE\CommonExtensions\Microsoft\CMake\CMake\bin\cmake.exe" -E make_directory C:/Paladin/out/build/x64-Release/assets/sprites && "C:\Program Files\Microsoft Visual Studio\18\Community\Common7\IDE\CommonExtensions\Microsoft\CMake\CMake\bin\cmake.exe" -E copy_if_different C:/Paladin/config/city-objects.catalog C:/Paladin/out/build/x64-Release/assets/sprites/objects.catalog"
[4/25] Building CXX object CMakeFiles\PaladinTests.dir\src\world\generation\LandmassGenerationTemplate.cpp.obj
[5/25] Building CXX object CMakeFiles\PaladinTests.dir\src\world\generation\LandmassGenerator.cpp.obj
[6/25] Building CXX object CMakeFiles\PaladinTests.dir\tests\WorldGenerationTests.cpp.obj
[7/25] Building CXX object CMakeFiles\Paladin.dir\src\core\Application.cpp.obj
[8/25] Building CXX object CMakeFiles\Paladin.dir\src\core\ApplicationWorldScreen.cpp.obj
[9/25] Building CXX object CMakeFiles\Paladin.dir\src\core\ApplicationFrame.cpp.obj
[10/25] Building CXX object CMakeFiles\Paladin.dir\src\world\generation\LandmassGenerationTemplate.cpp.obj
[11/25] Linking CXX executable PaladinTests.exe
[12/25] Building CXX object CMakeFiles\Paladin.dir\src\world\generation\LandmassGenerator.cpp.obj
[13/25] Building CXX object CMakeFiles\Paladin.dir\src\core\ApplicationSession.cpp.obj
[14/25] Building CXX object CMakeFiles\Paladin.dir\src\rendering\WorldRenderer.cpp.obj
[15/25] Linking CXX executable Paladin.exe
[16/25] Building CXX object CMakeFiles\PaladinApplicationSmokeTests.dir\src\core\ApplicationWorldScreen.cpp.obj
[17/25] Building CXX object CMakeFiles\PaladinApplicationSmokeTests.dir\src\core\ApplicationFrame.cpp.obj
[18/25] Building CXX object CMakeFiles\PaladinApplicationSmokeTests.dir\src\core\Application.cpp.obj
[19/25] Building CXX object CMakeFiles\PaladinApplicationSmokeTests.dir\src\world\generation\LandmassGenerationTemplate.cpp.obj
[20/25] Building CXX object CMakeFiles\PaladinApplicationSmokeTests.dir\src\world\generation\LandmassGenerator.cpp.obj
[21/25] Building CXX object CMakeFiles\PaladinApplicationSmokeTests.dir\src\rendering\WorldRenderer.cpp.obj
[22/25] Building CXX object CMakeFiles\PaladinApplicationSmokeTests.dir\src\core\ApplicationSession.cpp.obj
[23/25] Building CXX object CMakeFiles\PaladinApplicationSmokeTests.dir\tests\ApplicationSmokeTests.cpp.obj
[24/25] Linking CXX executable PaladinApplicationSmokeTests.exe
[25/25] Verify final world pixel grid, daylight/night rendering and sprite integration
world pan/zoom mean_ms=4.25515 worst_ms=8.9252
globe renderer=software
globe generation land=41271 hills=6223 mountains=9876 supported=9876
city coast zoom mean_ms=8.9315 worst_ms=25.424
globe warm zoom/rotation mean_ms=35.8497 worst_ms=56.7128 atlas_builds=1
Invalid object presentation recipe; using flat fallback
Cannot load sprite missing.png: Couldn't open C:\Paladin\out\build\x64-Release\renderer-test-fixture\missing.png: The system cannot find the file specified.
Cannot load sprite C:\Paladin\out\build\x64-Release\renderer-test-fixture\missing.png: Couldn't open C:\Paladin\out\build\x64-Release\renderer-test-fixture\missing.png: The system cannot find the file specified.; retaining placeholder
Invalid object presentation recipe; using flat fallback
Rejected off-palette or partial-alpha artwork: alpha.png
Rejected off-palette or partial-alpha artwork: alpha.png
Cannot load sprite missing.png: Couldn't open C:\Paladin\out\build\x64-Release\renderer-test-fixture\missing.png: The system cannot find the file specified.
Invalid object presentation recipe; using flat fallback
Cannot load sprite missing.png: Couldn't open C:\Paladin\out\build\x64-Release\renderer-test-fixture\missing.png: The system cannot find the file specified.
Application routing smoke test passed.
