world pan/zoom mean_ms=5.48714 worst_ms=36.1706
motion spike zoom=0.75 frame=0 ms=668.09 stages=365.553,0.0048,157.059,8.6422,3.6702,
first frame zoom=0.75 ms=668.09 stages=365.553,0.0048,157.059,8.6422,3.6702,
motion spike zoom=0.75 frame=1 ms=28.1448 stages=3.7903,0.0021,20.2697,0.0229,1.039,
motion spike zoom=0.75 frame=11 ms=28.4269 stages=4.0342,0.0025,20.6357,0.0258,3.0887,
motion spike zoom=0.75 frame=19 ms=22.9967 stages=3.295,0.0018,19.2337,0.0198,0.3296,
motion spike zoom=0.75 frame=31 ms=24.0297 stages=2.7134,0.0017,19.889,0.0208,0.3679,
motion spike zoom=0.75 frame=32 ms=22.8692 stages=4.3337,0.0027,17.6942,0.0231,0.3533,
motion spike zoom=0.75 frame=39 ms=22.5173 stages=4.3271,0.0022,17.3726,0.0252,0.3537,
motion spike zoom=0.75 frame=41 ms=32.1588 stages=4.4989,0.0018,26.806,0.0202,0.3266,
foliage tp=10.59 textures=162 visible=638 built=2 fallback=0
motion spike zoom=0.75 frame=52 ms=21.6511 stages=2.9093,0.0013,17.9841,0.0202,0.3327,
motion spike zoom=0.75 frame=70 ms=21.6078 stages=2.8977,0.0013,17.8842,0.0269,0.3641,
motion spike zoom=0.75 frame=82 ms=31.6713 stages=4.6116,0.0014,26.1615,0.0282,0.423,
motion spike zoom=0.75 frame=91 ms=33.7759 stages=3.8145,0.0017,29.2116,0.0244,0.4208,
motion spike zoom=0.75 frame=95 ms=21.279 stages=3.9985,0.0017,16.7668,0.0225,0.3514,
foliage tp=11.34 textures=279 visible=704 built=2 fallback=0
motion spike zoom=0.75 frame=100 ms=30.2476 stages=5.6828,0.0023,24.0043,0.0329,0.3543,
motion spike zoom=0.75 frame=112 ms=21.992 stages=4.5265,0.003,16.5814,0.0221,0.3082,
motion spike zoom=0.75 frame=113 ms=26.5777 stages=4.4987,0.002,21.0856,0.0274,0.4006,
motion spike zoom=0.75 frame=122 ms=25.5486 stages=4.7022,0.0017,19.8943,0.0268,0.3929,
foliage tp=13.04 textures=382 visible=660 built=3 fallback=0
motion spike zoom=0.75 frame=160 ms=26.8846 stages=4.9138,0.002,20.885,0.0248,0.3934,
motion spike zoom=0.75 frame=176 ms=26.7714 stages=4.0626,0.0011,21.4964,0.0214,0.3566,
dense forest zoom=0.75 mean=10.1665 worst=26.8846 cold_worst=668.09 stages=4.20104,0.00170333,5.20391,0.0203533,0.329933,
first frame zoom=1 ms=9.3838 stages=5.0831,0.0019,3.4747,0.02,0.2931,
foliage tp=17.82 textures=467 visible=704 built=2 fallback=0
foliage tp=17.11 textures=545 visible=638 built=2 fallback=0
foliage tp=14.81 textures=619 visible=726 built=2 fallback=0
foliage tp=14.22 textures=692 visible=638 built=4 fallback=0
dense forest zoom=1 mean=9.01914 worst=12.9717 cold_worst=13.7092 stages=4.01918,0.00141833,4.06798,0.0342133,0.297857,
first frame zoom=1.5 ms=13.1541 stages=4.4995,1.4646,3.2997,2.8874,0.305,
motion spike zoom=1.5 frame=3 ms=26.6659 stages=16.8994,1.2139,4.7516,2.5015,0.2624,
foliage tp=22.02 textures=766 visible=630 built=1 fallback=0
foliage tp=25.44 textures=830 visible=682 built=2 fallback=0
motion spike zoom=1.5 frame=94 ms=21.3516 stages=7.7295,1.3181,4.2476,2.9588,0.2911,
foliage tp=26.80 textures=848 visible=682 built=0 fallback=0
dense forest zoom=1.5 mean=10.9047 worst=17.4186 cold_worst=26.6659 stages=5.18849,1.38388,0.501645,1.49157,0.287155,
first frame zoom=2 ms=13.3781 stages=4.7775,0.8824,4.0257,1.5179,0.27,
foliage tp=35.01 textures=865 visible=726 built=2 fallback=0
foliage tp=30.56 textures=924 visible=638 built=1 fallback=0
foliage tp=28.18 textures=927 visible=726 built=0 fallback=0
foliage tp=31.27 textures=927 visible=630 built=0 fallback=0
dense forest zoom=2 mean=11.5307 worst=17.1661 cold_worst=19.8368 stages=6.02791,0.98973,0.137213,1.7446,0.322587,
motion spike zoom=2.5 frame=0 ms=20.1829 stages=5.4251,0.8842,5.9343,4.5177,0.2993,
first frame zoom=2.5 ms=20.1829 stages=5.4251,0.8842,5.9343,4.5177,0.2993,
motion spike zoom=2.5 frame=1 ms=21.1671 stages=6.0916,0.5875,6.3197,6.2126,0.3027,
motion spike zoom=2.5 frame=2 ms=20.2551 stages=5.5012,0.6508,5.891,5.5716,0.3282,
motion spike zoom=2.5 frame=3 ms=23.1721 stages=6.6626,1.0095,7.1863,4.8744,0.3412,
motion spike zoom=2.5 frame=4 ms=22.5419 stages=6.3354,0.5402,5.9156,5.0289,0.325,
motion spike zoom=2.5 frame=5 ms=29.3963 stages=6.4855,0.9493,8.8315,8.4663,0.4264,
motion spike zoom=2.5 frame=6 ms=26.8554 stages=6.8481,0.4987,8.5638,8.5119,0.4659,
motion spike zoom=2.5 frame=7 ms=21.1633 stages=5.7477,0.4777,6.9441,4.9863,0.2937,
motion spike zoom=2.5 frame=8 ms=23.0924 stages=6.1265,0.4635,6.4036,5.1058,0.299,
motion spike zoom=2.5 frame=9 ms=21.4378 stages=6.2774,0.4931,6.7846,5.3449,0.3072,
motion spike zoom=2.5 frame=10 ms=21.5293 stages=5.5591,0.5609,8.1681,5.0149,0.3142,
motion spike zoom=2.5 frame=11 ms=25.8155 stages=10.1509,0.5003,8.1745,5.0367,0.3163,
motion spike zoom=2.5 frame=12 ms=20.8339 stages=6.0991,0.5,6.0995,4.9297,0.3388,
motion spike zoom=2.5 frame=13 ms=21.9016 stages=5.1426,0.9339,6.7031,5.6869,0.3018,
motion spike zoom=2.5 frame=14 ms=22.3862 stages=7.0559,0.485,7.31,5.3419,0.3189,
motion spike zoom=2.5 frame=15 ms=21.2276 stages=6.247,0.471,6.1754,5.6898,0.3255,
motion spike zoom=2.5 frame=16 ms=22.145 stages=6.1099,0.4678,7.1926,4.9427,0.306,
motion spike zoom=2.5 frame=17 ms=23.8482 stages=7.104,0.4628,6.1971,5.044,0.3481,
motion spike zoom=2.5 frame=18 ms=26.8993 stages=7.5495,0.4604,9.0153,7.3458,0.3419,
motion spike zoom=2.5 frame=19 ms=23.2061 stages=7.5578,0.4957,7.8073,5.1124,0.293,
motion spike zoom=2.5 frame=20 ms=24.0504 stages=5.9178,0.4294,7.2978,6.8502,0.3859,
motion spike zoom=2.5 frame=21 ms=21.0098 stages=6.9853,0.4843,6.0288,4.8051,0.2776,
motion spike zoom=2.5 frame=22 ms=23.1975 stages=6.6096,0.4678,7.433,6.5249,0.3583,
motion spike zoom=2.5 frame=23 ms=21.4544 stages=5.3713,0.4584,8.5294,4.4302,0.3495,
motion spike zoom=2.5 frame=24 ms=24.0152 stages=7.8795,0.4788,6.1871,4.6367,0.3074,
motion spike zoom=2.5 frame=25 ms=20.3871 stages=5.1129,0.4847,5.9408,4.5649,0.3006,
motion spike zoom=2.5 frame=28 ms=25.6926 stages=7.5781,0.5136,6.5821,7.4952,0.4224,
foliage tp=41.15 textures=960 visible=682 built=2 fallback=0
motion spike zoom=2.5 frame=29 ms=23.1428 stages=6.0983,0.8853,7.8665,4.9065,0.3651,
motion spike zoom=2.5 frame=30 ms=29.3342 stages=8.6007,0.9336,9.2326,8.0131,0.4067,
motion spike zoom=2.5 frame=31 ms=24.6691 stages=6.6028,0.7639,8.0356,5.6968,0.5293,
motion spike zoom=2.5 frame=65 ms=20.0589 stages=2.2868,0.7466,3.8436,6.5284,0.3183,
motion spike zoom=2.5 frame=67 ms=20.4642 stages=2.4264,0.9534,4.4764,7.314,0.4222,
foliage tp=44.79 textures=985 visible=660 built=0 fallback=0
motion spike zoom=2.5 frame=84 ms=20.7581 stages=3.2843,0.7135,3.7428,5.7359,0.3527,
motion spike zoom=2.5 frame=86 ms=21.3554 stages=2.3011,0.7135,3.9376,6.5209,0.337,
motion spike zoom=2.5 frame=90 ms=20.2951 stages=7.3966,0.5225,2.5861,4.7272,0.3126,
motion spike zoom=2.5 frame=94 ms=20.5372 stages=5.9929,0.509,2.4554,4.5485,0.301,
foliage tp=41.57 textures=985 visible=726 built=0 fallback=0
motion spike zoom=2.5 frame=147 ms=22.1138 stages=10.0347,0.4653,2.1184,3.8626,0.3658,
motion spike zoom=2.5 frame=151 ms=21.3209 stages=8.2936,0.4721,3.329,6.6507,0.3283,
motion spike zoom=2.5 frame=153 ms=20.5901 stages=9.9064,0.4568,2.6895,4.9297,0.3126,
motion spike zoom=2.5 frame=155 ms=24.8164 stages=10.7668,0.4862,3.3735,5.4701,0.3158,
foliage tp=36.10 textures=985 visible=638 built=0 fallback=0
dense forest zoom=2.5 mean=12.2064 worst=24.8164 cold_worst=29.3963 stages=4.49927,0.544853,1.26269,2.71336,0.313368,
first frame zoom=3 ms=18.999 stages=6.2529,0.4259,5.8005,3.7197,0.3031,
motion spike zoom=3 frame=2 ms=21.5059 stages=6.1038,0.4897,7.7494,3.3422,0.2978,
motion spike zoom=3 frame=4 ms=24.7876 stages=11.4059,0.5852,5.1753,3.5215,0.3273,
motion spike zoom=3 frame=6 ms=20.3178 stages=6.1561,0.3705,7.5989,3.6045,0.3112,
motion spike zoom=3 frame=8 ms=20.0527 stages=0.2864,0.5318,9.2155,5.4051,0.3644,
motion spike zoom=3 frame=10 ms=22.2051 stages=5.9755,0.367,5.648,3.4855,0.289,
motion spike zoom=3 frame=11 ms=21.0855 stages=5.7043,0.3645,7.1054,5.2554,0.4708,
motion spike zoom=3 frame=22 ms=21.4652 stages=0.284,0.4863,11.0005,5.7184,0.4169,
motion spike zoom=3 frame=42 ms=20.8943 stages=6.3541,0.4941,2.6433,4.9085,0.311,
motion spike zoom=3 frame=44 ms=22.7276 stages=6.6888,0.7572,4.0646,5.3402,0.3077,
foliage tp=42.34 textures=1023 visible=638 built=0 fallback=0
motion spike zoom=3 frame=92 ms=22.4683 stages=11.4424,0.3957,1.9946,3.7717,0.3167,
foliage tp=45.36 textures=1024 visible=704 built=1 fallback=0
motion spike zoom=3 frame=107 ms=22.0585 stages=7.2986,0.9475,3.8235,6.4383,0.4106,
motion spike zoom=3 frame=115 ms=21.3531 stages=8.6742,0.571,2.8886,5.2047,0.3142,
motion spike zoom=3 frame=118 ms=20.15 stages=6.5734,0.4881,3.5624,6.4789,0.3015,
foliage tp=52.16 textures=1023 visible=660 built=0 fallback=0
motion spike zoom=3 frame=170 ms=22.1252 stages=0.2574,0.4586,8.2589,9.7203,0.8905,
motion spike zoom=3 frame=171 ms=21.3919 stages=3.1507,0.8427,6.5352,7.4191,0.3179,
motion spike zoom=3 frame=172 ms=21.1246 stages=0.428,0.8284,6.0288,9.6695,0.4444,
motion spike zoom=3 frame=178 ms=23.091 stages=5.3722,0.6861,4.6767,8.5773,0.4264,
motion spike zoom=3 frame=179 ms=20.0949 stages=4.677,0.6735,5.4935,8.2129,0.3757,
dense forest zoom=3 mean=12.5437 worst=23.091 cold_worst=24.7876 stages=0.662628,0.468232,3.69128,4.2165,0.326222,
first frame zoom=0.75 ms=12.4294 stages=5.9265,0.0026,3.1686,0.0297,0.334,
motion spike zoom=0.75 frame=13 ms=20.5204 stages=8.1295,0.002,3.9134,0.0194,0.3393,
motion spike zoom=0.75 frame=15 ms=20.6171 stages=9.5056,0.0019,3.9007,0.0163,0.5398,
foliage tp=13.36 textures=1024 visible=704 built=4 fallback=0
foliage tp=12.83 textures=1024 visible=638 built=1 fallback=0
foliage tp=11.11 textures=1024 visible=726 built=1 fallback=0
foliage tp=10.66 textures=1023 visible=638 built=0 fallback=0
dense forest zoom=0.75 mean=6.8993 worst=9.4206 cold_worst=20.6171 stages=5.4879,0.00152167,0.385227,0.01549,0.269212,
Application routing smoke test passed.
